Component: ARM Compiler 5.06 update 6 (build 750) Tool: armlink [4d35ed]

==============================================================================

Section Cross References

    dfu-cc.pb.o(.constdata) refers to dfu-cc.pb.o(.constdata) for dfu_hash_fields
    dfu-cc.pb.o(.constdata) refers to dfu-cc.pb.o(.constdata) for dfu_init_command_is_debug_default
    dfu-cc.pb.o(.constdata) refers to dfu-cc.pb.o(.constdata) for dfu_init_command_fields
    dfu-cc.pb.o(.constdata) refers to dfu-cc.pb.o(.constdata) for dfu_reset_command_fields
    dfu-cc.pb.o(.constdata) refers to dfu-cc.pb.o(.constdata) for dfu_command_fields
    dfu-cc.pb.o(.constdata) refers to dfu-cc.pb.o(.constdata) for dfu_command_fields
    dfu-cc.pb.o(.constdata) refers to dfu-cc.pb.o(.constdata) for dfu_signed_command_fields
    dfu_req_handling.o(i.dfu_decode_commmand) refers to pb_decode.o(i.pb_istream_from_buffer) for pb_istream_from_buffer
    dfu_req_handling.o(i.dfu_decode_commmand) refers to pb_decode.o(i.pb_decode) for pb_decode
    dfu_req_handling.o(i.dfu_decode_commmand) refers to nrf_dfu_settings.o(.bss) for s_dfu_settings
    dfu_req_handling.o(i.dfu_decode_commmand) refers to dfu_req_handling.o(i.pb_decoding_callback) for pb_decoding_callback
    dfu_req_handling.o(i.dfu_decode_commmand) refers to dfu_req_handling.o(.data) for .data
    dfu_req_handling.o(i.dfu_decode_commmand) refers to dfu_req_handling.o(.bss) for .bss
    dfu_req_handling.o(i.dfu_decode_commmand) refers to dfu-cc.pb.o(.constdata) for dfu_packet_fields
    dfu_req_handling.o(i.dfu_handle_prevalidate) refers to nrf_dfu_handling_error.o(i.ext_error_set) for ext_error_set
    dfu_req_handling.o(i.dfu_handle_prevalidate) refers to nrf_crypto_sw_hash.o(i.nrf_crypto_hash_compute) for nrf_crypto_hash_compute
    dfu_req_handling.o(i.dfu_handle_prevalidate) refers to memcpya.o(.text) for __aeabi_memcpy
    dfu_req_handling.o(i.dfu_handle_prevalidate) refers to micro_ecc_lib_ecdsa.o(i.nrf_crypto_ecdsa_verify_hash) for nrf_crypto_ecdsa_verify_hash
    dfu_req_handling.o(i.dfu_handle_prevalidate) refers to nrf_dfu_utils.o(i.nrf_dfu_find_cache) for nrf_dfu_find_cache
    dfu_req_handling.o(i.dfu_handle_prevalidate) refers to nrf_dfu_settings.o(.bss) for s_dfu_settings
    dfu_req_handling.o(i.dfu_handle_prevalidate) refers to dfu_req_handling.o(.constdata) for .constdata
    dfu_req_handling.o(i.dfu_handle_prevalidate) refers to dfu_req_handling.o(.data) for .data
    dfu_req_handling.o(i.nrf_dfu_command_req) refers to app_timer.o(i.app_timer_stop) for app_timer_stop
    dfu_req_handling.o(i.nrf_dfu_command_req) refers to memseta.o(.text) for __aeabi_memclr4
    dfu_req_handling.o(i.nrf_dfu_command_req) refers to memcpya.o(.text) for __aeabi_memcpy
    dfu_req_handling.o(i.nrf_dfu_command_req) refers to crc32.o(i.crc32_compute) for crc32_compute
    dfu_req_handling.o(i.nrf_dfu_command_req) refers to dfu_req_handling.o(i.dfu_decode_commmand) for dfu_decode_commmand
    dfu_req_handling.o(i.nrf_dfu_command_req) refers to dfu_req_handling.o(i.dfu_handle_prevalidate) for dfu_handle_prevalidate
    dfu_req_handling.o(i.nrf_dfu_command_req) refers to nrf_dfu_settings.o(i.nrf_dfu_settings_write) for nrf_dfu_settings_write
    dfu_req_handling.o(i.nrf_dfu_command_req) refers to nrf_dfu_handling_error.o(i.ext_error_set) for ext_error_set
    dfu_req_handling.o(i.nrf_dfu_command_req) refers to nrf_dfu_settings.o(.bss) for s_dfu_settings
    dfu_req_handling.o(i.nrf_dfu_command_req) refers to dfu_req_handling.o(.data) for .data
    dfu_req_handling.o(i.nrf_dfu_command_req) refers to nrf_dfu_utils.o(.constdata) for nrf_dfu_post_sd_bl_timeout_timer_id
    dfu_req_handling.o(i.nrf_dfu_command_req) refers to dfu_req_handling.o(.bss) for .bss
    dfu_req_handling.o(i.nrf_dfu_data_req) refers to dfu_req_handling.o(i.nrf_dfu_data_req_create) for nrf_dfu_data_req_create
    dfu_req_handling.o(i.nrf_dfu_data_req) refers to dfu_req_handling.o(i.nrf_dfu_data_req_write) for nrf_dfu_data_req_write
    dfu_req_handling.o(i.nrf_dfu_data_req) refers to dfu_req_handling.o(i.nrf_dfu_data_req_execute) for nrf_dfu_data_req_execute
    dfu_req_handling.o(i.nrf_dfu_data_req) refers to dfu_req_handling.o(.data) for .data
    dfu_req_handling.o(i.nrf_dfu_data_req) refers to nrf_dfu_settings.o(.bss) for s_dfu_settings
    dfu_req_handling.o(i.nrf_dfu_data_req_create) refers to nrf_dfu_flash.o(i.nrf_dfu_flash_erase) for nrf_dfu_flash_erase
    dfu_req_handling.o(i.nrf_dfu_data_req_create) refers to nrf_dfu_settings.o(.bss) for s_dfu_settings
    dfu_req_handling.o(i.nrf_dfu_data_req_create) refers to dfu_req_handling.o(.data) for .data
    dfu_req_handling.o(i.nrf_dfu_data_req_execute) refers to nrf_dfu_settings.o(i.nrf_dfu_settings_write) for nrf_dfu_settings_write
    dfu_req_handling.o(i.nrf_dfu_data_req_execute) refers to dfu_req_handling.o(i.nrf_dfu_postvalidate) for nrf_dfu_postvalidate
    dfu_req_handling.o(i.nrf_dfu_data_req_execute) refers to nrf_dfu_settings.o(.bss) for s_dfu_settings
[...]
    .constdata                               0x0007cee4   Section       16  nrf_sdh_ble.o(.constdata)
    sdh_ble_observers                        0x0007cee8   Data          12  nrf_sdh_ble.o(.constdata)
    .constdata                               0x0007cef4   Section       16  nrf_sdh_soc.o(.constdata)
    sdh_soc_observers_array                  0x0007cef4   Data          16  nrf_sdh_soc.o(.constdata)
    .constdata                               0x0007cf04   Section       12  nrf_sdh_soc.o(.constdata)
    sdh_soc_observers                        0x0007cf04   Data          12  nrf_sdh_soc.o(.constdata)
    .constdata                               0x0007cf10   Section       36  pb_decode.o(.constdata)
    PB_DECODERS                              0x0007cf10   Data          36  pb_decode.o(.constdata)
    [Anonymous Symbol]                       0x0007cf34   Section        0  uECC.c.o(.rodata.curve_secp256r1)
    curve_secp256r1                          0x0007cf34   Data         176  uECC.c.o(.rodata.curve_secp256r1)
    dfu_trans                                0x0007d004   Section        8  nrf_ble_dfu.o(dfu_trans)
    __tagsym$$used                           0x0007d004   Number         0  nrf_ble_dfu.o(dfu_trans)
    sdh_ble_observers2                       0x0007d00c   Section        8  nrf_ble_dfu.o(sdh_ble_observers2)
    __tagsym$$used                           0x0007d00c   Number         0  nrf_ble_dfu.o(sdh_ble_observers2)
    m_ble_evt_observer                       0x0007d00c   Data           8  nrf_ble_dfu.o(sdh_ble_observers2)
    sdh_req_observers0                       0x0007d014   Section        8  nrf_fstorage_sd.o(sdh_req_observers0)
    __tagsym$$used                           0x0007d014   Number         0  nrf_fstorage_sd.o(sdh_req_observers0)
    sdh_soc_observers0                       0x0007d01c   Section        8  nrf_drv_clock.o(sdh_soc_observers0)
    __tagsym$$used                           0x0007d01c   Number         0  nrf_drv_clock.o(sdh_soc_observers0)
    m_soc_evt_observer                       0x0007d01c   Data           8  nrf_drv_clock.o(sdh_soc_observers0)
    sdh_soc_observers0                       0x0007d024   Section        8  nrf_fstorage_sd.o(sdh_soc_observers0)
    __tagsym$$used                           0x0007d024   Number         0  nrf_fstorage_sd.o(sdh_soc_observers0)
    m_sys_obs                                0x0007d024   Data           8  nrf_fstorage_sd.o(sdh_soc_observers0)
    sdh_stack_observers0                     0x0007d02c   Section        8  nrf_sdh_ble.o(sdh_stack_observers0)
    __tagsym$$used                           0x0007d02c   Number         0  nrf_sdh_ble.o(sdh_stack_observers0)
    m_nrf_sdh_ble_evts_poll                  0x0007d02c   Data           8  nrf_sdh_ble.o(sdh_stack_observers0)
    sdh_stack_observers0                     0x0007d034   Section        8  nrf_sdh_soc.o(sdh_stack_observers0)
    __tagsym$$used                           0x0007d034   Number         0  nrf_sdh_soc.o(sdh_stack_observers0)
    m_nrf_sdh_soc_evts_poll                  0x0007d034   Data           8  nrf_sdh_soc.o(sdh_stack_observers0)
    sdh_state_observers0                     0x0007d03c   Section        8  nrf_drv_clock.o(sdh_state_observers0)
    __tagsym$$used                           0x0007d03c   Number         0  nrf_drv_clock.o(sdh_state_observers0)
    m_sd_state_observer                      0x0007d03c   Data           8  nrf_drv_clock.o(sdh_state_observers0)
    sdh_state_observers0                     0x0007d044   Section        8  nrf_fstorage_sd.o(sdh_state_observers0)
    __tagsym$$used                           0x0007d044   Number         0  nrf_fstorage_sd.o(sdh_state_observers0)
    m_state_obs                              0x0007d044   Data           8  nrf_fstorage_sd.o(sdh_state_observers0)
    .ARM.__AT_0x0007E000                     0x0007e000   Section     4096  nrf_dfu_settings.o(.ARM.__AT_0x0007E000)
    __tagsym$$used                           0x0007e000   Number         0  nrf_dfu_settings.o(.ARM.__AT_0x0007E000)
    .ARM.__AT_0x0007F000                     0x0007f000   Section     4096  nrf_dfu_settings.o(.ARM.__AT_0x0007F000)
    __tagsym$$used                           0x0007f000   Number         0  nrf_dfu_settings.o(.ARM.__AT_0x0007F000)
    .ARM.__AT_0x10001014                     0x10001014   Section        4  nrf_bootloader_info.o(.ARM.__AT_0x10001014)
    .ARM.__AT_0x10001018                     0x10001018   Section        4  nrf_dfu_settings.o(.ARM.__AT_0x10001018)
    __tagsym$$used                           0x10001018   Number         0  nrf_dfu_settings.o(.ARM.__AT_0x10001018)
    .data                                    0x20001ff0   Section       76  dfu_req_handling.o(.data)
    timer_started                            0x20001ff0   Data           1  dfu_req_handling.o(.data)
    cur_obj_type                             0x20001ff1   Data           1  dfu_req_handling.o(.data)
    m_objectexecute_callback_postvalidate    0x20001ff2   Data           1  dfu_req_handling.o(.data)
    m_valid_init_packet_present              0x20001ff3   Data           1  dfu_req_handling.o(.data)
    m_is_dfu_complete_response_sent          0x20001ff4   Data           1  dfu_req_handling.o(.data)
    m_dfu_last_settings_write_started        0x20001ff5   Data           1  dfu_req_handling.o(.data)
    m_data_buf_pos                           0x20001ff8   Data           4  dfu_req_handling.o(.data)
    m_write_buffer_id                        0x20001ffc   Data           4  dfu_req_handling.o(.data)
    m_read_buffer_id                         0x20002000   Data           4  dfu_req_handling.o(.data)
    m_objectexecute_callback_function        0x20002004   Data           4  dfu_req_handling.o(.data)
    m_objectexecute_callback_context         0x20002008   Data           4  dfu_req_handling.o(.data)
    m_firmware_start_addr                    0x2000200c   Data           4  dfu_req_handling.o(.data)
    m_firmware_size_req                      0x20002010   Data           4  dfu_req_handling.o(.data)
    crypto_key_pk                            0x20002014   Data           8  dfu_req_handling.o(.data)
    crypto_sig                               0x2000201c   Data           8  dfu_req_handling.o(.data)
    init_packet_hash                         0x20002024   Data           8  dfu_req_handling.o(.data)
    fw_hash                                  0x2000202c   Data           8  dfu_req_handling.o(.data)
    init_packet_data                         0x20002034   Data           8  dfu_req_handling.o(.data)
    .data                                    0x2000203c   Section        4  system_nrf52.o(.data)
    __tagsym$$used                           0x2000203c   Number         0  system_nrf52.o(.data)
    .data                                    0x20002040   Section       24  nrf_ble_dfu.o(.data)
    m_force_advertising                      0x20002040   Data           1  nrf_ble_dfu.o(.data)
    m_conn_handle                            0x20002042   Data           2  nrf_ble_dfu.o(.data)
    m_pkt_notif_target                       0x20002044   Data           2  nrf_ble_dfu.o(.data)
    m_pkt_notif_target_cnt                   0x20002046   Data           2  nrf_ble_dfu.o(.data)
    m_conn_token                             0x20002048   Data           4  nrf_ble_dfu.o(.data)
    m_flags                                  0x2000204c   Data           4  nrf_ble_dfu.o(.data)
    m_whitelist                              0x20002050   Data           4  nrf_ble_dfu.o(.data)
    m_gap_ids                                0x20002054   Data           4  nrf_ble_dfu.o(.data)
    .data                                    0x20002058   Section        1  nrf_dfu_handling_error.o(.data)
    m_last_error                             0x20002058   Data           1  nrf_dfu_handling_error.o(.data)
    .data                                    0x20002059   Section        1  nrf_dfu_mbr.o(.data)
    sd_initialized                           0x20002059   Data           1  nrf_dfu_mbr.o(.data)
    .data                                    0x2000205c   Section       12  nrf_drv_wdt.o(.data)
    m_state                                  0x2000205c   Data           1  nrf_drv_wdt.o(.data)
    m_wdt_event_handler                      0x20002060   Data           4  nrf_drv_wdt.o(.data)
    m_alloc_index                            0x20002064   Data           4  nrf_drv_wdt.o(.data)
    .data                                    0x20002068   Section       16  app_scheduler.o(.data)
    m_queue_start_index                      0x20002068   Data           1  app_scheduler.o(.data)
    m_queue_end_index                        0x20002069   Data           1  app_scheduler.o(.data)
    m_queue_event_size                       0x2000206a   Data           2  app_scheduler.o(.data)
    m_queue_size                             0x2000206c   Data           2  app_scheduler.o(.data)
    m_queue_event_headers                    0x20002070   Data           4  app_scheduler.o(.data)
    m_queue_event_data                       0x20002074   Data           4  app_scheduler.o(.data)
    .data                                    0x20002078   Section       20  app_timer.o(.data)
    m_ticks_elapsed_q_read_ind               0x20002078   Data           1  app_timer.o(.data)
    m_ticks_elapsed_q_write_ind              0x20002079   Data           1  app_timer.o(.data)
    m_rtc1_running                           0x2000207a   Data           1  app_timer.o(.data)
    m_rtc1_reset                             0x2000207b   Data           1  app_timer.o(.data)
    mp_timer_id_head                         0x2000207c   Data           4  app_timer.o(.data)
    m_ticks_latest                           0x20002080   Data           4  app_timer.o(.data)
    m_ticks_elapsed                          0x20002084   Data           8  app_timer.o(.data)
    .data                                    0x2000208c   Section        4  nrf_fstorage_nvmc.o(.data)
    m_flash_operation_ongoing                0x2000208c   Data           4  nrf_fstorage_nvmc.o(.data)
    .data                                    0x20002090   Section        8  nrf_fstorage_sd.o(.data)
    m_p_cur_op                               0x20002090   Data           4  nrf_fstorage_sd.o(.data)
    m_iget_ctx                               0x20002094   Data           4  nrf_fstorage_sd.o(.data)
    .data                                    0x20002098   Section        3  nrf_sdh.o(.data)
    m_nrf_sdh_enabled                        0x20002098   Data           1  nrf_sdh.o(.data)
    m_nrf_sdh_suspended                      0x20002099   Data           1  nrf_sdh.o(.data)
    m_nrf_sdh_continue                       0x2000209a   Data           1  nrf_sdh.o(.data)
    fs_data                                  0x2000209c   Section       20  nrf_dfu_flash.o(fs_data)
    __tagsym$$used                           0x2000209c   Number         0  nrf_dfu_flash.o(fs_data)
    .bss                                     0x200020b0   Section       32  dfu_req_handling.o(.bss)
    m_reset_timer_data                       0x200020b0   Data          32  dfu_req_handling.o(.bss)
    .bss                                     0x200020d0   Section     5420  dfu_req_handling.o(.bss)
    m_data_buf                               0x200020d0   Data        5120  dfu_req_handling.o(.bss)
    dfu_init_packet                          0x200034d0   Data         300  dfu_req_handling.o(.bss)
    .bss                                     0x200035fc   Section       64  dfu_req_handling.o(.bss)
    crypto_sig_buffer                        0x200035fc   Data          64  dfu_req_handling.o(.bss)
    .bss                                     0x2000363c   Section       32  dfu_req_handling.o(.bss)
    init_packet_hash_buffer                  0x2000363c   Data          32  dfu_req_handling.o(.bss)
    .bss                                     0x2000365c   Section       32  dfu_req_handling.o(.bss)
    fw_hash_buffer                           0x2000365c   Data          32  dfu_req_handling.o(.bss)
    .bss                                     0x2000367c   Section       32  sr3_bootloader.o(.bss)
    sr3_bootloader_keep_alive_timer_data     0x2000367c   Data          32  sr3_bootloader.o(.bss)
    .bss                                     0x2000369c   Section       80  nrf_ble_dfu.o(.bss)
    m_dfu                                    0x2000369c   Data          20  nrf_ble_dfu.o(.bss)
    m_peer_data                              0x200036b0   Data          60  nrf_ble_dfu.o(.bss)
    .bss                                     0x200036ec   Section       32  nrf_dfu.o(.bss)
    nrf_dfu_inactivity_timeout_timer         0x200036ec   Data          32  nrf_dfu.o(.bss)
    .bss                                     0x2000370c   Section      272  nrf_dfu.o(.bss)
    APP_SCHED_BUF                            0x2000370c   Data         272  nrf_dfu.o(.bss)
    .bss                                     0x2000381c   Section     7556  nrf_dfu_settings.o(.bss)
    m_store_buffers                          0x2000381c   Data        7112  nrf_dfu_settings.o(.bss)
    .bss                                     0x200055a0   Section       32  nrf_dfu_utils.o(.bss)
    nrf_dfu_post_sd_bl_timeout_timer         0x200055a0   Data          32  nrf_dfu_utils.o(.bss)
    .bss                                     0x200055c0   Section       20  nrf_drv_clock.o(.bss)
    m_clock_cb                               0x200055c0   Data          20  nrf_drv_clock.o(.bss)
    .bss                                     0x200055d4   Section      268  app_timer.o(.bss)
    m_op_queue                               0x200055d4   Data         268  app_timer.o(.bss)
    .bss                                     0x200056e0   Section       12  app_util_platform.o(.bss)
    .bss                                     0x200056ec   Section     1280  nrf_fstorage_sd.o(.bss)
    m_fifo_data                              0x200056ec   Data        1260  nrf_fstorage_sd.o(.bss)
    m_flags                                  0x20005bd8   Data          20  nrf_fstorage_sd.o(.bss)
    .bss                                     0x20005bec   Section       16  nrf_fstorage_sd.o(.bss)
    m_fifo_inst                              0x20005bec   Data          16  nrf_fstorage_sd.o(.bss)
    STACK                                    0x20005c00   Section     8192  arm_startup_nrf52.o(STACK)

    Global Symbols

    Symbol Name                              Value     Ov Type        Size  Object(Section)

    BuildAttributes$$THM_ISAv4$E$P$D$K$B$S$7EM$VFPi3$EXTD16$VFPS$VFMA$PE$A:L22UL41UL21$X:L11$S22US41US21$IEEE1$IW$USESV6$~STKCKD$USESV7$~SHL$OSPACE$IEEEX$EBA8$MICROLIB$REQ8$PRES8$EABIv2 0x00000000   Number         0  anon$$obj.o ABSOLUTE
    __ARM_use_no_argv                        0x00000000   Number         0  sr3_bootloader.o ABSOLUTE
    __cpp_initialize__aeabi_                  - Undefined Weak Reference
    __cxa_finalize                            - Undefined Weak Reference
    __decompress                              - Undefined Weak Reference
    _clock_init                               - Undefined Weak Reference
    _microlib_exit                            - Undefined Weak Reference
    pwr_mgmt_data0$$Base                      - Undefined Reference
    pwr_mgmt_data0$$Limit                     - Undefined Reference
    pwr_mgmt_data1$$Base                      - Undefined Reference
    pwr_mgmt_data1$$Limit                     - Undefined Reference
    pwr_mgmt_data2$$Base                      - Undefined Reference
    pwr_mgmt_data2$$Limit                     - Undefined Reference
    sdh_ble_observers0$$Base                  - Undefined Reference
    sdh_ble_observers0$$Limit                 - Undefined Reference
    sdh_ble_observers1$$Base                  - Undefined Reference
    sdh_ble_observers1$$Limit                 - Undefined Reference
    sdh_ble_observers3$$Base                  - Undefined Reference
    sdh_ble_observers3$$Limit                 - Undefined Reference
    sdh_req_observers1$$Base                  - Undefined Reference
    sdh_req_observers1$$Limit                 - Undefined Reference
    sdh_soc_observers1$$Base                  - Undefined Reference
    sdh_soc_observers1$$Limit                 - Undefined Reference
    sdh_stack_observers1$$Base                - Undefined Reference
    sdh_stack_observers1$$Limit               - Undefined Reference
    sdh_state_observers1$$Base                - Undefined Reference
    sdh_state_observers1$$Limit               - Undefined Reference
    __Vectors_Size                           0x00000200   Number         0  arm_startup_nrf52.o ABSOLUTE
    Image$$ER_IROM1$$Base                    0x00077000   Number         0  anon$$obj.o ABSOLUTE
    __Vectors                                0x00077000   Data           4  arm_startup_nrf52.o(RESET)
    __Vectors_End                            0x00077200   Data           0  arm_startup_nrf52.o(RESET)
    __main                                   0x00077201   Thumb Code     0  entry.o(.ARM.Collect$$$$00000000)
    _main_stk                                0x00077201   Thumb Code     0  entry2.o(.ARM.Collect$$$$00000001)
    _main_scatterload                        0x00077205   Thumb Code     0  entry5.o(.ARM.Collect$$$$00000004)
    __main_after_scatterload                 0x00077209   Thumb Code     0  entry5.o(.ARM.Collect$$$$00000004)
    _main_clock                              0x00077209   Thumb Code     0  entry7b.o(.ARM.Collect$$$$00000008)
    _main_cpp_init                           0x00077209   Thumb Code     0  entry8b.o(.ARM.Collect$$$$0000000A)
    _main_init                               0x00077209   Thumb Code     0  entry9a.o(.ARM.Collect$$$$0000000B)
    __rt_final_cpp                           0x00077211   Thumb Code     0  entry10a.o(.ARM.Collect$$$$0000000D)
    __rt_final_exit                          0x00077211   Thumb Code     0  entry11a.o(.ARM.Collect$$$$0000000F)
    nrf_bootloader_app_start_impl            0x00077215   Thumb Code    64  nrf_bootloader_app_start_asm.o(.emb_text)
    HardFault_Handler                        0x00077255   Thumb Code    40  hardfault_handler_keil.o(.emb_text)
    __asm___12_nrf_atfifo_c_51f461e1__nrf_atfifo_wspace_req 0x00077289   Thumb Code    56  nrf_atfifo.o(.emb_text)
    __asm___12_nrf_atfifo_c_51f461e1__nrf_atfifo_wspace_close 0x000772c1   Thumb Code    18  nrf_atfifo.o(.emb_text)
    __asm___12_nrf_atfifo_c_51f461e1__nrf_atfifo_rspace_req 0x000772d3   Thumb Code    58  nrf_atfifo.o(.emb_text)
    __asm___12_nrf_atfifo_c_51f461e1__nrf_atfifo_rspace_close 0x0007730d   Thumb Code    18  nrf_atfifo.o(.emb_text)
    __asm___12_nrf_atfifo_c_51f461e1__nrf_atfifo_space_clear 0x0007731f   Thumb Code    50  nrf_atfifo.o(.emb_text)
    __asm___19_nrf_fstorage_nvmc_c_c074401a__nrf_atomic_internal_mov 0x00077351   Thumb Code    24  nrf_fstorage_nvmc.o(.emb_text)
    __asm___19_nrf_fstorage_nvmc_c_c074401a__nrf_atomic_internal_orr 0x00077369   Thumb Code    26  nrf_fstorage_nvmc.o(.emb_text)
    __asm___19_nrf_fstorage_nvmc_c_c074401a__nrf_atomic_internal_and 0x00077383   Thumb Code    26  nrf_fstorage_nvmc.o(.emb_text)
    __asm___19_nrf_fstorage_nvmc_c_c074401a__nrf_atomic_internal_eor 0x0007739d   Thumb Code    26  nrf_fstorage_nvmc.o(.emb_text)
    __asm___19_nrf_fstorage_nvmc_c_c074401a__nrf_atomic_internal_add 0x000773b7   Thumb Code    26  nrf_fstorage_nvmc.o(.emb_text)
    __asm___19_nrf_fstorage_nvmc_c_c074401a__nrf_atomic_internal_sub 0x000773d1   Thumb Code    26  nrf_fstorage_nvmc.o(.emb_text)
    __asm___17_nrf_fstorage_sd_c_6e7dbfe9__nrf_atomic_internal_mov 0x000773ed   Thumb Code    24  nrf_fstorage_sd.o(.emb_text)
    __asm___17_nrf_fstorage_sd_c_6e7dbfe9__nrf_atomic_internal_orr 0x00077405   Thumb Code    26  nrf_fstorage_sd.o(.emb_text)
    __asm___17_nrf_fstorage_sd_c_6e7dbfe9__nrf_atomic_internal_and 0x0007741f   Thumb Code    26  nrf_fstorage_sd.o(.emb_text)
    __asm___17_nrf_fstorage_sd_c_6e7dbfe9__nrf_atomic_internal_eor 0x00077439   Thumb Code    26  nrf_fstorage_sd.o(.emb_text)
    __asm___17_nrf_fstorage_sd_c_6e7dbfe9__nrf_atomic_internal_add 0x00077453   Thumb Code    26  nrf_fstorage_sd.o(.emb_text)
    __asm___17_nrf_fstorage_sd_c_6e7dbfe9__nrf_atomic_internal_sub 0x0007746d   Thumb Code    26  nrf_fstorage_sd.o(.emb_text)
    Reset_Handler                            0x00077489   Thumb Code     8  arm_startup_nrf52.o(.text)
    NMI_Handler                              0x00077491   Thumb Code     2  arm_startup_nrf52.o(.text)
    MemoryManagement_Handler                 0x00077495   Thumb Code     2  arm_startup_nrf52.o(.text)
    BusFault_Handler                         0x00077497   Thumb Code     2  arm_startup_nrf52.o(.text)
    UsageFault_Handler                       0x00077499   Thumb Code     2  arm_startup_nrf52.o(.text)
    SVC_Handler                              0x0007749b   Thumb Code     2  arm_startup_nrf52.o(.text)
    DebugMon_Handler                         0x0007749d   Thumb Code     2  arm_startup_nrf52.o(.text)
    PendSV_Handler                           0x0007749f   Thumb Code     2  arm_startup_nrf52.o(.text)
    SysTick_Handler                          0x000774a1   Thumb Code     2  arm_startup_nrf52.o(.text)
    CCM_AAR_IRQHandler                       0x000774a3   Thumb Code     0  arm_startup_nrf52.o(.text)
    COMP_LPCOMP_IRQHandler                   0x000774a3   Thumb Code     0  arm_startup_nrf52.o(.text)
    ECB_IRQHandler                           0x000774a3   Thumb Code     0  arm_startup_nrf52.o(.text)
    FPU_IRQHandler                           0x000774a3   Thumb Code     0  arm_startup_nrf52.o(.text)
    GPIOTE_IRQHandler                        0x000774a3   Thumb Code     0  arm_startup_nrf52.o(.text)
    I2S_IRQHandler                           0x000774a3   Thumb Code     0  arm_startup_nrf52.o(.text)
    MWU_IRQHandler                           0x000774a3   Thumb Code     0  arm_startup_nrf52.o(.text)
    NFCT_IRQHandler                          0x000774a3   Thumb Code     0  arm_startup_nrf52.o(.text)
    PDM_IRQHandler                           0x000774a3   Thumb Code     0  arm_startup_nrf52.o(.text)
    PWM0_IRQHandler                          0x000774a3   Thumb Code     0  arm_startup_nrf52.o(.text)
    PWM1_IRQHandler                          0x000774a3   Thumb Code     0  arm_startup_nrf52.o(.text)
    PWM2_IRQHandler                          0x000774a3   Thumb Code     0  arm_startup_nrf52.o(.text)
    QDEC_IRQHandler                          0x000774a3   Thumb Code     0  arm_startup_nrf52.o(.text)
    RADIO_IRQHandler                         0x000774a3   Thumb Code     0  arm_startup_nrf52.o(.text)
    RNG_IRQHandler                           0x000774a3   Thumb Code     0  arm_startup_nrf52.o(.text)
    RTC0_IRQHandler                          0x000774a3   Thumb Code     0  arm_startup_nrf52.o(.text)
    RTC2_IRQHandler                          0x000774a3   Thumb Code     0  arm_startup_nrf52.o(.text)
    SAADC_IRQHandler                         0x000774a3   Thumb Code     0  arm_startup_nrf52.o(.text)
    SPIM0_SPIS0_TWIM0_TWIS0_SPI0_TWI0_IRQHandler 0x000774a3   Thumb Code     0  arm_startup_nrf52.o(.text)
    SPIM1_SPIS1_TWIM1_TWIS1_SPI1_TWI1_IRQHandler 0x000774a3   Thumb Code     0  arm_startup_nrf52.o(.text)
    SPIM2_SPIS2_SPI2_IRQHandler              0x000774a3   Thumb Code     0  arm_startup_nrf52.o(.text)
    SWI1_EGU1_IRQHandler                     0x000774a3   Thumb Code     0  arm_startup_nrf52.o(.text)
    SWI3_EGU3_IRQHandler                     0x000774a3   Thumb Code     0  arm_startup_nrf52.o(.text)
    SWI4_EGU4_IRQHandler                     0x000774a3   Thumb Code     0  arm_startup_nrf52.o(.text)
    SWI5_EGU5_IRQHandler                     0x000774a3   Thumb Code     0  arm_startup_nrf52.o(.text)
    TEMP_IRQHandler                          0x000774a3   Thumb Code     0  arm_startup_nrf52.o(.text)
    TIMER0_IRQHandler                        0x000774a3   Thumb Code     0  arm_startup_nrf52.o(.text)
    TIMER1_IRQHandler                        0x000774a3   Thumb Code     0  arm_startup_nrf52.o(.text)
    TIMER2_IRQHandler                        0x000774a3   Thumb Code     0  arm_startup_nrf52.o(.text)
    TIMER3_IRQHandler                        0x000774a3   Thumb Code     0  arm_startup_nrf52.o(.text)
    TIMER4_IRQHandler                        0x000774a3   Thumb Code     0  arm_startup_nrf52.o(.text)
    UARTE0_UART0_IRQHandler                  0x000774a3   Thumb Code     0  arm_startup_nrf52.o(.text)
    __aeabi_llsl                             0x000774ad   Thumb Code    30  llshl.o(.text)
    _ll_shift_l                              0x000774ad   Thumb Code     0  llshl.o(.text)
    __aeabi_memcpy                           0x000774cb   Thumb Code    36  memcpya.o(.text)
    __aeabi_memcpy4                          0x000774cb   Thumb Code     0  memcpya.o(.text)
    __aeabi_memcpy8                          0x000774cb   Thumb Code     0  memcpya.o(.text)
    __aeabi_memset                           0x000774ef   Thumb Code    14  memseta.o(.text)
    __aeabi_memset4                          0x000774ef   Thumb Code     0  memseta.o(.text)
    __aeabi_memset8                          0x000774ef   Thumb Code     0  memseta.o(.text)
    __aeabi_memclr                           0x000774fd   Thumb Code     4  memseta.o(.text)
    __aeabi_memclr4                          0x000774fd   Thumb Code     0  memseta.o(.text)
    __aeabi_memclr8                          0x000774fd   Thumb Code     0  memseta.o(.text)
    memset                                   0x00077501   Thumb Code    18  memseta.o(.text)
    memcmp                                   0x00077513   Thumb Code    26  memcmp.o(.text)
    __scatterload                            0x0007752d   Thumb Code    28  init.o(.text)
    __scatterload_rt2                        0x0007752d   Thumb Code     0  init.o(.text)
    uECC_secp256r1                           0x00077841   Thumb Code     8  uECC.c.o(.text.uECC_secp256r1)
    uECC_verify                              0x00077849   Thumb Code   724  uECC.c.o(.text.uECC_verify)
    uECC_vli_add                             0x00077b21   Thumb Code    88  uECC.c.o(.text.uECC_vli_add)
    uECC_vli_clear                           0x00077b79   Thumb Code    24  uECC.c.o(.text.uECC_vli_clear)
    uECC_vli_equal                           0x00077bbb   Thumb Code    42  uECC.c.o(.text.uECC_vli_equal)
    uECC_vli_isZero                          0x00077be5   Thumb Code    30  uECC.c.o(.text.uECC_vli_isZero)
    uECC_vli_mmod                            0x00077c05   Thumb Code   316  uECC.c.o(.text.uECC_vli_mmod)
    uECC_vli_modAdd                          0x00077d41   Thumb Code    50  uECC.c.o(.text.uECC_vli_modAdd)
    uECC_vli_modInv                          0x00077d73   Thumb Code   268  uECC.c.o(.text.uECC_vli_modInv)
    uECC_vli_modMult                         0x00077e7f   Thumb Code    36  uECC.c.o(.text.uECC_vli_modMult)
    uECC_vli_modMult_fast                    0x00077ea3   Thumb Code    32  uECC.c.o(.text.uECC_vli_modMult_fast)
    uECC_vli_modSquare_fast                  0x00077ec3   Thumb Code    32  uECC.c.o(.text.uECC_vli_modSquare_fast)
    uECC_vli_modSub                          0x00077ee3   Thumb Code    36  uECC.c.o(.text.uECC_vli_modSub)
    uECC_vli_mult                            0x00077f07   Thumb Code   786  uECC.c.o(.text.uECC_vli_mult)
    uECC_vli_numBits                         0x00078219   Thumb Code    68  uECC.c.o(.text.uECC_vli_numBits)
    uECC_vli_rshift1                         0x0007825d   Thumb Code    26  uECC.c.o(.text.uECC_vli_rshift1)
    uECC_vli_set                             0x00078277   Thumb Code    26  uECC.c.o(.text.uECC_vli_set)
    uECC_vli_square                          0x00078291   Thumb Code   652  uECC.c.o(.text.uECC_vli_square)
    uECC_vli_sub                             0x00078521   Thumb Code    94  uECC.c.o(.text.uECC_vli_sub)
    uECC_vli_testBit                         0x00078581   Thumb Code    18  uECC.c.o(.text.uECC_vli_testBit)
    HardFault_c_handler                      0x000787d9   Thumb Code     4  hardfault_implementation.o(i.HardFault_c_handler)
    HardFault_process                        0x000787dd   Thumb Code    26  hardfault_implementation.o(i.HardFault_process)
    POWER_CLOCK_IRQHandler                   0x00078889   Thumb Code    84  nrf_drv_clock.o(i.POWER_CLOCK_IRQHandler)
    RTC1_IRQHandler                          0x000788e1   Thumb Code    32  app_timer.o(i.RTC1_IRQHandler)
    SWI0_EGU0_IRQHandler                     0x00078905   Thumb Code     4  app_timer.o(i.SWI0_EGU0_IRQHandler)
    SWI2_EGU2_IRQHandler                     0x00078909   Thumb Code    26  nrf_sdh.o(i.SWI2_EGU2_IRQHandler)
    SystemInit                               0x00078929   Thumb Code   610  system_nrf52.o(i.SystemInit)
    WDT_IRQHandler                           0x00078bc1   Thumb Code    38  nrf_drv_wdt.o(i.WDT_IRQHandler)
    __scatterload_copy                       0x00078bf5   Thumb Code    14  handlers.o(i.__scatterload_copy)
    __scatterload_null                       0x00078c03   Thumb Code     2  handlers.o(i.__scatterload_null)
    __scatterload_zeroinit                   0x00078c05   Thumb Code    14  handlers.o(i.__scatterload_zeroinit)
    app_error_fault_handler                  0x00078d45   Thumb Code     4  sr3_bootloader.o(i.app_error_fault_handler)
    app_error_handler_bare                   0x00078d49   Thumb Code     4  sr3_bootloader.o(i.app_error_handler_bare)
    app_sched_event_put                      0x00078d4d   Thumb Code   154  app_scheduler.o(i.app_sched_event_put)
    app_sched_execute                        0x00078ded   Thumb Code    58  app_scheduler.o(i.app_sched_execute)
    app_sched_init                           0x00078e2d   Thumb Code    40  app_scheduler.o(i.app_sched_init)
    app_timer_create                         0x00078e59   Thumb Code    36  app_timer.o(i.app_timer_create)
    app_timer_init                           0x00078e81   Thumb Code    70  app_timer.o(i.app_timer_init)
    app_timer_start                          0x00078ed5   Thumb Code   128  app_timer.o(i.app_timer_start)
    app_timer_stop                           0x00078f5d   Thumb Code    26  app_timer.o(i.app_timer_stop)
    app_util_critical_region_enter           0x00078f7d   Thumb Code    64  app_util_platform.o(i.app_util_critical_region_enter)
    app_util_critical_region_exit            0x00078fc5   Thumb Code    46  app_util_platform.o(i.app_util_critical_region_exit)
    ble_srv_is_notification_enabled          0x000792b5   Thumb Code     8  ble_srv_common.o(i.ble_srv_is_notification_enabled)
    crc32_compute                            0x00079449   Thumb Code    54  crc32.o(i.crc32_compute)
    dfu_fstorage_evt_handler                 0x000796e5   Thumb Code    10  nrf_dfu_flash.o(i.dfu_fstorage_evt_handler)
    drv_board_init                           0x00079921   Thumb Code    78  drv_board.o(i.drv_board_init)
    ext_error_get                            0x00079acd   Thumb Code    10  nrf_dfu_handling_error.o(i.ext_error_get)
    ext_error_set                            0x00079add   Thumb Code     8  nrf_dfu_handling_error.o(i.ext_error_set)
    main                                     0x00079d31   Thumb Code    12  sr3_bootloader.o(i.main)
    nrf_atfifo_clear                         0x00079d3d   Thumb Code    16  nrf_atfifo.o(i.nrf_atfifo_clear)
    nrf_atfifo_init                          0x00079d4d   Thumb Code    38  nrf_atfifo.o(i.nrf_atfifo_init)
    nrf_atfifo_item_alloc                    0x00079d73   Thumb Code    22  nrf_atfifo.o(i.nrf_atfifo_item_alloc)
    nrf_atfifo_item_free                     0x00079d89   Thumb Code    22  nrf_atfifo.o(i.nrf_atfifo_item_free)
    nrf_atfifo_item_get                      0x00079d9f   Thumb Code    22  nrf_atfifo.o(i.nrf_atfifo_item_get)
    nrf_atfifo_item_put                      0x00079db5   Thumb Code    22  nrf_atfifo.o(i.nrf_atfifo_item_put)
    nrf_bootloader_app_start                 0x00079de5   Thumb Code    46  nrf_bootloader_app_start.o(i.nrf_bootloader_app_start)
    nrf_bootloader_init                      0x00079e13   Thumb Code    16  nrf_bootloader.o(i.nrf_bootloader_init)
    nrf_crypto_ecdsa_sizes_get               0x00079e41   Thumb Code   120  nrf_crypto_ecdsa.o(i.nrf_crypto_ecdsa_sizes_get)
    nrf_crypto_ecdsa_verify_hash             0x00079eb9   Thumb Code   146  micro_ecc_lib_ecdsa.o(i.nrf_crypto_ecdsa_verify_hash)
    nrf_crypto_hash_compute                  0x00079f4d   Thumb Code   110  nrf_crypto_sw_hash.o(i.nrf_crypto_hash_compute)
    nrf_crypto_hash_finalize                 0x00079fc1   Thumb Code    70  nrf_crypto_sw_hash.o(i.nrf_crypto_hash_finalize)
    nrf_crypto_hash_init                     0x0007a007   Thumb Code    40  nrf_crypto_sw_hash.o(i.nrf_crypto_hash_init)
    nrf_crypto_hash_size_get                 0x0007a02f   Thumb Code    46  nrf_crypto_hash.o(i.nrf_crypto_hash_size_get)
    nrf_crypto_hash_update                   0x0007a05d   Thumb Code    24  nrf_crypto_sw_hash.o(i.nrf_crypto_hash_update)
    nrf_dfu_app_is_valid                     0x0007a2d5   Thumb Code    44  nrf_dfu_utils.o(i.nrf_dfu_app_is_valid)
    nrf_dfu_continue                         0x0007a489   Thumb Code    46  nrf_dfu_utils.o(i.nrf_dfu_continue)
    nrf_dfu_find_cache                       0x0007a8c1   Thumb Code    90  nrf_dfu_utils.o(i.nrf_dfu_find_cache)
    nrf_dfu_flash_erase                      0x0007a921   Thumb Code    12  nrf_dfu_flash.o(i.nrf_dfu_flash_erase)
    nrf_dfu_flash_init                       0x0007a931   Thumb Code    16  nrf_dfu_flash.o(i.nrf_dfu_flash_init)
    nrf_dfu_flash_store                      0x0007a94d   Thumb Code    18  nrf_dfu_flash.o(i.nrf_dfu_flash_store)
    nrf_dfu_init                             0x0007a9c9   Thumb Code   248  nrf_dfu.o(i.nrf_dfu_init)
    nrf_dfu_init_user                        0x0007aad9   Thumb Code     4  nrf_bootloader.o(i.nrf_dfu_init_user)
    nrf_dfu_mbr_compare                      0x0007aae9   Thumb Code    36  nrf_dfu_mbr.o(i.nrf_dfu_mbr_compare)
    nrf_dfu_mbr_copy_bl                      0x0007ab11   Thumb Code    34  nrf_dfu_mbr.o(i.nrf_dfu_mbr_copy_bl)
    nrf_dfu_mbr_copy_sd                      0x0007ab35   Thumb Code    34  nrf_dfu_mbr.o(i.nrf_dfu_mbr_copy_sd)
    nrf_dfu_mbr_init_sd                      0x0007ab5d   Thumb Code    36  nrf_dfu_mbr.o(i.nrf_dfu_mbr_init_sd)
    nrf_dfu_req_handler_init                 0x0007ad3d   Thumb Code    70  dfu_req_handling.o(i.nrf_dfu_req_handler_init)
    nrf_dfu_req_handler_on_req               0x0007ad8d   Thumb Code   148  dfu_req_handling.o(i.nrf_dfu_req_handler_on_req)
    nrf_dfu_req_handler_reset_if_dfu_complete 0x0007ae29   Thumb Code    14  dfu_req_handling.o(i.nrf_dfu_req_handler_reset_if_dfu_complete)
    nrf_dfu_reset_timeout_handler            0x0007ae3d   Thumb Code    66  nrf_dfu_utils.o(i.nrf_dfu_reset_timeout_handler)
    nrf_dfu_settings_init                    0x0007af3d   Thumb Code    92  nrf_dfu_settings.o(i.nrf_dfu_settings_init)
    nrf_dfu_settings_shared_data_erase       0x0007afa5   Thumb Code    38  nrf_dfu_settings_svci.o(i.nrf_dfu_settings_shared_data_erase)
    nrf_dfu_settings_shared_data_is_valid    0x0007afd1   Thumb Code    28  nrf_dfu_settings_svci.o(i.nrf_dfu_settings_shared_data_is_valid)
    nrf_dfu_settings_write                   0x0007b009   Thumb Code   122  nrf_dfu_settings.o(i.nrf_dfu_settings_write)
    nrf_dfu_transports_close                 0x0007b091   Thumb Code    36  nrf_dfu_transport.o(i.nrf_dfu_transports_close)
    nrf_dfu_transports_init                  0x0007b0bd   Thumb Code    42  nrf_dfu_transport.o(i.nrf_dfu_transports_init)
    nrf_drv_clock_init                       0x0007b0f1   Thumb Code    64  nrf_drv_clock.o(i.nrf_drv_clock_init)
    nrf_drv_clock_lfclk_release              0x0007b139   Thumb Code    40  nrf_drv_clock.o(i.nrf_drv_clock_lfclk_release)
    nrf_drv_clock_lfclk_request              0x0007b165   Thumb Code    96  nrf_drv_clock.o(i.nrf_drv_clock_lfclk_request)
    nrf_drv_common_irq_enable                0x0007b1cd   Thumb Code    56  nrf_drv_common.o(i.nrf_drv_common_irq_enable)
    nrf_fstorage_erase                       0x0007b205   Thumb Code    78  nrf_fstorage.o(i.nrf_fstorage_erase)
    nrf_fstorage_init                        0x0007b253   Thumb Code    16  nrf_fstorage.o(i.nrf_fstorage_init)
    nrf_fstorage_is_busy                     0x0007b265   Thumb Code    70  nrf_fstorage.o(i.nrf_fstorage_is_busy)
    nrf_fstorage_sdh_req_handler             0x0007b2b5   Thumb Code    18  nrf_fstorage_sd.o(i.nrf_fstorage_sdh_req_handler)
    nrf_fstorage_sdh_state_handler           0x0007b2cd   Thumb Code    28  nrf_fstorage_sd.o(i.nrf_fstorage_sdh_state_handler)
    nrf_fstorage_sys_evt_handler             0x0007b2ed   Thumb Code   150  nrf_fstorage_sd.o(i.nrf_fstorage_sys_evt_handler)
    nrf_fstorage_write                       0x0007b391   Thumb Code   102  nrf_fstorage.o(i.nrf_fstorage_write)
    nrf_nvmc_page_erase                      0x0007b425   Thumb Code    40  nrf_nvmc.o(i.nrf_nvmc_page_erase)
    nrf_nvmc_write_words                     0x0007b455   Thumb Code    58  nrf_nvmc.o(i.nrf_nvmc_write_words)
    nrf_sdh_ble_app_ram_start_get            0x0007b499   Thumb Code    16  nrf_sdh_ble.o(i.nrf_sdh_ble_app_ram_start_get)
    nrf_sdh_ble_enable                       0x0007b4ad   Thumb Code     4  nrf_sdh_ble.o(i.nrf_sdh_ble_enable)
    nrf_sdh_disable_request                  0x0007b501   Thumb Code    54  nrf_sdh.o(i.nrf_sdh_disable_request)
    nrf_sdh_enable_request                   0x0007b53d   Thumb Code    96  nrf_sdh.o(i.nrf_sdh_enable_request)
    nrf_sdh_evts_poll                        0x0007b5a9   Thumb Code    32  nrf_sdh.o(i.nrf_sdh_evts_poll)
    nrf_sdh_is_enabled                       0x0007b5cd   Thumb Code     6  nrf_sdh.o(i.nrf_sdh_is_enabled)
    nrf_sdh_request_continue                 0x0007b5d9   Thumb Code    22  nrf_sdh.o(i.nrf_sdh_request_continue)
    nrf_section_iter_init                    0x0007b631   Thumb Code    10  nrf_section_iter.o(i.nrf_section_iter_init)
    nrf_section_iter_next                    0x0007b65f   Thumb Code    32  nrf_section_iter.o(i.nrf_section_iter_next)
    pb_decode                                0x0007b9b5   Thumb Code    30  pb_decode.o(i.pb_decode)
    pb_decode_fixed32                        0x0007b9d3   Thumb Code    32  pb_decode.o(i.pb_decode_fixed32)
    pb_decode_fixed64                        0x0007b9f3   Thumb Code    92  pb_decode.o(i.pb_decode_fixed64)
    pb_decode_noinit                         0x0007ba51   Thumb Code   390  pb_decode.o(i.pb_decode_noinit)
    pb_decode_svarint                        0x0007bbd7   Thumb Code    58  pb_decode.o(i.pb_decode_svarint)
    pb_decode_tag                            0x0007bc11   Thumb Code    66  pb_decode.o(i.pb_decode_tag)
    pb_decode_varint                         0x0007bc53   Thumb Code    74  pb_decode.o(i.pb_decode_varint)
    pb_field_iter_begin                      0x0007bd0d   Thumb Code    34  pb_common.o(i.pb_field_iter_begin)
    pb_field_iter_find                       0x0007bd2f   Thumb Code    46  pb_common.o(i.pb_field_iter_find)
    pb_field_iter_next                       0x0007bd5d   Thumb Code   128  pb_common.o(i.pb_field_iter_next)
    pb_istream_from_buffer                   0x0007be81   Thumb Code    14  pb_decode.o(i.pb_istream_from_buffer)
    pb_make_string_substream                 0x0007be95   Thumb Code    54  pb_decode.o(i.pb_make_string_substream)
    pb_read                                  0x0007bef1   Thumb Code    84  pb_decode.o(i.pb_read)
    pb_skip_field                            0x0007bf69   Thumb Code    90  pb_decode.o(i.pb_skip_field)
    sha256_final                             0x0007c41d   Thumb Code   272  sha256.o(i.sha256_final)
    sha256_init                              0x0007c52d   Thumb Code    50  sha256.o(i.sha256_init)
    sha256_transform                         0x0007c581   Thumb Code   294  sha256.o(i.sha256_transform)
    sha256_update                            0x0007c6ad   Thumb Code    84  sha256.o(i.sha256_update)
    sr3_bootloader_board_init                0x0007c795   Thumb Code     4  sr3_bootloader.o(i.sr3_bootloader_board_init)
    sr3_bootloader_keep_alive_timer_init     0x0007c79d   Thumb Code    46  sr3_bootloader.o(i.sr3_bootloader_keep_alive_timer_init)
    sr3_bootloader_watchdog_feed             0x0007c7d5   Thumb Code    48  sr3_bootloader.o(i.sr3_bootloader_watchdog_feed)
    pk                                       0x0007cb24   Data          64  bootloader_key.o(.constdata)
    dfu_init_command_is_debug_default        0x0007cb64   Data           1  dfu-cc.pb.o(.constdata)
    dfu_hash_fields                          0x0007cb68   Data          36  dfu-cc.pb.o(.constdata)
    dfu_init_command_fields                  0x0007cb8c   Data         120  dfu-cc.pb.o(.constdata)
    dfu_reset_command_fields                 0x0007cc04   Data          24  dfu-cc.pb.o(.constdata)
    dfu_command_fields                       0x0007cc1c   Data          48  dfu-cc.pb.o(.constdata)
    dfu_signed_command_fields                0x0007cc4c   Data          48  dfu-cc.pb.o(.constdata)
    dfu_packet_fields                        0x0007cc7c   Data          36  dfu-cc.pb.o(.constdata)
    nrf_dfu_inactivity_timeout_timer_id      0x0007ccc0   Data           4  nrf_dfu.o(.constdata)
    nrf_dfu_post_sd_bl_timeout_timer_id      0x0007cd04   Data           4  nrf_dfu_utils.o(.constdata)
    nrf_fstorage_nvmc                        0x0007cd1c   Data          32  nrf_fstorage_nvmc.o(.constdata)
    nrf_fstorage_sd                          0x0007cd4c   Data          32  nrf_fstorage_sd.o(.constdata)
    m_ram_start                              0x0007cee4   Data           4  nrf_sdh_ble.o(.constdata)
    Region$$Table$$Base                      0x0007cfe4   Number         0  anon$$obj.o(Region$$Table)
    Region$$Table$$Limit                     0x0007d004   Number         0  anon$$obj.o(Region$$Table)
    dfu_trans                                0x0007d004   Data           8  nrf_ble_dfu.o(dfu_trans)
    dfu_trans$$Base                          0x0007d004   Number         0  nrf_ble_dfu.o(dfu_trans)
    dfu_trans$$Limit                         0x0007d00c   Number         0  nrf_ble_dfu.o(dfu_trans)
    sdh_ble_observers2$$Base                 0x0007d00c   Number         0  nrf_ble_dfu.o(sdh_ble_observers2)
    m_req_obs                                0x0007d014   Data           8  nrf_fstorage_sd.o(sdh_req_observers0)
    sdh_ble_observers2$$Limit                0x0007d014   Number         0  nrf_ble_dfu.o(sdh_ble_observers2)
    sdh_req_observers0$$Base                 0x0007d014   Number         0  nrf_fstorage_sd.o(sdh_req_observers0)
    sdh_req_observers0$$Limit                0x0007d01c   Number         0  nrf_fstorage_sd.o(sdh_req_observers0)
    sdh_soc_observers0$$Base                 0x0007d01c   Number         0  nrf_drv_clock.o(sdh_soc_observers0)
    sdh_soc_observers0$$Limit                0x0007d02c   Number         0  nrf_fstorage_sd.o(sdh_soc_observers0)
    sdh_stack_observers0$$Base               0x0007d02c   Number         0  nrf_sdh_ble.o(sdh_stack_observers0)
    sdh_stack_observers0$$Limit              0x0007d03c   Number         0  nrf_sdh_soc.o(sdh_stack_observers0)
    sdh_state_observers0$$Base               0x0007d03c   Number         0  nrf_drv_clock.o(sdh_state_observers0)
    sdh_state_observers0$$Limit              0x0007d04c   Number         0  nrf_fstorage_sd.o(sdh_state_observers0)
    m_mbr_params_page                        0x0007e000   Data        4096  nrf_dfu_settings.o(.ARM.__AT_0x0007E000)
    m_dfu_settings_buffer                    0x0007f000   Data        4096  nrf_dfu_settings.o(.ARM.__AT_0x0007F000)
    m_uicr_bootloader_start_address          0x10001014   Data           4  nrf_bootloader_info.o(.ARM.__AT_0x10001014)
    m_uicr_mbr_params_page_address           0x10001018   Data           4  nrf_dfu_settings.o(.ARM.__AT_0x10001018)
    Image$$RW_IRAM1$$Base                    0x20001ff0   Number         0  anon$$obj.o ABSOLUTE
    SystemCoreClock                          0x2000203c   Data           4  system_nrf52.o(.data)
    fs_data$$Base                            0x2000209c   Number         0  nrf_dfu_flash.o(fs_data)
    m_fs                                     0x2000209c   Data          20  nrf_dfu_flash.o(fs_data)
    fs_data$$Limit                           0x200020b0   Number         0  nrf_dfu_flash.o(fs_data)
    s_dfu_settings                           0x200053e4   Data         444  nrf_dfu_settings.o(.bss)
    nrf_nvic_state                           0x200056e0   Data          12  app_util_platform.o(.bss)
    STACK$$Base                              0x20005c00   Number         0  arm_startup_nrf52.o(STACK)
    STACK$$Limit                             0x20007c00   Number         0  arm_startup_nrf52.o(STACK)
    __initial_sp                             0x20007c00   Data           0  arm_startup_nrf52.o(STACK)



==============================================================================

Memory Map of the image

  Image Entry point : 0x00077201

  Load Region LR_IROM1 (Base: 0x00077000, Size: 0x0000610c, Max: 0x00007000, ABSOLUTE)

    Execution Region ER_IROM1 (Exec base: 0x00077000, Load base: 0x00077000, Size: 0x0000604c, Max: 0x00007000, ABSOLUTE)

    Exec Addr    Load Addr    Size         Type   Attr      Idx    E Section Name        Object

    0x00077000   0x00077000   0x00000200   Data   RO          601    RESET               arm_startup_nrf52.o
    0x00077200   0x00077200   0x00000000   Code   RO         4693  * .ARM.Collect$$$$00000000  mc_w.l(entry.o)
    0x00077200   0x00077200   0x00000004   Code   RO         4721    .ARM.Collect$$$$00000001  mc_w.l(entry2.o)
    0x00077204   0x00077204   0x00000004   Code   RO         4724    .ARM.Collect$$$$00000004  mc_w.l(entry5.o)
    0x00077208   0x00077208   0x00000000   Code   RO         4726    .ARM.Collect$$$$00000008  mc_w.l(entry7b.o)
    0x00077208   0x00077208   0x00000000   Code   RO         4728    .ARM.Collect$$$$0000000A  mc_w.l(entry8b.o)
    0x00077208   0x00077208   0x00000008   Code   RO         4729    .ARM.Collect$$$$0000000B  mc_w.l(entry9a.o)
    0x00077210   0x00077210   0x00000000   Code   RO         4731    .ARM.Collect$$$$0000000D  mc_w.l(entry10a.o)
    0x00077210   0x00077210   0x00000000   Code   RO         4733    .ARM.Collect$$$$0000000F  mc_w.l(entry11a.o)
    0x00077210   0x00077210   0x00000004   Code   RO         4722    .ARM.Collect$$$$00002712  mc_w.l(entry2.o)
    0x00077214   0x00077214   0x00000040   Code   RO          978    .emb_text           nrf_bootloader_app_start_asm.o
    0x00077254   0x00077254   0x00000034   Code   RO         2661    .emb_text           hardfault_handler_keil.o
    0x00077288   0x00077288   0x000000c8   Code   RO         2900    .emb_text           nrf_atfifo.o
    0x00077350   0x00077350   0x0000009a   Code   RO         3161    .emb_text           nrf_fstorage_nvmc.o
    0x000773ea   0x000773ea   0x00000002   PAD
    0x000773ec   0x000773ec   0x0000009a   Code   RO         3255    .emb_text           nrf_fstorage_sd.o
    0x00077486   0x00077486   0x00000002   PAD
    0x00077488   0x00077488   0x00000024   Code   RO          602    .text               arm_startup_nrf52.o
    0x000774ac   0x000774ac   0x0000001e   Code   RO         4703    .text               mc_w.l(llshl.o)
    0x000774ca   0x000774ca   0x00000024   Code   RO         4705    .text               mc_w.l(memcpya.o)
    0x000774ee   0x000774ee   0x00000024   Code   RO         4709    .text               mc_w.l(memseta.o)
    0x00077512   0x00077512   0x0000001a   Code   RO         4715    .text               mc_w.l(memcmp.o)
    0x0007752c   0x0007752c   0x00000024   Code   RO         4739    .text               mc_w.l(init.o)
    0x00077550   0x00077550   0x000000ca   Code   RO         4645    .text.XYcZ_add      micro_ecc_lib_nrf52.lib(uECC.c.o)
    0x0007761a   0x0007761a   0x0000003e   Code   RO         4646    .text.apply_z       micro_ecc_lib_nrf52.lib(uECC.c.o)
    0x00077658   0x00077658   0x0000000c   Code   RO         4601    .text.bcopy         micro_ecc_lib_nrf52.lib(uECC.c.o)
    0x00077664   0x00077664   0x00000088   Code   RO         4618    .text.bits2int      micro_ecc_lib_nrf52.lib(uECC.c.o)
    0x000776ec   0x000776ec   0x00000154   Code   RO         4641    .text.double_jacobian_default  micro_ecc_lib_nrf52.lib(uECC.c.o)
    0x00077840   0x00077840   0x00000008   Code   RO         4653    .text.uECC_secp256r1  micro_ecc_lib_nrf52.lib(uECC.c.o)
    0x00077848   0x00077848   0x000002d4   Code   RO         4666    .text.uECC_verify   micro_ecc_lib_nrf52.lib(uECC.c.o)
    0x00077b1c   0x00077b1c   0x00000004   PAD
    0x00077b20   0x00077b20   0x00000058   Code   RO         4607    .text.uECC_vli_add  micro_ecc_lib_nrf52.lib(uECC.c.o)
    0x00077b78   0x00077b78   0x00000018   Code   RO         4616    .text.uECC_vli_clear  micro_ecc_lib_nrf52.lib(uECC.c.o)
    0x00077b90   0x00077b90   0x0000002a   Code   RO         4602    .text.uECC_vli_cmp_unsafe  micro_ecc_lib_nrf52.lib(uECC.c.o)
    0x00077bba   0x00077bba   0x0000002a   Code   RO         4627    .text.uECC_vli_equal  micro_ecc_lib_nrf52.lib(uECC.c.o)
    0x00077be4   0x00077be4   0x0000001e   Code   RO         4619    .text.uECC_vli_isZero  micro_ecc_lib_nrf52.lib(uECC.c.o)
    0x00077c02   0x00077c02   0x00000002   PAD
    0x00077c04   0x00077c04   0x0000013c   Code   RO         4635    .text.uECC_vli_mmod  micro_ecc_lib_nrf52.lib(uECC.c.o)
    0x00077d40   0x00077d40   0x00000032   Code   RO         4633    .text.uECC_vli_modAdd  micro_ecc_lib_nrf52.lib(uECC.c.o)
    0x00077d72   0x00077d72   0x0000010c   Code   RO         4647    .text.uECC_vli_modInv  micro_ecc_lib_nrf52.lib(uECC.c.o)
    0x00077e7e   0x00077e7e   0x00000024   Code   RO         4636    .text.uECC_vli_modMult  micro_ecc_lib_nrf52.lib(uECC.c.o)
    0x00077ea2   0x00077ea2   0x00000020   Code   RO         4637    .text.uECC_vli_modMult_fast  micro_ecc_lib_nrf52.lib(uECC.c.o)
    0x00077ec2   0x00077ec2   0x00000020   Code   RO         4639    .text.uECC_vli_modSquare_fast  micro_ecc_lib_nrf52.lib(uECC.c.o)
    0x00077ee2   0x00077ee2   0x00000024   Code   RO         4634    .text.uECC_vli_modSub  micro_ecc_lib_nrf52.lib(uECC.c.o)
    0x00077f06   0x00077f06   0x00000312   Code   RO         4610    .text.uECC_vli_mult  micro_ecc_lib_nrf52.lib(uECC.c.o)
    0x00078218   0x00078218   0x00000044   Code   RO         4622    .text.uECC_vli_numBits  micro_ecc_lib_nrf52.lib(uECC.c.o)
    0x0007825c   0x0007825c   0x0000001a   Code   RO         4629    .text.uECC_vli_rshift1  micro_ecc_lib_nrf52.lib(uECC.c.o)
    0x00078276   0x00078276   0x0000001a   Code   RO         4623    .text.uECC_vli_set  micro_ecc_lib_nrf52.lib(uECC.c.o)
    0x00078290   0x00078290   0x0000028c   Code   RO         4611    .text.uECC_vli_square  micro_ecc_lib_nrf52.lib(uECC.c.o)
    0x0007851c   0x0007851c   0x00000004   PAD
    0x00078520   0x00078520   0x00000060   Code   RO         4609    .text.uECC_vli_sub  micro_ecc_lib_nrf52.lib(uECC.c.o)
    0x00078580   0x00078580   0x00000012   Code   RO         4620    .text.uECC_vli_testBit  micro_ecc_lib_nrf52.lib(uECC.c.o)
    0x00078592   0x00078592   0x00000002   PAD
    0x00078594   0x00078594   0x000001b0   Code   RO         4626    .text.vli_mmod_fast_secp256r1  micro_ecc_lib_nrf52.lib(uECC.c.o)
    0x00078744   0x00078744   0x0000003a   Code   RO         4630    .text.vli_modInv_update  micro_ecc_lib_nrf52.lib(uECC.c.o)
    0x0007877e   0x0007877e   0x0000005a   Code   RO         4640    .text.x_side_default  micro_ecc_lib_nrf52.lib(uECC.c.o)
    0x000787d8   0x000787d8   0x00000004   Code   RO         2683    i.HardFault_c_handler  hardfault_implementation.o
    0x000787dc   0x000787dc   0x00000024   Code   RO         2684    i.HardFault_process  hardfault_implementation.o
    0x00078800   0x00078800   0x00000016   Code   RO         2395    i.NVIC_ClearPendingIRQ  app_timer.o
    0x00078816   0x00078816   0x00000016   Code   RO         2396    i.NVIC_EnableIRQ    app_timer.o
    0x0007882c   0x0007882c   0x00000016   Code   RO         2397    i.NVIC_SetPendingIRQ  app_timer.o
    0x00078842   0x00078842   0x00000020   Code   RO         2398    i.NVIC_SetPriority  app_timer.o
    0x00078862   0x00078862   0x00000002   PAD
    0x00078864   0x00078864   0x00000024   Code   RO          494    i.NVIC_SystemReset  sr3_bootloader.o
    0x00078888   0x00078888   0x00000058   Code   RO         1977    i.POWER_CLOCK_IRQHandler  nrf_drv_clock.o
    0x000788e0   0x000788e0   0x00000024   Code   RO         2399    i.RTC1_IRQHandler   app_timer.o
    0x00078904   0x00078904   0x00000004   Code   RO         2400    i.SWI0_EGU0_IRQHandler  app_timer.o
    0x00078908   0x00078908   0x00000020   Code   RO         4174    i.SWI2_EGU2_IRQHandler  nrf_sdh.o
    0x00078928   0x00078928   0x00000298   Code   RO          610    i.SystemInit        system_nrf52.o
    0x00078bc0   0x00078bc0   0x00000034   Code   RO         2204    i.WDT_IRQHandler    nrf_drv_wdt.o
    0x00078bf4   0x00078bf4   0x0000000e   Code   RO         4743    i.__scatterload_copy  mc_w.l(handlers.o)
    0x00078c02   0x00078c02   0x00000002   Code   RO         4744    i.__scatterload_null  mc_w.l(handlers.o)
    0x00078c04   0x00078c04   0x0000000e   Code   RO         4745    i.__scatterload_zeroinit  mc_w.l(handlers.o)
    0x00078c12   0x00078c12   0x00000002   PAD
    0x00078c14   0x00078c14   0x00000024   Code   RO         4175    i.__sd_nvic_app_accessible_irq  nrf_sdh.o
    0x00078c38   0x00078c38   0x00000016   Code   RO         4176    i.__sd_nvic_is_app_accessible_priority  nrf_sdh.o
    0x00078c4e   0x00078c4e   0x0000000c   Code   RO         3093    i.addr_is_aligned32  nrf_fstorage.o
    0x00078c5a   0x00078c5a   0x00000018   Code   RO         3094    i.addr_within_bounds  nrf_fstorage.o
    0x00078c72   0x00078c72   0x00000002   PAD
    0x00078c74   0x00078c74   0x000000d0   Code   RO          726    i.advertising_start  nrf_ble_dfu.o
    0x00078d44   0x00078d44   0x00000004   Code   RO          495    i.app_error_fault_handler  sr3_bootloader.o
    0x00078d48   0x00078d48   0x00000004   Code   RO          496    i.app_error_handler_bare  sr3_bootloader.o
    0x00078d4c   0x00078d4c   0x000000a0   Code   RO         2348    i.app_sched_event_put  app_scheduler.o
    0x00078dec   0x00078dec   0x00000040   Code   RO         2349    i.app_sched_execute  app_scheduler.o
    0x00078e2c   0x00078e2c   0x0000002c   Code   RO         2350    i.app_sched_init    app_scheduler.o
    0x00078e58   0x00078e58   0x00000028   Code   RO         2403    i.app_timer_create  app_timer.o
    0x00078e80   0x00078e80   0x00000054   Code   RO         2404    i.app_timer_init    app_timer.o
    0x00078ed4   0x00078ed4   0x00000088   Code   RO         2407    i.app_timer_start   app_timer.o
    0x00078f5c   0x00078f5c   0x00000020   Code   RO         2408    i.app_timer_stop    app_timer.o
    0x00078f7c   0x00078f7c   0x00000048   Code   RO         2569    i.app_util_critical_region_enter  app_util_platform.o
    0x00078fc4   0x00078fc4   0x00000034   Code   RO         2570    i.app_util_critical_region_exit  app_util_platform.o
    0x00078ff8   0x00078ff8   0x00000004   Code   RO         4177    i.appsh_events_poll  nrf_sdh.o
    0x00078ffc   0x00078ffc   0x00000064   Code   RO          727    i.ble_dfu_init      nrf_ble_dfu.o
    0x00079060   0x00079060   0x00000044   Code   RO          728    i.ble_dfu_transport_close  nrf_ble_dfu.o
    0x000790a4   0x000790a4   0x00000064   Code   RO          729    i.ble_dfu_transport_init  nrf_ble_dfu.o
    0x00079108   0x00079108   0x000001ac   Code   RO          730    i.ble_evt_handler   nrf_ble_dfu.o
    0x000792b4   0x000792b4   0x00000008   Code   RO          647    i.ble_srv_is_notification_enabled  ble_srv_common.o
    0x000792bc   0x000792bc   0x0000009c   Code   RO          731    i.ble_stack_init    nrf_ble_dfu.o
    0x00079358   0x00079358   0x0000001c   Code   RO         4416    i.buf_read          pb_decode.o
    0x00079374   0x00079374   0x00000028   Code   RO         1978    i.clock_clk_started_notify  nrf_drv_clock.o
    0x0007939c   0x0007939c   0x000000ac   Code   RO         2410    i.compare_reg_update  app_timer.o
    0x00079448   0x00079448   0x0000003c   Code   RO         2637    i.crc32_compute     crc32.o
    0x00079484   0x00079484   0x0000007e   Code   RO         4417    i.decode_callback_field  pb_decode.o
    0x00079502   0x00079502   0x0000001a   Code   RO         4418    i.decode_field      pb_decode.o
    0x0007951c   0x0007951c   0x000000e0   Code   RO         4419    i.decode_static_field  pb_decode.o
    0x000795fc   0x000795fc   0x00000098   Code   RO          732    i.dfu_ctrl_pt_add   nrf_ble_dfu.o
    0x00079694   0x00079694   0x00000050   Code   RO           51    i.dfu_decode_commmand  dfu_req_handling.o
    0x000796e4   0x000796e4   0x0000000a   Code   RO         1090    i.dfu_fstorage_evt_handler  nrf_dfu_flash.o
    0x000796ee   0x000796ee   0x00000002   PAD
    0x000796f0   0x000796f0   0x0000019c   Code   RO           52    i.dfu_handle_prevalidate  dfu_req_handling.o
    0x0007988c   0x0007988c   0x00000094   Code   RO          733    i.dfu_pkt_char_add  nrf_ble_dfu.o
    0x00079920   0x00079920   0x0000004e   Code   RO          416    i.drv_board_init    drv_board.o
    0x0007996e   0x0007996e   0x00000002   PAD
    0x00079970   0x00079970   0x00000040   Code   RO         2411    i.elapsed_ticks_acquire  app_timer.o
    0x000799b0   0x000799b0   0x00000048   Code   RO         3162    i.erase             nrf_fstorage_nvmc.o
    0x000799f8   0x000799f8   0x0000004c   Code   RO         3256    i.erase             nrf_fstorage_sd.o
    0x00079a44   0x00079a44   0x00000038   Code   RO         3163    i.event_send        nrf_fstorage_nvmc.o
    0x00079a7c   0x00079a7c   0x0000004e   Code   RO         3257    i.event_send        nrf_fstorage_sd.o
    0x00079aca   0x00079aca   0x00000002   PAD
    0x00079acc   0x00079acc   0x00000010   Code   RO         1153    i.ext_error_get     nrf_dfu_handling_error.o
    0x00079adc   0x00079adc   0x0000000c   Code   RO         1154    i.ext_error_set     nrf_dfu_handling_error.o
    0x00079ae8   0x00079ae8   0x00000070   Code   RO          734    i.gap_params_init   nrf_ble_dfu.o
    0x00079b58   0x00079b58   0x0000000c   Code   RO         3164    i.init              nrf_fstorage_nvmc.o
    0x00079b64   0x00079b64   0x0000003c   Code   RO         3258    i.init              nrf_fstorage_sd.o
    0x00079ba0   0x00079ba0   0x00000010   Code   RO         3165    i.is_busy           nrf_fstorage_nvmc.o
    0x00079bb0   0x00079bb0   0x00000010   Code   RO         3259    i.is_busy           nrf_fstorage_sd.o
    0x00079bc0   0x00079bc0   0x0000000c   Code   RO         1770    i.is_word_aligned   micro_ecc_lib_ecdsa.o
    0x00079bcc   0x00079bcc   0x00000016   Code   RO         1980    i.item_enqueue      nrf_drv_clock.o
    0x00079be2   0x00079be2   0x0000002e   Code   RO         4420    i.iter_from_extension  pb_decode.o
    0x00079c10   0x00079c10   0x00000028   Code   RO         1981    i.lfclk_stop        nrf_drv_clock.o
    0x00079c38   0x00079c38   0x000000f8   Code   RO         2412    i.list_insertions_handler  app_timer.o
    0x00079d30   0x00079d30   0x0000000c   Code   RO          497    i.main              sr3_bootloader.o
    0x00079d3c   0x00079d3c   0x00000010   Code   RO         2902    i.nrf_atfifo_clear  nrf_atfifo.o
    0x00079d4c   0x00079d4c   0x00000026   Code   RO         2904    i.nrf_atfifo_init   nrf_atfifo.o
    0x00079d72   0x00079d72   0x00000016   Code   RO         2905    i.nrf_atfifo_item_alloc  nrf_atfifo.o
    0x00079d88   0x00079d88   0x00000016   Code   RO         2906    i.nrf_atfifo_item_free  nrf_atfifo.o
    0x00079d9e   0x00079d9e   0x00000016   Code   RO         2907    i.nrf_atfifo_item_get  nrf_atfifo.o
    0x00079db4   0x00079db4   0x00000016   Code   RO         2908    i.nrf_atfifo_item_put  nrf_atfifo.o
    0x00079dca   0x00079dca   0x0000000e   Code   RO         3166    i.nrf_atomic_flag_clear  nrf_fstorage_nvmc.o
    0x00079dd8   0x00079dd8   0x0000000c   Code   RO         3167    i.nrf_atomic_flag_set_fetch  nrf_fstorage_nvmc.o
    0x00079de4   0x00079de4   0x0000002e   Code   RO          957    i.nrf_bootloader_app_start  nrf_bootloader_app_start.o
    0x00079e12   0x00079e12   0x00000010   Code   RO          915    i.nrf_bootloader_init  nrf_bootloader.o
    0x00079e22   0x00079e22   0x0000000e   Code   RO         1982    i.nrf_clock_event_check  nrf_drv_clock.o
    0x00079e30   0x00079e30   0x00000010   Code   RO         1983    i.nrf_clock_event_clear  nrf_drv_clock.o
    0x00079e40   0x00079e40   0x00000078   Code   RO         1515    i.nrf_crypto_ecdsa_sizes_get  nrf_crypto_ecdsa.o
    0x00079eb8   0x00079eb8   0x00000092   Code   RO         1771    i.nrf_crypto_ecdsa_verify_hash  micro_ecc_lib_ecdsa.o
    0x00079f4a   0x00079f4a   0x00000002   PAD
    0x00079f4c   0x00079f4c   0x00000074   Code   RO         1913    i.nrf_crypto_hash_compute  nrf_crypto_sw_hash.o
    0x00079fc0   0x00079fc0   0x00000046   Code   RO         1914    i.nrf_crypto_hash_finalize  nrf_crypto_sw_hash.o
    0x0007a006   0x0007a006   0x00000028   Code   RO         1915    i.nrf_crypto_hash_init  nrf_crypto_sw_hash.o
    0x0007a02e   0x0007a02e   0x0000002e   Code   RO         1561    i.nrf_crypto_hash_size_get  nrf_crypto_hash.o
    0x0007a05c   0x0007a05c   0x00000018   Code   RO         1916    i.nrf_crypto_hash_update  nrf_crypto_sw_hash.o
    0x0007a074   0x0007a074   0x0000008c   Code   RO          735    i.nrf_delay_us      nrf_ble_dfu.o
    0x0007a100   0x0007a100   0x0000008c   Code   RO         1012    i.nrf_delay_us      nrf_dfu.o
    0x0007a18c   0x0007a18c   0x0000008c   Code   RO         2413    i.nrf_delay_us      app_timer.o
    0x0007a218   0x0007a218   0x000000bc   Code   RO         1381    i.nrf_dfu_app_continue  nrf_dfu_utils.o
    0x0007a2d4   0x0007a2d4   0x00000030   Code   RO         1382    i.nrf_dfu_app_is_valid  nrf_dfu_utils.o
    0x0007a304   0x0007a304   0x00000050   Code   RO         1383    i.nrf_dfu_bl_continue  nrf_dfu_utils.o
    0x0007a354   0x0007a354   0x00000134   Code   RO           53    i.nrf_dfu_command_req  dfu_req_handling.o
    0x0007a488   0x0007a488   0x00000034   Code   RO         1384    i.nrf_dfu_continue  nrf_dfu_utils.o
    0x0007a4bc   0x0007a4bc   0x000000cc   Code   RO         1385    i.nrf_dfu_continue_bank  nrf_dfu_utils.o
    0x0007a588   0x0007a588   0x0000007c   Code   RO           54    i.nrf_dfu_data_req  dfu_req_handling.o
    0x0007a604   0x0007a604   0x00000088   Code   RO           55    i.nrf_dfu_data_req_create  dfu_req_handling.o
    0x0007a68c   0x0007a68c   0x000000a0   Code   RO           56    i.nrf_dfu_data_req_execute  dfu_req_handling.o
    0x0007a72c   0x0007a72c   0x00000194   Code   RO           57    i.nrf_dfu_data_req_write  dfu_req_handling.o
    0x0007a8c0   0x0007a8c0   0x00000060   Code   RO         1386    i.nrf_dfu_find_cache  nrf_dfu_utils.o
    0x0007a920   0x0007a920   0x00000010   Code   RO         1091    i.nrf_dfu_flash_erase  nrf_dfu_flash.o
    0x0007a930   0x0007a930   0x0000001c   Code   RO         1092    i.nrf_dfu_flash_init  nrf_dfu_flash.o
    0x0007a94c   0x0007a94c   0x00000018   Code   RO         1093    i.nrf_dfu_flash_store  nrf_dfu_flash.o
    0x0007a964   0x0007a964   0x00000064   Code   RO           58    i.nrf_dfu_flash_store_completed  dfu_req_handling.o
    0x0007a9c8   0x0007a9c8   0x00000110   Code   RO         1013    i.nrf_dfu_init      nrf_dfu.o
    0x0007aad8   0x0007aad8   0x00000004   Code   RO          917    i.nrf_dfu_init_user  nrf_bootloader.o
    0x0007aadc   0x0007aadc   0x0000000a   Code   RO         1387    i.nrf_dfu_invalidate_bank  nrf_dfu_utils.o
    0x0007aae6   0x0007aae6   0x00000002   PAD
    0x0007aae8   0x0007aae8   0x00000028   Code   RO         1191    i.nrf_dfu_mbr_compare  nrf_dfu_mbr.o
    0x0007ab10   0x0007ab10   0x00000022   Code   RO         1192    i.nrf_dfu_mbr_copy_bl  nrf_dfu_mbr.o
    0x0007ab32   0x0007ab32   0x00000002   PAD
    0x0007ab34   0x0007ab34   0x00000028   Code   RO         1193    i.nrf_dfu_mbr_copy_sd  nrf_dfu_mbr.o
    0x0007ab5c   0x0007ab5c   0x0000002c   Code   RO         1194    i.nrf_dfu_mbr_init_sd  nrf_dfu_mbr.o
    0x0007ab88   0x0007ab88   0x000001b4   Code   RO           59    i.nrf_dfu_postvalidate  dfu_req_handling.o
    0x0007ad3c   0x0007ad3c   0x00000050   Code   RO           60    i.nrf_dfu_req_handler_init  dfu_req_handling.o
    0x0007ad8c   0x0007ad8c   0x0000009c   Code   RO           61    i.nrf_dfu_req_handler_on_req  dfu_req_handling.o
    0x0007ae28   0x0007ae28   0x00000014   Code   RO           62    i.nrf_dfu_req_handler_reset_if_dfu_complete  dfu_req_handling.o
    0x0007ae3c   0x0007ae3c   0x0000004c   Code   RO         1388    i.nrf_dfu_reset_timeout_handler  nrf_dfu_utils.o
    0x0007ae88   0x0007ae88   0x000000a4   Code   RO         1389    i.nrf_dfu_sd_continue_impl  nrf_dfu_utils.o
    0x0007af2c   0x0007af2c   0x00000010   Code   RO         1247    i.nrf_dfu_settings_crc_get  nrf_dfu_settings.o
    0x0007af3c   0x0007af3c   0x00000068   Code   RO         1248    i.nrf_dfu_settings_init  nrf_dfu_settings.o
    0x0007afa4   0x0007afa4   0x0000002c   Code   RO         1304    i.nrf_dfu_settings_shared_data_erase  nrf_dfu_settings_svci.o
    0x0007afd0   0x0007afd0   0x00000020   Code   RO         1305    i.nrf_dfu_settings_shared_data_is_valid  nrf_dfu_settings_svci.o
    0x0007aff0   0x0007aff0   0x00000018   Code   RO         1249    i.nrf_dfu_settings_store_completed  nrf_dfu_settings.o
    0x0007b008   0x0007b008   0x00000088   Code   RO         1250    i.nrf_dfu_settings_write  nrf_dfu_settings.o
    0x0007b090   0x0007b090   0x0000002c   Code   RO         1347    i.nrf_dfu_transports_close  nrf_dfu_transport.o
    0x0007b0bc   0x0007b0bc   0x00000034   Code   RO         1348    i.nrf_dfu_transports_init  nrf_dfu_transport.o
    0x0007b0f0   0x0007b0f0   0x00000048   Code   RO         1990    i.nrf_drv_clock_init  nrf_drv_clock.o
    0x0007b138   0x0007b138   0x0000002c   Code   RO         1994    i.nrf_drv_clock_lfclk_release  nrf_drv_clock.o
    0x0007b164   0x0007b164   0x00000068   Code   RO         1995    i.nrf_drv_clock_lfclk_request  nrf_drv_clock.o
    0x0007b1cc   0x0007b1cc   0x00000038   Code   RO         2150    i.nrf_drv_common_irq_enable  nrf_drv_common.o
    0x0007b204   0x0007b204   0x0000004e   Code   RO         3095    i.nrf_fstorage_erase  nrf_fstorage.o
    0x0007b252   0x0007b252   0x00000010   Code   RO         3096    i.nrf_fstorage_init  nrf_fstorage.o
    0x0007b262   0x0007b262   0x00000002   PAD
    0x0007b264   0x0007b264   0x00000050   Code   RO         3097    i.nrf_fstorage_is_busy  nrf_fstorage.o
    0x0007b2b4   0x0007b2b4   0x00000018   Code   RO         3260    i.nrf_fstorage_sdh_req_handler  nrf_fstorage_sd.o
    0x0007b2cc   0x0007b2cc   0x00000020   Code   RO         3261    i.nrf_fstorage_sdh_state_handler  nrf_fstorage_sd.o
    0x0007b2ec   0x0007b2ec   0x000000a4   Code   RO         3262    i.nrf_fstorage_sys_evt_handler  nrf_fstorage_sd.o
    0x0007b390   0x0007b390   0x00000066   Code   RO         3102    i.nrf_fstorage_write  nrf_fstorage.o
    0x0007b3f6   0x0007b3f6   0x00000010   Code   RO          419    i.nrf_gpio_cfg_output  drv_board.o
    0x0007b406   0x0007b406   0x0000000e   Code   RO          420    i.nrf_gpio_pin_clear  drv_board.o
    0x0007b414   0x0007b414   0x0000000e   Code   RO          421    i.nrf_gpio_pin_set  drv_board.o
    0x0007b422   0x0007b422   0x00000002   PAD
    0x0007b424   0x0007b424   0x00000030   Code   RO         2273    i.nrf_nvmc_page_erase  nrf_nvmc.o
    0x0007b454   0x0007b454   0x00000044   Code   RO         2277    i.nrf_nvmc_write_words  nrf_nvmc.o
    0x0007b498   0x0007b498   0x00000014   Code   RO         4307    i.nrf_sdh_ble_app_ram_start_get  nrf_sdh_ble.o
    0x0007b4ac   0x0007b4ac   0x00000004   Code   RO         4309    i.nrf_sdh_ble_enable  nrf_sdh_ble.o
    0x0007b4b0   0x0007b4b0   0x00000050   Code   RO         4310    i.nrf_sdh_ble_evts_poll  nrf_sdh_ble.o
    0x0007b500   0x0007b500   0x0000003c   Code   RO         4178    i.nrf_sdh_disable_request  nrf_sdh.o
    0x0007b53c   0x0007b53c   0x0000006c   Code   RO         4179    i.nrf_sdh_enable_request  nrf_sdh.o
    0x0007b5a8   0x0007b5a8   0x00000024   Code   RO         4180    i.nrf_sdh_evts_poll  nrf_sdh.o
    0x0007b5cc   0x0007b5cc   0x0000000c   Code   RO         4181    i.nrf_sdh_is_enabled  nrf_sdh.o
    0x0007b5d8   0x0007b5d8   0x0000001c   Code   RO         4183    i.nrf_sdh_request_continue  nrf_sdh.o
    0x0007b5f4   0x0007b5f4   0x0000003c   Code   RO         4360    i.nrf_sdh_soc_evts_poll  nrf_sdh_soc.o
    0x0007b630   0x0007b630   0x0000000a   Code   RO         3634    i.nrf_section_iter_init  nrf_section_iter.o
    0x0007b63a   0x0007b63a   0x00000024   Code   RO         3635    i.nrf_section_iter_item_set  nrf_section_iter.o
    0x0007b65e   0x0007b65e   0x00000020   Code   RO         3636    i.nrf_section_iter_next  nrf_section_iter.o
    0x0007b67e   0x0007b67e   0x00000002   PAD
    0x0007b680   0x0007b680   0x00000010   Code   RO          498    i.nrf_wdt_started   sr3_bootloader.o
    0x0007b690   0x0007b690   0x000000bc   Code   RO          736    i.on_ctrl_pt_write  nrf_ble_dfu.o
    0x0007b74c   0x0007b74c   0x00000094   Code   RO          737    i.on_rw_authorize_req  nrf_ble_dfu.o
    0x0007b7e0   0x0007b7e0   0x00000040   Code   RO         4422    i.pb_dec_bytes      pb_decode.o
    0x0007b820   0x0007b820   0x00000006   Code   RO         4423    i.pb_dec_fixed32    pb_decode.o
    0x0007b826   0x0007b826   0x00000006   Code   RO         4424    i.pb_dec_fixed64    pb_decode.o
    0x0007b82c   0x0007b82c   0x0000003e   Code   RO         4425    i.pb_dec_string     pb_decode.o
    0x0007b86a   0x0007b86a   0x00000040   Code   RO         4426    i.pb_dec_submessage  pb_decode.o
    0x0007b8aa   0x0007b8aa   0x00000058   Code   RO         4427    i.pb_dec_svarint    pb_decode.o
    0x0007b902   0x0007b902   0x00000058   Code   RO         4428    i.pb_dec_uvarint    pb_decode.o
    0x0007b95a   0x0007b95a   0x0000005a   Code   RO         4429    i.pb_dec_varint     pb_decode.o
    0x0007b9b4   0x0007b9b4   0x0000001e   Code   RO         4430    i.pb_decode         pb_decode.o
    0x0007b9d2   0x0007b9d2   0x00000020   Code   RO         4432    i.pb_decode_fixed32  pb_decode.o
    0x0007b9f2   0x0007b9f2   0x0000005c   Code   RO         4433    i.pb_decode_fixed64  pb_decode.o
    0x0007ba4e   0x0007ba4e   0x00000002   PAD
    0x0007ba50   0x0007ba50   0x00000186   Code   RO         4434    i.pb_decode_noinit  pb_decode.o
    0x0007bbd6   0x0007bbd6   0x0000003a   Code   RO         4435    i.pb_decode_svarint  pb_decode.o
    0x0007bc10   0x0007bc10   0x00000042   Code   RO         4436    i.pb_decode_tag     pb_decode.o
    0x0007bc52   0x0007bc52   0x0000004a   Code   RO         4437    i.pb_decode_varint  pb_decode.o
    0x0007bc9c   0x0007bc9c   0x0000004c   Code   RO         4438    i.pb_decode_varint32  pb_decode.o
    0x0007bce8   0x0007bce8   0x00000024   Code   RO           63    i.pb_decoding_callback  dfu_req_handling.o
    0x0007bd0c   0x0007bd0c   0x00000022   Code   RO         4389    i.pb_field_iter_begin  pb_common.o
    0x0007bd2e   0x0007bd2e   0x0000002e   Code   RO         4390    i.pb_field_iter_find  pb_common.o
    0x0007bd5c   0x0007bd5c   0x00000080   Code   RO         4391    i.pb_field_iter_next  pb_common.o
    0x0007bddc   0x0007bddc   0x000000a4   Code   RO         4439    i.pb_field_set_to_default  pb_decode.o
    0x0007be80   0x0007be80   0x00000014   Code   RO         4440    i.pb_istream_from_buffer  pb_decode.o
    0x0007be94   0x0007be94   0x00000036   Code   RO         4441    i.pb_make_string_substream  pb_decode.o
    0x0007beca   0x0007beca   0x00000026   Code   RO         4442    i.pb_message_set_to_defaults  pb_decode.o
    0x0007bef0   0x0007bef0   0x00000058   Code   RO         4443    i.pb_read           pb_decode.o
    0x0007bf48   0x0007bf48   0x00000020   Code   RO         4444    i.pb_readbyte       pb_decode.o
    0x0007bf68   0x0007bf68   0x0000005a   Code   RO         4445    i.pb_skip_field     pb_decode.o
    0x0007bfc2   0x0007bfc2   0x00000016   Code   RO          738    i.process_handler_response_calculate_crc  nrf_ble_dfu.o
    0x0007bfd8   0x0007bfd8   0x00000008   Code   RO          739    i.process_handler_response_create  nrf_ble_dfu.o
    0x0007bfe0   0x0007bfe0   0x00000008   Code   RO          740    i.process_handler_response_execute  nrf_ble_dfu.o
    0x0007bfe8   0x0007bfe8   0x0000001e   Code   RO          741    i.process_handler_response_select  nrf_ble_dfu.o
    0x0007c006   0x0007c006   0x00000002   PAD
    0x0007c008   0x0007c008   0x0000002c   Code   RO          742    i.process_handler_response_write  nrf_ble_dfu.o
    0x0007c034   0x0007c034   0x00000098   Code   RO         3263    i.queue_process     nrf_fstorage_sd.o
    0x0007c0cc   0x0007c0cc   0x00000028   Code   RO         3264    i.queue_start       nrf_fstorage_sd.o
    0x0007c0f4   0x0007c0f4   0x0000000e   Code   RO         3168    i.read              nrf_fstorage_nvmc.o
    0x0007c102   0x0007c102   0x0000000e   Code   RO         3265    i.read              nrf_fstorage_sd.o
    0x0007c110   0x0007c110   0x00000062   Code   RO         4446    i.read_raw_value    pb_decode.o
    0x0007c172   0x0007c172   0x00000002   PAD
    0x0007c174   0x0007c174   0x00000040   Code   RO           64    i.reset_device      dfu_req_handling.o
    0x0007c1b4   0x0007c1b4   0x00000048   Code   RO          743    i.response_crc_cmd_send  nrf_ble_dfu.o
    0x0007c1fc   0x0007c1fc   0x00000058   Code   RO          744    i.response_select_object_cmd_send  nrf_ble_dfu.o
    0x0007c254   0x0007c254   0x00000040   Code   RO          745    i.response_send     nrf_ble_dfu.o
    0x0007c294   0x0007c294   0x00000004   Code   RO         3169    i.rmap              nrf_fstorage_nvmc.o
    0x0007c298   0x0007c298   0x00000004   Code   RO         3266    i.rmap              nrf_fstorage_sd.o
    0x0007c29c   0x0007c29c   0x0000003c   Code   RO         2414    i.rtc1_stop         app_timer.o
    0x0007c2d8   0x0007c2d8   0x00000042   Code   RO         4186    i.sd_nvic_SetPriority  nrf_sdh.o
    0x0007c31a   0x0007c31a   0x00000002   PAD
    0x0007c31c   0x0007c31c   0x00000054   Code   RO         1997    i.sd_state_evt_handler  nrf_drv_clock.o
    0x0007c370   0x0007c370   0x00000030   Code   RO         4187    i.sdh_request_observer_notify  nrf_sdh.o
    0x0007c3a0   0x0007c3a0   0x0000002c   Code   RO         4188    i.sdh_state_observer_notify  nrf_sdh.o
    0x0007c3cc   0x0007c3cc   0x00000050   Code   RO          746    i.send_hvx          nrf_ble_dfu.o
    0x0007c41c   0x0007c41c   0x00000110   Code   RO         3702    i.sha256_final      sha256.o
    0x0007c52c   0x0007c52c   0x00000054   Code   RO         3703    i.sha256_init       sha256.o
    0x0007c580   0x0007c580   0x0000012c   Code   RO         3704    i.sha256_transform  sha256.o
    0x0007c6ac   0x0007c6ac   0x00000054   Code   RO         3705    i.sha256_update     sha256.o
    0x0007c700   0x0007c700   0x0000000a   Code   RO         1998    i.soc_evt_handler   nrf_drv_clock.o
    0x0007c70a   0x0007c70a   0x00000002   PAD
    0x0007c70c   0x0007c70c   0x00000038   Code   RO         4189    i.softdevice_evt_irq_disable  nrf_sdh.o
    0x0007c744   0x0007c744   0x00000050   Code   RO         4190    i.softdevices_evt_irq_enable  nrf_sdh.o
    0x0007c794   0x0007c794   0x00000004   Code   RO          499    i.sr3_bootloader_board_init  sr3_bootloader.o
    0x0007c798   0x0007c798   0x00000002   Code   RO          500    i.sr3_bootloader_keep_alive_handler  sr3_bootloader.o
    0x0007c79a   0x0007c79a   0x00000002   PAD
    0x0007c79c   0x0007c79c   0x00000038   Code   RO          501    i.sr3_bootloader_keep_alive_timer_init  sr3_bootloader.o
    0x0007c7d4   0x0007c7d4   0x0000003c   Code   RO          502    i.sr3_bootloader_watchdog_feed  sr3_bootloader.o
    0x0007c810   0x0007c810   0x00000018   Code   RO         2415    i.timeout_handler_scheduled_exec  app_timer.o
    0x0007c828   0x0007c828   0x00000080   Code   RO         2416    i.timer_list_handler  app_timer.o
    0x0007c8a8   0x0007c8a8   0x0000003c   Code   RO         2417    i.timer_list_insert  app_timer.o
    0x0007c8e4   0x0007c8e4   0x00000060   Code   RO         2418    i.timer_list_remove  app_timer.o
    0x0007c944   0x0007c944   0x00000048   Code   RO         2419    i.timer_stop_op_schedule  app_timer.o
    0x0007c98c   0x0007c98c   0x00000088   Code   RO         2420    i.timer_timeouts_check  app_timer.o
    0x0007ca14   0x0007ca14   0x00000012   Code   RO          747    i.uint32_encode     nrf_ble_dfu.o
    0x0007ca26   0x0007ca26   0x00000002   PAD
    0x0007ca28   0x0007ca28   0x00000010   Code   RO         3170    i.uninit            nrf_fstorage_nvmc.o
    0x0007ca38   0x0007ca38   0x00000020   Code   RO         3267    i.uninit            nrf_fstorage_sd.o
    0x0007ca58   0x0007ca58   0x00000030   Code   RO         2421    i.user_op_alloc     app_timer.o
    0x0007ca88   0x0007ca88   0x00000004   Code   RO         3171    i.wmap              nrf_fstorage_nvmc.o
    0x0007ca8c   0x0007ca8c   0x00000004   Code   RO         3268    i.wmap              nrf_fstorage_sd.o
    0x0007ca90   0x0007ca90   0x00000044   Code   RO         3172    i.write             nrf_fstorage_nvmc.o
    0x0007cad4   0x0007cad4   0x00000050   Code   RO         3269    i.write             nrf_fstorage_sd.o
    0x0007cb24   0x0007cb24   0x00000040   Data   RO            1    .constdata          bootloader_key.o
    0x0007cb64   0x0007cb64   0x00000001   Data   RO           18    .constdata          dfu-cc.pb.o
    0x0007cb65   0x0007cb65   0x00000003   PAD
    0x0007cb68   0x0007cb68   0x00000024   Data   RO           19    .constdata          dfu-cc.pb.o
    0x0007cb8c   0x0007cb8c   0x00000078   Data   RO           20    .constdata          dfu-cc.pb.o
    0x0007cc04   0x0007cc04   0x00000018   Data   RO           21    .constdata          dfu-cc.pb.o
    0x0007cc1c   0x0007cc1c   0x00000030   Data   RO           22    .constdata          dfu-cc.pb.o
    0x0007cc4c   0x0007cc4c   0x00000030   Data   RO           23    .constdata          dfu-cc.pb.o
    0x0007cc7c   0x0007cc7c   0x00000024   Data   RO           24    .constdata          dfu-cc.pb.o
    0x0007cca0   0x0007cca0   0x0000000c   Data   RO           70    .constdata          dfu_req_handling.o
    0x0007ccac   0x0007ccac   0x00000004   Data   RO          504    .constdata          sr3_bootloader.o
    0x0007ccb0   0x0007ccb0   0x00000010   Data   RO          751    .constdata          nrf_ble_dfu.o
    0x0007ccc0   0x0007ccc0   0x00000004   Data   RO         1016    .constdata          nrf_dfu.o
    0x0007ccc4   0x0007ccc4   0x00000040   Data   RO         1198    .constdata          nrf_dfu_mbr.o
    0x0007cd04   0x0007cd04   0x00000004   Data   RO         1391    .constdata          nrf_dfu_utils.o
    0x0007cd08   0x0007cd08   0x00000008   Data   RO         1917    .constdata          nrf_crypto_sw_hash.o
    0x0007cd10   0x0007cd10   0x0000000c   Data   RO         3173    .constdata          nrf_fstorage_nvmc.o
    0x0007cd1c   0x0007cd1c   0x00000020   Data   RO         3174    .constdata          nrf_fstorage_nvmc.o
    0x0007cd3c   0x0007cd3c   0x00000010   Data   RO         3272    .constdata          nrf_fstorage_sd.o
    0x0007cd4c   0x0007cd4c   0x00000020   Data   RO         3273    .constdata          nrf_fstorage_sd.o
    0x0007cd6c   0x0007cd6c   0x00000100   Data   RO         3706    .constdata          sha256.o
    0x0007ce6c   0x0007ce6c   0x00000010   Data   RO         4191    .constdata          nrf_sdh.o
    0x0007ce7c   0x0007ce7c   0x00000028   Data   RO         4192    .constdata          nrf_sdh.o
    0x0007cea4   0x0007cea4   0x00000010   Data   RO         4193    .constdata          nrf_sdh.o
    0x0007ceb4   0x0007ceb4   0x00000010   Data   RO         4194    .constdata          nrf_sdh.o
    0x0007cec4   0x0007cec4   0x00000020   Data   RO         4311    .constdata          nrf_sdh_ble.o
    0x0007cee4   0x0007cee4   0x00000010   Data   RO         4312    .constdata          nrf_sdh_ble.o
    0x0007cef4   0x0007cef4   0x00000010   Data   RO         4361    .constdata          nrf_sdh_soc.o
    0x0007cf04   0x0007cf04   0x0000000c   Data   RO         4362    .constdata          nrf_sdh_soc.o
    0x0007cf10   0x0007cf10   0x00000024   Data   RO         4447    .constdata          pb_decode.o
    0x0007cf34   0x0007cf34   0x000000b0   Data   RO         4681    .rodata.curve_secp256r1  micro_ecc_lib_nrf52.lib(uECC.c.o)
    0x0007cfe4   0x0007cfe4   0x00000020   Data   RO         4741    Region$$Table       anon$$obj.o
    0x0007d004   0x0007d004   0x00000008   Data   RO          753    dfu_trans           nrf_ble_dfu.o
    0x0007d00c   0x0007d00c   0x00000008   Data   RO          754    sdh_ble_observers2  nrf_ble_dfu.o
    0x0007d014   0x0007d014   0x00000008   Data   RO         3275    sdh_req_observers0  nrf_fstorage_sd.o
    0x0007d01c   0x0007d01c   0x00000008   Data   RO         2004    sdh_soc_observers0  nrf_drv_clock.o
    0x0007d024   0x0007d024   0x00000008   Data   RO         3276    sdh_soc_observers0  nrf_fstorage_sd.o
    0x0007d02c   0x0007d02c   0x00000008   Data   RO         4313    sdh_stack_observers0  nrf_sdh_ble.o
    0x0007d034   0x0007d034   0x00000008   Data   RO         4363    sdh_stack_observers0  nrf_sdh_soc.o
    0x0007d03c   0x0007d03c   0x00000008   Data   RO         2005    sdh_state_observers0  nrf_drv_clock.o
    0x0007d044   0x0007d044   0x00000008   Data   RO         3277    sdh_state_observers0  nrf_fstorage_sd.o


    Execution Region RW_IRAM1 (Exec base: 0x20001ff0, Load base: 0x0007d04c, Size: 0x00005c10, Max: 0x0000e010, ABSOLUTE)

    Exec Addr    Load Addr    Size         Type   Attr      Idx    E Section Name        Object

    0x20001ff0   0x0007d04c   0x0000004c   Data   RW           79    .data               dfu_req_handling.o
    0x2000203c   0x0007d098   0x00000004   Data   RW          611    .data               system_nrf52.o
    0x20002040   0x0007d09c   0x00000018   Data   RW          752    .data               nrf_ble_dfu.o
    0x20002058   0x0007d0b4   0x00000001   Data   RW         1155    .data               nrf_dfu_handling_error.o
    0x20002059   0x0007d0b5   0x00000001   Data   RW         1200    .data               nrf_dfu_mbr.o
    0x2000205a   0x0007d0b6   0x00000002   PAD
    0x2000205c   0x0007d0b8   0x0000000c   Data   RW         2213    .data               nrf_drv_wdt.o
    0x20002068   0x0007d0c4   0x00000010   Data   RW         2352    .data               app_scheduler.o
    0x20002078   0x0007d0d4   0x00000014   Data   RW         2423    .data               app_timer.o
    0x2000208c   0x0007d0e8   0x00000004   Data   RW         3175    .data               nrf_fstorage_nvmc.o
    0x20002090   0x0007d0ec   0x00000008   Data   RW         3274    .data               nrf_fstorage_sd.o
    0x20002098   0x0007d0f4   0x00000003   Data   RW         4195    .data               nrf_sdh.o
    0x2000209b   0x0007d0f7   0x00000001   PAD
    0x2000209c   0x0007d0f8   0x00000014   Data   RW         1094    fs_data             nrf_dfu_flash.o
    0x200020b0        -       0x00000020   Zero   RW           65    .bss                dfu_req_handling.o
    0x200020d0        -       0x0000152c   Zero   RW           66    .bss                dfu_req_handling.o
    0x200035fc        -       0x00000040   Zero   RW           67    .bss                dfu_req_handling.o
    0x2000363c        -       0x00000020   Zero   RW           68    .bss                dfu_req_handling.o
    0x2000365c        -       0x00000020   Zero   RW           69    .bss                dfu_req_handling.o
    0x2000367c        -       0x00000020   Zero   RW          503    .bss                sr3_bootloader.o
    0x2000369c        -       0x00000050   Zero   RW          748    .bss                nrf_ble_dfu.o
    0x200036ec        -       0x00000020   Zero   RW         1014    .bss                nrf_dfu.o
    0x2000370c        -       0x00000110   Zero   RW         1015    .bss                nrf_dfu.o
    0x2000381c        -       0x00001d84   Zero   RW         1254    .bss                nrf_dfu_settings.o
    0x200055a0        -       0x00000020   Zero   RW         1390    .bss                nrf_dfu_utils.o
    0x200055c0        -       0x00000014   Zero   RW         1999    .bss                nrf_drv_clock.o
    0x200055d4        -       0x0000010c   Zero   RW         2422    .bss                app_timer.o
    0x200056e0        -       0x0000000c   Zero   RW         2575    .bss                app_util_platform.o
    0x200056ec        -       0x00000500   Zero   RW         3270    .bss                nrf_fstorage_sd.o
    0x20005bec        -       0x00000010   Zero   RW         3271    .bss                nrf_fstorage_sd.o
    0x20005bfc   0x0007d10c   0x00000004   PAD
    0x20005c00        -       0x00002000   Zero   RW          599    STACK               arm_startup_nrf52.o



  Load Region LR$$.ARM.__AT_0x0007E000 (Base: 0x0007e000, Size: 0x00000000, Max: 0x00001000, ABSOLUTE)

    Execution Region ER$$.ARM.__AT_0x0007E000 (Exec base: 0x0007e000, Load base: 0x0007e000, Size: 0x00001000, Max: 0x00001000, ABSOLUTE, UNINIT)

    Exec Addr    Load Addr    Size         Type   Attr      Idx    E Section Name        Object

    0x0007e000        -       0x00001000   Zero   RW         1251    .ARM.__AT_0x0007E000  nrf_dfu_settings.o



  Load Region LR$$.ARM.__AT_0x0007F000 (Base: 0x0007f000, Size: 0x00000000, Max: 0x00001000, ABSOLUTE)

    Execution Region ER$$.ARM.__AT_0x0007F000 (Exec base: 0x0007f000, Load base: 0x0007f000, Size: 0x00001000, Max: 0x00001000, ABSOLUTE, UNINIT)

    Exec Addr    Load Addr    Size         Type   Attr      Idx    E Section Name        Object

    0x0007f000        -       0x00001000   Zero   RW         1252    .ARM.__AT_0x0007F000  nrf_dfu_settings.o



  Load Region LR$$.ARM.__AT_0x10001014 (Base: 0x10001014, Size: 0x00000004, Max: 0x00000004, ABSOLUTE)

    Execution Region ER$$.ARM.__AT_0x10001014 (Exec base: 0x10001014, Load base: 0x10001014, Size: 0x00000004, Max: 0x00000004, ABSOLUTE, UNINIT)

    Exec Addr    Load Addr    Size         Type   Attr      Idx    E Section Name        Object

    0x10001014   0x10001014   0x00000004   Data   RW          991    .ARM.__AT_0x10001014  nrf_bootloader_info.o



  Load Region LR$$.ARM.__AT_0x10001018 (Base: 0x10001018, Size: 0x00000004, Max: 0x00000004, ABSOLUTE)

    Execution Region ER$$.ARM.__AT_0x10001018 (Exec base: 0x10001018, Load base: 0x10001018, Size: 0x00000004, Max: 0x00000004, ABSOLUTE, UNINIT)

    Exec Addr    Load Addr    Size         Type   Attr      Idx    E Section Name        Object

    0x10001018   0x10001018   0x00000004   Data   RO         1253    .ARM.__AT_0x10001018  nrf_dfu_settings.o


==============================================================================

Image component sizes


      Code (inc. data)   RO Data    RW Data    ZI Data      Debug   Object Name

       268         16          0         16          0       4979   app_scheduler.o
      1678        124          0         20        268      49983   app_timer.o
       124         14          0          0         12       9926   app_util_platform.o
        36          8        512          0       8192       1012   arm_startup_nrf52.o
         8          0          0          0          0      27954   ble_srv_common.o
         0          0         64          0          0       5377   bootloader_key.o
        60          6          0          0          0       1600   crc32.o
         0          0        313          0          0       9572   dfu-cc.pb.o
      2516        198         12         76       5580     129881   dfu_req_handling.o
       122          0          0          0          0       6949   drv_board.o
        52         14          0          0          0        664   hardfault_handler_keil.o
        40         10          0          0          0       3158   hardfault_implementation.o
       158          0          0          0          0      25211   micro_ecc_lib_ecdsa.o
       342          0          0          0          0       8410   nrf_atfifo.o
      2382        170         32         24         80      78050   nrf_ble_dfu.o
        20          0          0          0          0       1778   nrf_bootloader.o
        46          0          0          0          0        839   nrf_bootloader_app_start.o
        64          2          0          0          0        640   nrf_bootloader_app_start_asm.o
         0          0          0          4          0        406   nrf_bootloader_info.o
       120         10          0          0          0       1753   nrf_crypto_ecdsa.o
        46          8          0          0          0       2239   nrf_crypto_hash.o
       250          6          8          0          0       9385   nrf_crypto_sw_hash.o
       412         32          4          0        304      14133   nrf_dfu.o
        78         22          0         20          0       7383   nrf_dfu_flash.o
        28         10          0          1          0       3236   nrf_dfu_handling_error.o
       158         18         64          1          0       6000   nrf_dfu_mbr.o
       280         38          4          0      15748       4993   nrf_dfu_settings.o
        76         10          0          0          0       2653   nrf_dfu_settings_svci.o
        96         18          0          0          0       3620   nrf_dfu_transport.o
       918         56          4          0         32      13609   nrf_dfu_utils.o
       534         48         16          0         20      46861   nrf_drv_clock.o
        56          0          0          0          0      27843   nrf_drv_common.o
        52         14          0         12          0       5577   nrf_drv_wdt.o
       312         10          0          0          0       6376   nrf_fstorage.o
       442         24         44          4          0      15232   nrf_fstorage_nvmc.o
       930         74         72          8       1296      17999   nrf_fstorage_sd.o
       116         18          0          0          0       2309   nrf_nvmc.o
       632         66         88          3          0      44896   nrf_sdh.o
       104         10         56          0          0       6549   nrf_sdh_ble.o
        60          4         36          0          0       2500   nrf_sdh_soc.o
        78          0          0          0          0       2964   nrf_section_iter.o
       208          0          0          0          0       3760   pb_common.o
      2320         14         36          0          0      38334   pb_decode.o
       740         40        256          0          0       5520   sha256.o
       194         36          4          0         32      11200   sr3_bootloader.o
       664         54          0          4          0       2963   system_nrf52.o

    ----------------------------------------------------------------------
     17860       1202       1660        196      31568     676276   Object Totals
         0          0         32          0          0          0   (incl. Generated)
        40          0          3          3          4          0   (incl. Padding)

    ----------------------------------------------------------------------

      Code (inc. data)   RO Data    RW Data    ZI Data      Debug   Library Member Name

         0          0          0          0          0          0   entry.o
         0          0          0          0          0          0   entry10a.o
         0          0          0          0          0          0   entry11a.o
         8          4          0          0          0          0   entry2.o
         4          0          0          0          0          0   entry5.o
         0          0          0          0          0          0   entry7b.o
         0          0          0          0          0          0   entry8b.o
         8          4          0          0          0          0   entry9a.o
        30          0          0          0          0          0   handlers.o
        36          8          0          0          0         68   init.o
        30          0          0          0          0         68   llshl.o
        26          0          0          0          0         80   memcmp.o
        36          0          0          0          0         68   memcpya.o
        36          0          0          0          0        108   memseta.o
      4732         12        176          0          0      44070   uECC.c.o

    ----------------------------------------------------------------------
      4960         28        176          0          0      44462   Library Totals
        14          0          0          0          0          0   (incl. Padding)

    ----------------------------------------------------------------------

      Code (inc. data)   RO Data    RW Data    ZI Data      Debug   Library Name

       214         16          0          0          0        392   mc_w.l
      4732         12        176          0          0      44070   micro_ecc_lib_nrf52.lib

    ----------------------------------------------------------------------
      4960         28        176          0          0      44462   Library Totals

    ----------------------------------------------------------------------

==============================================================================


      Code (inc. data)   RO Data    RW Data    ZI Data      Debug   

     22820       1230       1836        196      31568     697886   Grand Totals
     22820       1230       1836        196      31568     697886   ELF Image Totals
     22820       1230       1836        196          0          0   ROM Totals

==============================================================================

    Total RO  Size (Code + RO Data)                24656 (  24.08kB)
    Total RW  Size (RW Data + ZI Data)             31764 (  31.02kB)
    Total ROM Size (Code + RO Data + RW Data)      24852 (  24.27kB)

==============================================================================

