<html>
<body>
<pre>
<h1>µVision Build Log</h1>
<h2>Tool Versions:</h2>
IDE-Version: µVision V5.25.2.0
Copyright (C) 2018 ARM Ltd and ARM Germany GmbH. All rights reserved.
License Information: Albert a8cheung, Facebook Inc., LIC=----
 
Tool Versions:
Toolchain:       MDK-Lite  Version: 5.25.2.0
Toolchain Path:  C:\Keil_v5\ARM\ARMCC\Bin
C Compiler:      Armcc.exe V5.06 update 6 (build 750)
Assembler:       Armasm.exe V5.06 update 6 (build 750)
Linker/Locator:  ArmLink.exe V5.06 update 6 (build 750)
Library Manager: ArmAr.exe V5.06 update 6 (build 750)
Hex Converter:   FromElf.exe V5.06 update 6 (build 750)
CPU DLL:         
Dialog DLL:      
Target DLL:      Segger\JL2CM3.dll V2.99.29.0
Dialog DLL:      TCM.DLL V1.35.1.0
 
<h2>Project:</h2>
C:\Nordic Semiconductor\nRFready Smart Remote 3 nRF52 v1.2\nRF5x SDK v14.2.0-SR3\examples\ble_peripheral\smart_remote_3_nrf52\Projects\Bootloader_nRF52832\arm4\Smart_Remote_3_nRF52_Bootloader_nRF52832.uvproj
Project File Date:  07/22/2018

<h2>Output:</h2>
*** Using Compiler 'V5.06 update 6 (build 750)', folder: 'C:\Keil_v5\ARM\ARMCC\Bin'
Rebuild target 'PCA63519-SR3_nRF52832_Shield_Bootloader'
compiling bootloader_key.c...
compiling dfu-cc.pb.c...
compiling drv_board.c...
compiling sr3_bootloader.c...
assembling arm_startup_nrf52.s...
compiling dfu_req_handling.c...
compiling system_nrf52.c...
compiling ble_srv_common.c...
compiling nrf_bootloader.c...
compiling nrf_ble_dfu.c...
compiling nrf_bootloader_app_start.c...
compiling nrf_bootloader_app_start_asm.c...
compiling nrf_bootloader_info.c...
compiling nrf_dfu_flash.c...
compiling nrf_dfu.c...
compiling nrf_dfu_handling_error.c...
compiling nrf_dfu_mbr.c...
compiling nrf_dfu_settings.c...
compiling nrf_dfu_settings_svci.c...
compiling nrf_dfu_transport.c...
compiling nrf_dfu_utils.c...
compiling nrf_crypto_ecdh.c...
compiling nrf_crypto_ecdsa.c...
compiling nrf_crypto_hash.c...
compiling nrf_crypto_init.c...
compiling nrf_crypto_keys.c...
compiling nrf_crypto_mem.c...
compiling micro_ecc_lib_ecdh.c...
compiling nrf_crypto_rng.c...
compiling micro_ecc_lib_ecdsa.c...
compiling micro_ecc_lib_init.c...
compiling micro_ecc_lib_keys.c...
compiling micro_ecc_lib_shared.c...
compiling nrf_crypto_sw_rng.c...
compiling nrf_crypto_sw_hash.c...
compiling nrf_drv_clock.c...
compiling nrf_drv_rng.c...
compiling nrf_drv_common.c...
compiling nrf_drv_wdt.c...
compiling nrf_nvmc.c...
compiling app_error_weak.c...
compiling app_scheduler.c...
compiling app_timer.c...
compiling app_util_platform.c...
compiling crc32.c...
compiling hardfault_handler_keil.c...
compiling hardfault_implementation.c...
compiling hci_mem_pool.c...
compiling nrf_assert.c...
compiling mem_manager.c...
compiling nrf_atfifo.c...
compiling nrf_fprintf.c...
compiling nrf_balloc.c...
compiling nrf_fprintf_format.c...
compiling nrf_fstorage.c...
compiling nrf_fstorage_nvmc.c...
compiling nrf_memobj.c...
compiling nrf_fstorage_sd.c...
compiling nrf_section_iter.c...
compiling nrf_queue.c...
compiling nrf_pwr_mgmt.c...
compiling nrf_strerror.c...
compiling nrf_log_backend_rtt.c...
compiling sha256.c...
compiling nrf_log_backend_serial.c...
compiling nrf_log_frontend.c...
compiling nrf_log_str_formatter.c...
compiling SEGGER_RTT_Syscalls_KEIL.c...
compiling SEGGER_RTT_printf.c...
compiling SEGGER_RTT.c...
compiling nrf_sdh_soc.c...
compiling nrf_sdh.c...
compiling nrf_sdh_ble.c...
compiling pb_common.c...
compiling pb_decode.c...
linking...
Program Size: Code=22820 RO-data=1836 RW-data=196 ZI-data=31568  
FromELF: creating hex file...
".\_build\PCA63519-SR3_nRF52832_Shield_Bootloader.axf" - 0 Error(s), 0 Warning(s).
Build Time Elapsed:  00:01:02
</pre>
</body>
</html>
