Archive member included to satisfy reference by file (symbol)

../../../../../../external/micro-ecc/nrf52hf_armgcc/armgcc/micro_ecc_lib_nrf52.a(uECC.c.o)
                              _build/PCA63519-SR3_nRF52832_Shield/nrf_crypto_sw_rng.c.o (symbol from plugin) (uECC_set_rng)
../../../../../../components/nfc/t2t_lib/nfc_t2t_lib_gcc.a(nfc_t2t_lib.c.o)
                              _build/PCA63519-SR3_nRF52832_Shield/m_nfc.c.o (symbol from plugin) (nfc_t2t_setup)
c:/program files (x86)/gnu tools arm embedded/7 2018-q2-update/bin/../lib/gcc/arm-none-eabi/7.3.1/../../../../arm-none-eabi/lib/thumb/v7e-m/fpv4-sp/hard\libc.a(lib_a-abs.o)
                              _build/PCA63519-SR3_nRF52832_Shield/drv_audio_pdm.c.o (symbol from plugin) (abs)
c:/program files (x86)/gnu tools arm embedded/7 2018-q2-update/bin/../lib/gcc/arm-none-eabi/7.3.1/../../../../arm-none-eabi/lib/thumb/v7e-m/fpv4-sp/hard\libc.a(lib_a-bsearch.o)
                              _build/PCA63519-SR3_nRF52832_Shield/m_protocol_hid.c.o (symbol from plugin) (bsearch)
c:/program files (x86)/gnu tools arm embedded/7 2018-q2-update/bin/../lib/gcc/arm-none-eabi/7.3.1/../../../../arm-none-eabi/lib/thumb/v7e-m/fpv4-sp/hard\libc.a(lib_a-exit.o)
                              c:/program files (x86)/gnu tools arm embedded/7 2018-q2-update/bin/../lib/gcc/arm-none-eabi/7.3.1/../../../../arm-none-eabi/lib/thumb/v7e-m/fpv4-sp/hard/crt0.o (exit)
c:/program files (x86)/gnu tools arm embedded/7 2018-q2-update/bin/../lib/gcc/arm-none-eabi/7.3.1/../../../../arm-none-eabi/lib/thumb/v7e-m/fpv4-sp/hard\libc.a(lib_a-impure.o)
                              c:/program files (x86)/gnu tools arm embedded/7 2018-q2-update/bin/../lib/gcc/arm-none-eabi/7.3.1/../../../../arm-none-eabi/lib/thumb/v7e-m/fpv4-sp/hard\libc.a(lib_a-exit.o) (_global_impure_ptr)
c:/program files (x86)/gnu tools arm embedded/7 2018-q2-update/bin/../lib/gcc/arm-none-eabi/7.3.1/../../../../arm-none-eabi/lib/thumb/v7e-m/fpv4-sp/hard\libc.a(lib_a-init.o)
                              c:/program files (x86)/gnu tools arm embedded/7 2018-q2-update/bin/../lib/gcc/arm-none-eabi/7.3.1/../../../../arm-none-eabi/lib/thumb/v7e-m/fpv4-sp/hard/crt0.o (__libc_init_array)
c:/program files (x86)/gnu tools arm embedded/7 2018-q2-update/bin/../lib/gcc/arm-none-eabi/7.3.1/../../../../arm-none-eabi/lib/thumb/v7e-m/fpv4-sp/hard\libc.a(lib_a-locale.o)
                              _build/PCA63519-SR3_nRF52832_Shield/drv_audio_pdm.c.o (symbol from plugin) (__locale_ctype_ptr)
c:/program files (x86)/gnu tools arm embedded/7 2018-q2-update/bin/../lib/gcc/arm-none-eabi/7.3.1/../../../../arm-none-eabi/lib/thumb/v7e-m/fpv4-sp/hard\libc.a(lib_a-mbtowc_r.o)
                              c:/program files (x86)/gnu tools arm embedded/7 2018-q2-update/bin/../lib/gcc/arm-none-eabi/7.3.1/../../../../arm-none-eabi/lib/thumb/v7e-m/fpv4-sp/hard\libc.a(lib_a-locale.o) (__ascii_mbtowc)
c:/program files (x86)/gnu tools arm embedded/7 2018-q2-update/bin/../lib/gcc/arm-none-eabi/7.3.1/../../../../arm-none-eabi/lib/thumb/v7e-m/fpv4-sp/hard\libc.a(lib_a-memcmp.o)
                              _build/PCA63519-SR3_nRF52832_Shield/drv_touchpad_synaptics.c.o (symbol from plugin) (memcmp)
c:/program files (x86)/gnu tools arm embedded/7 2018-q2-update/bin/../lib/gcc/arm-none-eabi/7.3.1/../../../../arm-none-eabi/lib/thumb/v7e-m/fpv4-sp/hard\libc.a(lib_a-memcpy.o)
                              ../../../../../../components/nfc/t2t_lib/nfc_t2t_lib_gcc.a(nfc_t2t_lib.c.o) (memcpy)
c:/program files (x86)/gnu tools arm embedded/7 2018-q2-update/bin/../lib/gcc/arm-none-eabi/7.3.1/../../../../arm-none-eabi/lib/thumb/v7e-m/fpv4-sp/hard\libc.a(lib_a-memmove.o)
                              _build/PCA63519-SR3_nRF52832_Shield/CNG.c.o (symbol from plugin) (memmove)
c:/program files (x86)/gnu tools arm embedded/7 2018-q2-update/bin/../lib/gcc/arm-none-eabi/7.3.1/../../../../arm-none-eabi/lib/thumb/v7e-m/fpv4-sp/hard\libc.a(lib_a-memset.o)
                              c:/program files (x86)/gnu tools arm embedded/7 2018-q2-update/bin/../lib/gcc/arm-none-eabi/7.3.1/../../../../arm-none-eabi/lib/thumb/v7e-m/fpv4-sp/hard/crt0.o (memset)
c:/program files (x86)/gnu tools arm embedded/7 2018-q2-update/bin/../lib/gcc/arm-none-eabi/7.3.1/../../../../arm-none-eabi/lib/thumb/v7e-m/fpv4-sp/hard\libc.a(lib_a-qsort.o)
                              _build/PCA63519-SR3_nRF52832_Shield/nrf_cli.c.o (symbol from plugin) (qsort)
c:/program files (x86)/gnu tools arm embedded/7 2018-q2-update/bin/../lib/gcc/arm-none-eabi/7.3.1/../../../../arm-none-eabi/lib/thumb/v7e-m/fpv4-sp/hard\libc.a(lib_a-strcmp.o)
                              c:/program files (x86)/gnu tools arm embedded/7 2018-q2-update/bin/../lib/gcc/arm-none-eabi/7.3.1/../../../../arm-none-eabi/lib/thumb/v7e-m/fpv4-sp/hard\libc.a(lib_a-locale.o) (strcmp)
c:/program files (x86)/gnu tools arm embedded/7 2018-q2-update/bin/../lib/gcc/arm-none-eabi/7.3.1/../../../../arm-none-eabi/lib/thumb/v7e-m/fpv4-sp/hard\libc.a(lib_a-strcpy.o)
[...]
Memory Configuration

Name             Origin             Length             Attributes
FLASH            0x00023000         0x00052000         xr
RAM              0x20002178         0x0000de88         xrw
*default*        0x00000000         0xffffffff

Linker script and memory map


.text           0x00023000    0x37198
 *(.isr_vector)
 .isr_vector    0x00023000      0x200 _build/PCA63519-SR3_nRF52832_Shield/gcc_startup_nrf52.S.o
                0x00023000                __isr_vector
 *(.text*)
 .text          0x00023200       0x40 c:/program files (x86)/gnu tools arm embedded/7 2018-q2-update/bin/../lib/gcc/arm-none-eabi/7.3.1/thumb/v7e-m/fpv4-sp/hard/crtbegin.o
 .text          0x00023240       0x74 c:/program files (x86)/gnu tools arm embedded/7 2018-q2-update/bin/../lib/gcc/arm-none-eabi/7.3.1/../../../../arm-none-eabi/lib/thumb/v7e-m/fpv4-sp/hard/crt0.o
                0x00023240                _start
                0x00023240                _mainCRTStartup
 .text          0x000232b4     0x7e24 C:\Users\a8cheung\AppData\Local\Temp\ccPGYFVX.ltrans0.ltrans.o
                0x000232b4                m_coms_ble_lesc_notify.lto_priv.413
                0x00023320                ias_evt_handler.lto_priv.386
                0x000233c4                ble_ias_on_ble_evt
                0x0002350c                touchpad_read_callback.lto_priv.359
                0x00023680                m_acc_interupt_handler.lto_priv.376
                0x00023684                on_hids_evt.lto_priv.234
                0x00023728                conn_params_error_handler.lto_priv.389
                0x0002373c                ble_hids_error_handler.lto_priv.385
                0x00023754                ble_hids_evt_handler.lto_priv.384
                0x00023804                m_coms_hid_boot_mode_callback.lto_priv.416
                0x00023814                touchpad_enable_disable_callback.lto_priv.414
                0x00023910                m_batt_meas_timeout_handler.lto_priv.373
                0x00023c0c                gatt_evt_handler.lto_priv.392
                0x00023e24                m_audio_reset_gauges.lto_priv.362
                0x00025598                m_coms_ble_adv_pm_evt_handler.lto_priv.388
                0x00025f0c                on_encrypt_timeout.lto_priv.383
                0x00025f78                ble_nus_on_ble_evt
                0x000262a0                ble_bas_on_ble_evt
                0x00026510                m_coms_report_free_func.lto_priv.237
                0x000269b0                m_batt_meas_saadc_event_handler
                0x00026a2c                m_audio_buffer_handler.lto_priv.374
                0x00027058                pwm_handler.lto_priv.372
                0x00027490                sd_ble_gap_lesc_oob_data_set.lto_priv.489
                0x00027494                sd_ble_gap_lesc_oob_data_get.lto_priv.455
                0x00027498                sd_ble_gap_lesc_dhkey_reply.lto_priv.490
                0x0002749c                sd_ble_gatts_hvx.lto_priv.285.lto_priv.286
                0x0002749c                sd_ble_gatts_hvx.lto_priv.284.lto_priv.288
                0x000276f8                m_coms_ble_dfu_fs_evt_handler.lto_priv.417
                0x00027d18                m_coms_event_handler
                0x00027e4c                m_coms_ble_adv_start
                0x00027e74                sd_ble_opt_set.lto_priv.483
                0x00028094                peer_manager_evt_handler.lto_priv.393
                0x00028bec                sd_ble_cfg_set.lto_priv.484
                0x00028bf0                sd_ble_gap_device_name_set.lto_priv.478
                0x00028bf4                sd_ble_gap_appearance_set.lto_priv.477
                0x00028bf8                sd_ble_gap_tx_power_set.lto_priv.479
                0x00028bfc                m_coms_data_desc_destroy.lto_priv.264
                0x00028cf8                m_coms_channel_enqueue.lto_priv.263
                0x00028e78                m_audio_disable
                0x00028f40                event_send
                0x00029024                m_coms_ble_evt_handler.lto_priv.415
                0x000295e0                m_acc_click_handler.lto_priv.377
                0x00029608                SystemInit
                0x00029900                _WriteNoCheck.lto_priv.269
                0x00029940                _DoInit.lto_priv.268
                0x000299a0                char_add.lto_priv.475
                0x00029a64                nrf_drv_twi_enable
                0x00029aa4                nrf_drv_twi_uninit
                0x00029b88                nrf_drv_rng_rand
                0x00029d34                nrf_drv_rng_bytes_available
                0x00029dc0                nrf_gpio_pin_port_decode.isra.0.part.1.lto_priv.457
                0x00029dc0                nrf_gpio_pin_port_decode.isra.0.part.1.lto_priv.232
                0x00029dc0                nrf_gpio_pin_port_decode.isra.1.part.2.lto_priv.456
                0x00029dd0                nrf_drv_common_irq_enable
                0x00029f10                drv_audio_pdm_event_handler.lto_priv.375
                0x0002a0ac                nrf_drv_clock_init.part.2
                0x0002a228                sd_clock_hfclk_release.lto_priv.314
                0x0002a22c                sd_clock_hfclk_request.lto_priv.313
                0x0002a230                drv_leds_all
                0x0002a234                drv_leds_clr
                0x0002a2cc                drv_leds_set
                0x0002a364                drv_keyboard_schedule_scan.part.0.lto_priv.486
                0x0002a3bc                drv_keyboard_timer_handler.lto_priv.411
                0x0002a420                drv_ir_send_symbol
                0x0002a738                drv_audio_codec_log_config.lto_priv.454
                0x0002aee0                lis3dh_write_regs.lto_priv.242
                0x0002af2c                drv_acc_mode_set
 .text.unlikely
                0x0002b0d8      0x166 C:\Users\a8cheung\AppData\Local\Temp\ccPGYFVX.ltrans0.ltrans.o
                0x0002b0d8                sd_ble_uuid_vs_add.lto_priv.469.lto_priv.472
                0x0002b0d8                sd_ble_uuid_vs_add.lto_priv.470.lto_priv.471
                0x0002b0dc                sd_ble_gatts_characteristic_add.lto_priv.252.lto_priv.253
                0x0002b0dc                sd_ble_gatts_characteristic_add.lto_priv.464.lto_priv.474
                0x0002b0dc                sd_ble_gatts_characteristic_add.lto_priv.463.lto_priv.466
                0x0002b0dc                sd_ble_gatts_characteristic_add.lto_priv.465.lto_priv.467
                0x0002b0dc                sd_ble_gatts_characteristic_add.lto_priv.251.lto_priv.270
                0x0002b0e0                sd_ble_gatts_service_add.lto_priv.458.lto_priv.476
                0x0002b0e0                sd_ble_gatts_service_add.lto_priv.255.lto_priv.256
                0x0002b0e0                sd_ble_gatts_service_add.lto_priv.254.lto_priv.271
                0x0002b0e0                sd_ble_gatts_service_add.lto_priv.459.lto_priv.462
                0x0002b0e0                sd_ble_gatts_service_add.lto_priv.460.lto_priv.473
                0x0002b0e0                sd_ble_gatts_service_add.lto_priv.461.lto_priv.468
                0x0002b0e4                sd_power_dcdc_mode_set.lto_priv.482
                0x0002b0e8                sd_ble_gatts_descriptor_add.lto_priv.259.lto_priv.272
                0x0002b0e8                sd_ble_gatts_descriptor_add.lto_priv.260.lto_priv.261
                0x0002b0ec                rep_char_add.isra.9.lto_priv.258
                0x0002b23a                sd_ble_gatts_include_add.lto_priv.257
 *fill*         0x0002b23e        0x2 
 .text.startup  0x0002b240      0x8b0 C:\Users\a8cheung\AppData\Local\Temp\ccPGYFVX.ltrans0.ltrans.o
                0x0002b240                main
 .text          0x0002baf0     0x8ab4 C:\Users\a8cheung\AppData\Local\Temp\ccPGYFVX.ltrans1.ltrans.o
                0x0002bb18                is_busy.lto_priv.425
                0x0002bb28                wmap.lto_priv.424
                0x0002bb2c                rmap.lto_priv.423
                0x0002bb30                init.lto_priv.418
                0x0002bf40                uninit.lto_priv.419
                0x0002c024                read.lto_priv.420
                0x0002c034                task_mnanager_info.lto_priv.612
                0x0002c21c                nrf_pwr_mgmt_run
                0x0002c470                erase.lto_priv.422
                0x0002c4d8                write.lto_priv.421
                0x0002c544                cli_rtt_write.lto_priv.608
                0x0002c6f8                sd_nvic_critical_region_enter.constprop.229
                0x0002c750                nrf_drv_twi_init.constprop.226
                0x0002cb94                lis3dh_int_enable.constprop.223
                0x0002cbc4                silk_lin2log.constprop.215
                0x0002cbfc                opus_encoder_ctl.constprop.214
                0x0002d014                celt_encoder_get_size.constprop.206
                0x0002d01c                opus_repacketizer_cat_impl.constprop.201
                0x0002d280                opus_repacketizer_out_range_impl.constprop.200
                0x0002d4e4                op_pvq_search_c.constprop.198
                0x0002d71c                quant_all_bands.constprop.196
                0x0002e41c                compute_allocation.constprop.194
                0x0002eebc                compute_band_energies.constprop.191
                0x0002eff8                clt_mdct_forward_c.constprop.190
                0x0002fc7c                comb_filter.constprop.188
                0x00030028                remove_doubling.constprop.187
                0x000303e4                pitch_search.constprop.186
                0x000306a0                _celt_autocorr.constprop.184
                0x00030864                opus_encode_native.constprop.178
                0x00032150                nrf_drv_pwm_is_stopped.constprop.170
                0x0003219c                nrf_mpu_region_create.constprop.134
                0x0003227c                sdk_mapped_flags_get_by_key.part.1.constprop.129
                0x000322b4                nrf_fstorage_write.constprop.127
                0x00032320                nrf_fstorage_erase.constprop.126
                0x00032358                pm_buffer_ptr_get.constprop.125
                0x00032394                pm_buffer_release.part.1.constprop.124
                0x000323c0                pdb_pds_evt_handler.constprop.122
                0x000324cc                pm_mutex_lock_first_available.constprop.120
                0x00032574                crc32_compute.constprop.104
                0x000325a8                sdk_mapped_flags_key_list_get.constprop.103
                0x000325dc                sdk_mapped_flags_bulk_update_by_key.part.0.constprop.102
                0x00032624                pm_peer_ranks_get.part.19.constprop.92
                0x000326ec                nrf_cli_init.constprop.73
                0x000328c8                m_coms_enqueue_report.constprop.48
                0x00032950                is_conn_params_ok.constprop.23
                0x00032988                pds_peer_data_iterate.part.2.constprop.21
                0x000329f0                cli_read.constprop.3
                0x00032a28                make_argv.constprop.2
                0x00032c48                nrf_crypto_ecc_public_key_size_get
                0x00032c94                nrf_crypto_ecdh_shared_secret_size_get
                0x00032c94                nrf_crypto_ecc_private_key_size_get
                0x00032ce0                task_id_get
                0x00032d30                task_events_set
                0x00032da8                task_yield
                0x00032df4                task_events_wait
                0x00032e70                cli_write.constprop.213
                0x00032f0c                task_stack_protect.lto_priv.654
                0x00032f3c                task_schedule
                0x00033068                nrf_strerror_get
                0x000330d0                nrf_section_iter_next
                0x00033100                nrf_section_iter_init
                0x00033114                nrf_ringbuf_free
                0x00033154                nrf_ringbuf_cpy_put
                0x00033210                nrf_queue_max_utilization_get
                0x00033230                nrf_queue_generic_pop
                0x00033470                twi_event_handler.lto_priv.412
                0x000334d4                nrf_queue_push
                0x0003360c                nrf_twi_mngr_schedule.constprop.225
                0x0003366c                nrf_twi_mngr_perform.constprop.224
                0x000336b4                lis3dh_read_regs.constprop.222
                0x000336f0                nrf_pwr_mgmt_shutdown
                0x000337ac                nrf_pwr_mgmt_timeout_handler.lto_priv.556
                0x000337e8                nrf_pwr_mgmt_feed
                0x00033818                NVIC_SystemReset.lto_priv.240.lto_priv.653
                0x0003393c                nrf_memobj_read
                0x0003394c                nrf_memobj_write
                0x0003395c                nrf_memobj_get
                0x0003397c                nrf_memobj_free
                0x000339b0                nrf_memobj_put
                0x000339d8                nrf_memobj_alloc
                0x00033a54                nrf_fstorage_is_busy.part.1
                0x00033a98                nrf_fprintf_buffer_flush
                0x00033bd0                nrf_fprintf_fmt
                0x000341bc                nrf_fprintf
                0x000343ac                nrf_cli_help_print.constprop.211
                0x00034570                nrf_cli_build_in_cmd_common_executed.constprop.1
 .text.unlikely
                0x000345a4      0xb50 C:\Users\a8cheung\AppData\Local\Temp\ccPGYFVX.ltrans1.ltrans.o
                0x00034678                m_coms_ble_hid_init.constprop.94
 .text          0x000350f4     0x9420 C:\Users\a8cheung\AppData\Local\Temp\ccPGYFVX.ltrans2.ltrans.o
                0x00035140                log_go.lto_priv.629
                0x00035148                log_halt.lto_priv.630
                0x00035150                severity_lvl_get.lto_priv.632
                0x00035170                module_name_get.lto_priv.643
                0x0003526c                nfc_text_rec_payload_constructor
                0x00036e9c                nrf_mpu_cmd_unknown.lto_priv.623
                0x00036ed0                log_cmd.lto_priv.626
                0x00036f0c                nrf_mpu_cmd_dump.lto_priv.624
                0x00036fec                nrf_mpu_cmd_info.lto_priv.625
                0x00037394                log_status.lto_priv.631
                0x0003754c                rng_func.lto_priv.561
                0x000378d0                celt_encode_with_ec
                0x0003a484                haar1
                0x0003a4e8                quant_band.lto_priv.244
                0x0003a86c                quant_band_stereo.lto_priv.245
                0x0003ac80                prefix_process.lto_priv.287
                0x0003ad20                nrf_log_panic
                0x0003ad48                invalid_packets_pushed_str_omit.lto_priv.452
                0x0003adac                nrf_log_frontend_dequeue.part.11
                0x0003b020                nrf_log_frontend_dequeue
                0x0003b034                std_n.lto_priv.336
                0x0003b284                nrf_log_frontend_std_4
                0x0003b4f0                nrf_log_frontend_std_2
                0x0003b734                nrf_log_frontend_std_1
                0x0003bb20                key_combo_util_key_process
                0x0003bbc8                nrf_log_frontend_std_0
                0x0003bde8                app_error_fault_handler
                0x0003bee8                rng_monitor_process_requests.lto_priv.559
                0x0003c00c                nrf_log_module_filter_set
                0x0003c05c                log_ctrl.lto_priv.628
                0x0003c214                micro_ecc_curve_domain_get
                0x0003c25c                nrf_sdh_disable_request
                0x0003c2c8                nrf_sdh_enable_request
                0x0003c378                nfc_ndef_msg_encode
                0x0003c494                sd_ble_gap_device_name_get.lto_priv.292.lto_priv.453
                0x0003c498                nfc_le_oob_payload_constructor
                0x0003c7b4                NFCT_IRQHandler
                0x0003caa4                hal_nfc_done
                0x0003cab4                hal_nfc_stop
                0x0003cac4                hal_nfc_send
                0x0003cb08                hal_nfc_start
                0x0003cb34                hal_nfc_parameter_get
                0x0003cb70                hal_nfc_parameter_set
                0x0003cbc4                hal_nfc_setup
                0x0003cc98                TIMER4_IRQHandler
                0x0003cddc                twi_schedule
                0x0003ce08                nrf_delay_us.lto_priv.298.lto_priv.487
                0x0003ce08                nrf_delay_us.lto_priv.297.lto_priv.652
                0x0003ce08                nrf_delay_us.lto_priv.296.lto_priv.488
                0x0003ce08                nrf_delay_us.lto_priv.281
                0x0003ce90                app_isched_event_put.part.1
                0x0003cec0                app_sched_event_put
                0x0003cf64                SWI2_EGU2_IRQHandler
                0x0003cf8c                rng_monitor_request.part.1
                0x0003d04c                free
                0x0003d05c                malloc
                0x0003d070                HardFault_process
                0x0003d1bc                sec_params_verify.lto_priv.480
                0x0003d228                link_secure.lto_priv.651
                0x0003d440                pm_mutex_lock_status_get
                0x0003d950                sm_pdb_evt_handler
                0x0003e344                pm_mutex_unlock
                0x0003e3b4                pm_mutex_lock
                0x0003e42c                pm_peer_data_bonding_load
                0x0003e474                pm_peer_id_get
                0x0003e498                pm_local_database_has_changed
 .text.unlikely
                0x0003e514        0x4 C:\Users\a8cheung\AppData\Local\Temp\ccPGYFVX.ltrans2.ltrans.o
                0x0003e514                sd_ble_enable.lto_priv.485
 .text          0x0003e518     0x6b5c C:\Users\a8cheung\AppData\Local\Temp\ccPGYFVX.ltrans3.ltrans.o
                0x0003e798                claim.lto_priv.301
                0x0003f8d8                m_coms_ble_lesc_gen_data.lto_priv.515
                0x00041950                peer_id_get_next_used
                0x00041998                pm_pdb_evt_handler
                0x00041b60                write_buf_length_words_set.lto_priv.315
                0x00041b8c                write_buf_store
                0x00041c38                write_buffer_record_release.lto_priv.250
                0x00041c80                write_buffer_record_find.lto_priv.316
                0x00041cd8                pdb_write_buf_get.part.1
                0x00041e84                pdb_write_buf_release
                0x00041ed8                pds_peer_data_iterate_prepare
                0x00041ee8                pds_peer_data_read
                0x00041f50                peers_id_keys_get.lto_priv.648
                0x0004202c                im_master_ids_compare
                0x00042060                sd_ecb_block_encrypt.lto_priv.319
                0x00042064                sd_ble_gap_device_identities_set.lto_priv.646
                0x00042068                sd_ble_gap_whitelist_set.lto_priv.647
                0x0004206c                sd_ble_gap_addr_get.lto_priv.340.lto_priv.645
                0x0004206c                sd_ble_gap_addr_get.lto_priv.339.lto_priv.657
                0x00042070                gscm_db_change_notification_done
                0x00042098                service_changed_pending_set.lto_priv.318
                0x000420ec                gscm_pdb_evt_handler
                0x00042100                sd_ble_gatts_sys_attr_get.lto_priv.347.lto_priv.644
                0x00042104                ble_srv_is_notification_enabled
                0x00042228                ble_conn_state_user_flag_collection
                0x00042244                ble_conn_state_user_flag_set
                0x00042274                pm_sm_evt_handler
                0x000422c0                ble_conn_state_user_flag_get
                0x000422ec                get_connection_by_conn_handle
                0x00042320                im_peer_free
                0x000423f8                im_peer_id_get_by_conn_handle
                0x00042418                evt_send.lto_priv.302
                0x00042430                local_db_apply_in_evt.lto_priv.320
                0x0004252c                gcm_im_evt_handler
                0x00042578                ble_conn_state_conn_handles
                0x0004258c                pending_flags_check.lto_priv.317
                0x00042840                gcm_pdb_evt_handler
                0x000428d8                ble_conn_state_role
                0x00042900                sd_ble_gap_disconnect.lto_priv.355.lto_priv.650
                0x00042a98                ble_advdata_encode
                0x00042e40                sd_ble_gap_adv_data_set.lto_priv.649
                0x00042e44                m_protocol_hid_state_page_it_next
                0x00042e74                m_protocol_hid_state_page_it_init
                0x00042ec8                m_protocol_hid_state_get
                0x00042ef4                m_init
 .text.unlikely
                0x00045074        0xc C:\Users\a8cheung\AppData\Local\Temp\ccPGYFVX.ltrans3.ltrans.o
                0x0004507c                sd_ble_uuid_encode.lto_priv.262
 .text          0x00045080     0x6ec8 C:\Users\a8cheung\AppData\Local\Temp\ccPGYFVX.ltrans4.ltrans.o
                0x00045080                cli_ble_uart_init.lto_priv.596
                0x000450d8                nrf_log_backend_cli_panic_set.lto_priv.602
                0x000450f8                nrf_log_backend_cli_flush.lto_priv.603
                0x00045204                app_timer_cnt_get
                0x00045210                gpiote_handler
                0x0004535c                downmix_int
                0x0004556c                cli_rtt_init.lto_priv.605
                0x000457c8                nrf_cli_cmd_echo_on.lto_priv.618
                0x000457ec                nrf_cli_cmd_echo_off.lto_priv.617
                0x00045810                nrf_cli_cmd_colors_on.lto_priv.621
                0x00045834                nrf_cli_cmd_colors_off.lto_priv.620
                0x00045858                nrf_cli_print_stream
                0x00045a94                nrf_atfifo_item_put
                0x00045ab4                nrf_atfifo_rspace_req.lto_priv.267
                0x00045b0c                nrf_atfifo_wspace_req.lto_priv.266
                0x00045b60                assert_nrf_callback
                0x00045b78                cli_ble_uart_write.lto_priv.599
                0x00045bac                cli_ble_uart_read.lto_priv.600
                0x00045d84                nrf_cli_cmd_resize_default.lto_priv.614
                0x00045dc8                nrf_cli_cmd_cli_stats_reset
                0x00045dfc                nrf_cli_cmd_clear.lto_priv.622
                0x00045e78                nrf_cli_fprintf
                0x00045f30                nrf_cli_cmd_resize.lto_priv.613
                0x00046020                nrf_cli_cmd_cli_stats_get
                0x00046070                nrf_cli_cmd_cli_stats
                0x000460a8                nrf_cli_cmd_history.lto_priv.615
                0x0004613c                nrf_cli_cmd_echo.lto_priv.616
                0x000461a4                nrf_cli_cmd_colors.lto_priv.619
                0x0004653c                nrf_log_backend_cli_put.lto_priv.601
                0x00046598                cli_transport_evt_handler.lto_priv.235
                0x000465c8                string_cmp.lto_priv.236
                0x00046bc4                cmd_get.lto_priv.243
                0x00046c3c                nrf_balloc_init
                0x00046d08                HardFault_Handler
                0x00046d48                fds_record_open.part.8
                0x00046d9c                record_find.part.4.lto_priv.265
                0x000474a4                fds_record_close
                0x000474ec                queue_start.lto_priv.451
                0x00047518                queue_buf_get.lto_priv.450
                0x00047548                write_enqueue.lto_priv.449
                0x0004766c                page_scan.lto_priv.481
                0x000476f4                app_util_critical_region_exit
                0x00047724                cli_rtt_read.lto_priv.609
                0x0004780c                nrf_cli_task_create
                0x00047958                nrf_delay_us.part.0.lto_priv.233
                0x00047958                nrf_delay_us.part.0.lto_priv.655
                0x000479e0                app_timer_stop
                0x00047a94                cli_rtt_uninit.lto_priv.606
                0x00047a9c                cli_ble_uart_uninit.lto_priv.597
                0x00047aa4                app_timer_start
                0x00047c04                nus_data_handler.lto_priv.390
                0x00047ca8                app_timer_create
                0x00047ccc                cli_rtt_enable.lto_priv.607
                0x00047d2c                cli_ble_uart_enable.lto_priv.598
                0x00047d54                SWI0_EGU0_IRQHandler
                0x0004821c                user_enable.part.0.lto_priv.656
                0x000483a0                app_error_handler
                0x00049244                nrf_balloc_free
                0x000494cc                nrf_balloc_alloc
                0x0004961c                RTC1_IRQHandler
                0x00049784                opus_packet_pad.part.1
                0x000497c4                amp2Log2
                0x000498c0                find_best_pitch.lto_priv.247
                0x000499d0                compute_equiv_rate.lto_priv.249
                0x00049a7c                gen_toc.lto_priv.248
                0x00049b04                opus_packet_get_samples_per_frame
                0x00049b64                celt_rcp
                0x00049d3c                celt_sqrt
                0x00049dcc                celt_rsqrt_norm
                0x00049eac                compute_pitch_gain.part.2.lto_priv.246
                0x00049f4c                frac_div32
                0x00049fcc                isqrt32
                0x00049ffc                ec_enc_done
                0x0004a140                ec_enc_shrink
                0x0004a174                ec_enc_bits
                0x0004a1d8                ec_enc_icdf
                0x0004a248                ec_enc_bit_logp
                0x0004a690                ec_encode
                0x0004a74c                ec_enc_uint
                0x0004a7a4                alg_quant
                0x0004a93c                ec_dec_bits
                0x0004a984                ec_decode
                0x0004a9ec                ec_dec_normalize.lto_priv.312
                0x0004aa48                ec_dec_update
                0x0004aa70                ec_dec_uint
                0x0004aaec                alg_unquant
                0x0004ad60                ec_tell_frac
                0x0004ad9c                quant_coarse_energy
                0x0004b218                tf_analysis.isra.7.lto_priv.311
                0x0004b6a4                dynalloc_analysis.isra.3.lto_priv.310
                0x0004bc60                opus_custom_encoder_ctl
 .text          0x0004bf48       0x3c _build/PCA63519-SR3_nRF52832_Shield/gcc_startup_nrf52.S.o
                0x0004bf48                Reset_Handler
                0x0004bf70                NMI_Handler
                0x0004bf74                MemoryManagement_Handler
                0x0004bf76                BusFault_Handler
                0x0004bf78                UsageFault_Handler
                0x0004bf7a                SVC_Handler
                0x0004bf7c                DebugMon_Handler
                0x0004bf7e                PendSV_Handler
                0x0004bf80                SysTick_Handler
                0x0004bf82                RADIO_IRQHandler
                0x0004bf82                PDM_IRQHandler
                0x0004bf82                TEMP_IRQHandler
                0x0004bf82                QDEC_IRQHandler
                0x0004bf82                TIMER3_IRQHandler
                0x0004bf82                FPU_IRQHandler
                0x0004bf82                SPIM0_SPIS0_TWIM0_TWIS0_SPI0_TWI0_IRQHandler
                0x0004bf82                POWER_CLOCK_IRQHandler
                0x0004bf82                UARTE0_UART0_IRQHandler
                0x0004bf82                I2S_IRQHandler
                0x0004bf82                SWI4_EGU4_IRQHandler
                0x0004bf82                RTC0_IRQHandler
                0x0004bf82                PWM1_IRQHandler
                0x0004bf82                TIMER1_IRQHandler
                0x0004bf82                PWM2_IRQHandler
                0x0004bf82                ECB_IRQHandler
                0x0004bf82                SPIM1_SPIS1_TWIM1_TWIS1_SPI1_TWI1_IRQHandler
                0x0004bf82                Default_Handler
                0x0004bf82                SAADC_IRQHandler
                0x0004bf82                CCM_AAR_IRQHandler
                0x0004bf82                WDT_IRQHandler
                0x0004bf82                GPIOTE_IRQHandler
                0x0004bf82                SWI5_EGU5_IRQHandler
                0x0004bf82                RNG_IRQHandler
                0x0004bf82                RTC2_IRQHandler
                0x0004bf82                PWM0_IRQHandler
                0x0004bf82                SWI3_EGU3_IRQHandler
                0x0004bf82                SWI1_EGU1_IRQHandler
                0x0004bf82                SPIM2_SPIS2_SPI2_IRQHandler
                0x0004bf82                TIMER2_IRQHandler
                0x0004bf82                MWU_IRQHandler
                0x0004bf82                TIMER0_IRQHandler
                0x0004bf82                COMP_LPCOMP_IRQHandler
 .text          0x0004bf84       0x38 _build/PCA63519-SR3_nRF52832_Shield/stack_profiler_gcc.s.o.o
                0x0004bf84                stack_profiler_init
                0x0004bf9c                stack_profiler_get_max_stack_usage
 .text          0x0004bfbc      0x2f2 _build/PCA63519-SR3_nRF52832_Shield/celt_pitch_xcorr_arm_gcc.s.o.o
                0x0004c09c                celt_pitch_xcorr_edsp
 *fill*         0x0004c2ae        0x2 
 .text          0x0004c2b0       0x50 _build/PCA63519-SR3_nRF52832_Shield/task_manager_core_armgcc.S.o
                0x0004c2b0                task_switch
 .text.bcopy    0x0004c300        0xc ../../../../../../external/micro-ecc/nrf52hf_armgcc/armgcc/micro_ecc_lib_nrf52.a(uECC.c.o)
 .text.uECC_vli_cmp_unsafe
                0x0004c30c       0x2a ../../../../../../external/micro-ecc/nrf52hf_armgcc/armgcc/micro_ecc_lib_nrf52.a(uECC.c.o)
 *fill*         0x0004c336        0xa 
 .text.uECC_vli_add
                0x0004c340       0x58 ../../../../../../external/micro-ecc/nrf52hf_armgcc/armgcc/micro_ecc_lib_nrf52.a(uECC.c.o)
                0x0004c340                uECC_vli_add
 *fill*         0x0004c398        0x8 
 .text.uECC_vli_sub
                0x0004c3a0       0x60 ../../../../../../external/micro-ecc/nrf52hf_armgcc/armgcc/micro_ecc_lib_nrf52.a(uECC.c.o)
                0x0004c3a0                uECC_vli_sub
 .text.uECC_vli_mult
                0x0004c400      0x312 ../../../../../../external/micro-ecc/nrf52hf_armgcc/armgcc/micro_ecc_lib_nrf52.a(uECC.c.o)
                0x0004c400                uECC_vli_mult
 .text.uECC_vli_square
                0x0004c712      0x28c ../../../../../../external/micro-ecc/nrf52hf_armgcc/armgcc/micro_ecc_lib_nrf52.a(uECC.c.o)
                0x0004c712                uECC_vli_square
 *fill*         0x0004c99e        0x2 
 .text.uECC_set_rng
                0x0004c9a0        0xc ../../../../../../external/micro-ecc/nrf52hf_armgcc/armgcc/micro_ecc_lib_nrf52.a(uECC.c.o)
                0x0004c9a0                uECC_set_rng
 .text.uECC_vli_clear
                0x0004c9ac       0x18 ../../../../../../external/micro-ecc/nrf52hf_armgcc/armgcc/micro_ecc_lib_nrf52.a(uECC.c.o)
                0x0004c9ac                uECC_vli_clear
 .text.uECC_vli_isZero
                0x0004c9c4       0x1e ../../../../../../external/micro-ecc/nrf52hf_armgcc/armgcc/micro_ecc_lib_nrf52.a(uECC.c.o)
                0x0004c9c4                uECC_vli_isZero
 .text.uECC_vli_testBit
                0x0004c9e2       0x12 ../../../../../../external/micro-ecc/nrf52hf_armgcc/armgcc/micro_ecc_lib_nrf52.a(uECC.c.o)
                0x0004c9e2                uECC_vli_testBit
 .text.regularize_k
                0x0004c9f4       0x5a ../../../../../../external/micro-ecc/nrf52hf_armgcc/armgcc/micro_ecc_lib_nrf52.a(uECC.c.o)
 .text.uECC_vli_numBits
                0x0004ca4e       0x44 ../../../../../../external/micro-ecc/nrf52hf_armgcc/armgcc/micro_ecc_lib_nrf52.a(uECC.c.o)
                0x0004ca4e                uECC_vli_numBits
 .text.uECC_vli_set
                0x0004ca92       0x1a ../../../../../../external/micro-ecc/nrf52hf_armgcc/armgcc/micro_ecc_lib_nrf52.a(uECC.c.o)
                0x0004ca92                uECC_vli_set
 .text.vli_mmod_fast_secp192r1
                0x0004caac       0x94 ../../../../../../external/micro-ecc/nrf52hf_armgcc/armgcc/micro_ecc_lib_nrf52.a(uECC.c.o)
 .text.vli_mmod_fast_secp224r1
                0x0004cb40       0xdc ../../../../../../external/micro-ecc/nrf52hf_armgcc/armgcc/micro_ecc_lib_nrf52.a(uECC.c.o)
 .text.vli_mmod_fast_secp256r1
                0x0004cc1c      0x1b0 ../../../../../../external/micro-ecc/nrf52hf_armgcc/armgcc/micro_ecc_lib_nrf52.a(uECC.c.o)
 .text.uECC_vli_cmp
                0x0004cdcc       0x36 ../../../../../../external/micro-ecc/nrf52hf_armgcc/armgcc/micro_ecc_lib_nrf52.a(uECC.c.o)
                0x0004cdcc                uECC_vli_cmp
 .text.uECC_vli_rshift1
                0x0004ce02       0x1a ../../../../../../external/micro-ecc/nrf52hf_armgcc/armgcc/micro_ecc_lib_nrf52.a(uECC.c.o)
                0x0004ce02                uECC_vli_rshift1
 .text.vli_modInv_update
                0x0004ce1c       0x3a ../../../../../../external/micro-ecc/nrf52hf_armgcc/armgcc/micro_ecc_lib_nrf52.a(uECC.c.o)
 .text.omega_mult_secp160r1
                0x0004ce56       0x42 ../../../../../../external/micro-ecc/nrf52hf_armgcc/armgcc/micro_ecc_lib_nrf52.a(uECC.c.o)
 .text.vli_mmod_fast_secp160r1
                0x0004ce98       0x84 ../../../../../../external/micro-ecc/nrf52hf_armgcc/armgcc/micro_ecc_lib_nrf52.a(uECC.c.o)
 .text.uECC_vli_modAdd
                0x0004cf1c       0x32 ../../../../../../external/micro-ecc/nrf52hf_armgcc/armgcc/micro_ecc_lib_nrf52.a(uECC.c.o)
                0x0004cf1c                uECC_vli_modAdd
 .text.uECC_vli_modSub
                0x0004cf4e       0x24 ../../../../../../external/micro-ecc/nrf52hf_armgcc/armgcc/micro_ecc_lib_nrf52.a(uECC.c.o)
                0x0004cf4e                uECC_vli_modSub
 .text.uECC_vli_modMult_fast
                0x0004cf72       0x20 ../../../../../../external/micro-ecc/nrf52hf_armgcc/armgcc/micro_ecc_lib_nrf52.a(uECC.c.o)
                0x0004cf72                uECC_vli_modMult_fast
 .text.uECC_vli_modSquare_fast
                0x0004cf92       0x20 ../../../../../../external/micro-ecc/nrf52hf_armgcc/armgcc/micro_ecc_lib_nrf52.a(uECC.c.o)
                0x0004cf92                uECC_vli_modSquare_fast
 .text.x_side_default
                0x0004cfb2       0x5a ../../../../../../external/micro-ecc/nrf52hf_armgcc/armgcc/micro_ecc_lib_nrf52.a(uECC.c.o)
 .text.double_jacobian_default
                0x0004d00c      0x154 ../../../../../../external/micro-ecc/nrf52hf_armgcc/armgcc/micro_ecc_lib_nrf52.a(uECC.c.o)
 .text.XYcZ_addC
                0x0004d160      0x118 ../../../../../../external/micro-ecc/nrf52hf_armgcc/armgcc/micro_ecc_lib_nrf52.a(uECC.c.o)
 .text.XYcZ_add
                0x0004d278       0xca ../../../../../../external/micro-ecc/nrf52hf_armgcc/armgcc/micro_ecc_lib_nrf52.a(uECC.c.o)
 .text.apply_z  0x0004d342       0x3e ../../../../../../external/micro-ecc/nrf52hf_armgcc/armgcc/micro_ecc_lib_nrf52.a(uECC.c.o)
 .text.uECC_vli_modInv
                0x0004d380      0x10c ../../../../../../external/micro-ecc/nrf52hf_armgcc/armgcc/micro_ecc_lib_nrf52.a(uECC.c.o)
                0x0004d380                uECC_vli_modInv
 .text.EccPoint_mult
                0x0004d48c      0x1a2 ../../../../../../external/micro-ecc/nrf52hf_armgcc/armgcc/micro_ecc_lib_nrf52.a(uECC.c.o)
 .text.EccPoint_compute_public_key
                0x0004d62e       0x56 ../../../../../../external/micro-ecc/nrf52hf_armgcc/armgcc/micro_ecc_lib_nrf52.a(uECC.c.o)
 .text.uECC_secp160r1
                0x0004d684        0x8 ../../../../../../external/micro-ecc/nrf52hf_armgcc/armgcc/micro_ecc_lib_nrf52.a(uECC.c.o)
                0x0004d684                uECC_secp160r1
 .text.uECC_secp192r1
                0x0004d68c        0x8 ../../../../../../external/micro-ecc/nrf52hf_armgcc/armgcc/micro_ecc_lib_nrf52.a(uECC.c.o)
                0x0004d68c                uECC_secp192r1
 .text.uECC_secp224r1
                0x0004d694        0x8 ../../../../../../external/micro-ecc/nrf52hf_armgcc/armgcc/micro_ecc_lib_nrf52.a(uECC.c.o)
                0x0004d694                uECC_secp224r1
 .text.uECC_secp256r1
                0x0004d69c        0x8 ../../../../../../external/micro-ecc/nrf52hf_armgcc/armgcc/micro_ecc_lib_nrf52.a(uECC.c.o)
                0x0004d69c                uECC_secp256r1
 .text.uECC_generate_random_int
                0x0004d6a4       0x78 ../../../../../../external/micro-ecc/nrf52hf_armgcc/armgcc/micro_ecc_lib_nrf52.a(uECC.c.o)
                0x0004d6a4                uECC_generate_random_int
 .text.uECC_make_key
                0x0004d71c       0x3e ../../../../../../external/micro-ecc/nrf52hf_armgcc/armgcc/micro_ecc_lib_nrf52.a(uECC.c.o)
                0x0004d71c                uECC_make_key
 *fill*         0x0004d75a        0x2 
 .text.uECC_shared_secret
                0x0004d75c       0xa4 ../../../../../../external/micro-ecc/nrf52hf_armgcc/armgcc/micro_ecc_lib_nrf52.a(uECC.c.o)
                0x0004d75c                uECC_shared_secret
 .text.halNfcCallback
                0x0004d800      0x2fc ../../../../../../components/nfc/t2t_lib/nfc_t2t_lib_gcc.a(nfc_t2t_lib.c.o)
 .text.nfc_t2t_setup
                0x0004dafc       0x74 ../../../../../../components/nfc/t2t_lib/nfc_t2t_lib_gcc.a(nfc_t2t_lib.c.o)
                0x0004dafc                nfc_t2t_setup
 .text.nfc_t2t_payload_set
                0x0004db70      0x100 ../../../../../../components/nfc/t2t_lib/nfc_t2t_lib_gcc.a(nfc_t2t_lib.c.o)
                0x0004db70                nfc_t2t_payload_set
 .text.nfc_t2t_internal_set
                0x0004dc70       0x34 ../../../../../../components/nfc/t2t_lib/nfc_t2t_lib_gcc.a(nfc_t2t_lib.c.o)
                0x0004dc70                nfc_t2t_internal_set
 .text.nfc_t2t_emulation_start
                0x0004dca4       0x28 ../../../../../../components/nfc/t2t_lib/nfc_t2t_lib_gcc.a(nfc_t2t_lib.c.o)
                0x0004dca4                nfc_t2t_emulation_start
 .text.nfc_t2t_emulation_stop
                0x0004dccc       0x40 ../../../../../../components/nfc/t2t_lib/nfc_t2t_lib_gcc.a(nfc_t2t_lib.c.o)
                0x0004dccc                nfc_t2t_emulation_stop
 .text.abs      0x0004dd0c        0x8 c:/program files (x86)/gnu tools arm embedded/7 2018-q2-update/bin/../lib/gcc/arm-none-eabi/7.3.1/../../../../arm-none-eabi/lib/thumb/v7e-m/fpv4-sp/hard\libc.a(lib_a-abs.o)
                0x0004dd0c                abs
 .text.bsearch  0x0004dd14       0x44 c:/program files (x86)/gnu tools arm embedded/7 2018-q2-update/bin/../lib/gcc/arm-none-eabi/7.3.1/../../../../arm-none-eabi/lib/thumb/v7e-m/fpv4-sp/hard\libc.a(lib_a-bsearch.o)
                0x0004dd14                bsearch
 .text.exit     0x0004dd58       0x20 c:/program files (x86)/gnu tools arm embedded/7 2018-q2-update/bin/../lib/gcc/arm-none-eabi/7.3.1/../../../../arm-none-eabi/lib/thumb/v7e-m/fpv4-sp/hard\libc.a(lib_a-exit.o)
                0x0004dd58                exit
 .text.__libc_init_array
                0x0004dd78       0x48 c:/program files (x86)/gnu tools arm embedded/7 2018-q2-update/bin/../lib/gcc/arm-none-eabi/7.3.1/../../../../arm-none-eabi/lib/thumb/v7e-m/fpv4-sp/hard\libc.a(lib_a-init.o)
                0x0004dd78                __libc_init_array
 .text.__locale_ctype_ptr_l
                0x0004ddc0        0x8 c:/program files (x86)/gnu tools arm embedded/7 2018-q2-update/bin/../lib/gcc/arm-none-eabi/7.3.1/../../../../arm-none-eabi/lib/thumb/v7e-m/fpv4-sp/hard\libc.a(lib_a-locale.o)
                0x0004ddc0                __locale_ctype_ptr_l
 .text.__locale_ctype_ptr
                0x0004ddc8       0x1c c:/program files (x86)/gnu tools arm embedded/7 2018-q2-update/bin/../lib/gcc/arm-none-eabi/7.3.1/../../../../arm-none-eabi/lib/thumb/v7e-m/fpv4-sp/hard\libc.a(lib_a-locale.o)
                0x0004ddc8                __locale_ctype_ptr
 .text.__ascii_mbtowc
                0x0004dde4       0x2c c:/program files (x86)/gnu tools arm embedded/7 2018-q2-update/bin/../lib/gcc/arm-none-eabi/7.3.1/../../../../arm-none-eabi/lib/thumb/v7e-m/fpv4-sp/hard\libc.a(lib_a-mbtowc_r.o)
                0x0004dde4                __ascii_mbtowc
 .text.memcmp   0x0004de10       0x64 c:/program files (x86)/gnu tools arm embedded/7 2018-q2-update/bin/../lib/gcc/arm-none-eabi/7.3.1/../../../../arm-none-eabi/lib/thumb/v7e-m/fpv4-sp/hard\libc.a(lib_a-memcmp.o)
                0x0004de10                memcmp
 .text          0x0004de74      0x134 c:/program files (x86)/gnu tools arm embedded/7 2018-q2-update/bin/../lib/gcc/arm-none-eabi/7.3.1/../../../../arm-none-eabi/lib/thumb/v7e-m/fpv4-sp/hard\libc.a(lib_a-memcpy.o)
                0x0004de74                memcpy
 .text.memmove  0x0004dfa8       0xc8 c:/program files (x86)/gnu tools arm embedded/7 2018-q2-update/bin/../lib/gcc/arm-none-eabi/7.3.1/../../../../arm-none-eabi/lib/thumb/v7e-m/fpv4-sp/hard\libc.a(lib_a-memmove.o)
                0x0004dfa8                memmove
 .text.memset   0x0004e070       0x94 c:/program files (x86)/gnu tools arm embedded/7 2018-q2-update/bin/../lib/gcc/arm-none-eabi/7.3.1/../../../../arm-none-eabi/lib/thumb/v7e-m/fpv4-sp/hard\libc.a(lib_a-memset.o)
                0x0004e070                memset
 .text.qsort    0x0004e104      0x5bc c:/program files (x86)/gnu tools arm embedded/7 2018-q2-update/bin/../lib/gcc/arm-none-eabi/7.3.1/../../../../arm-none-eabi/lib/thumb/v7e-m/fpv4-sp/hard\libc.a(lib_a-qsort.o)
                0x0004e104                qsort
 .text          0x0004e6c0      0x2dc c:/program files (x86)/gnu tools arm embedded/7 2018-q2-update/bin/../lib/gcc/arm-none-eabi/7.3.1/../../../../arm-none-eabi/lib/thumb/v7e-m/fpv4-sp/hard\libc.a(lib_a-strcmp.o)
                0x0004e6c8                strcmp
 .text.strcpy   0x0004e99c       0xbc c:/program files (x86)/gnu tools arm embedded/7 2018-q2-update/bin/../lib/gcc/arm-none-eabi/7.3.1/../../../../arm-none-eabi/lib/thumb/v7e-m/fpv4-sp/hard\libc.a(lib_a-strcpy.o)
                0x0004e99c                strcpy
 *fill*         0x0004ea58       0x28 
 .text          0x0004ea80       0xdc c:/program files (x86)/gnu tools arm embedded/7 2018-q2-update/bin/../lib/gcc/arm-none-eabi/7.3.1/../../../../arm-none-eabi/lib/thumb/v7e-m/fpv4-sp/hard\libc.a(lib_a-strlen.o)
                0x0004ea80                strlen
 .text.strncmp  0x0004eb5c       0x98 c:/program files (x86)/gnu tools arm embedded/7 2018-q2-update/bin/../lib/gcc/arm-none-eabi/7.3.1/../../../../arm-none-eabi/lib/thumb/v7e-m/fpv4-sp/hard\libc.a(lib_a-strncmp.o)
                0x0004eb5c                strncmp
 .text._strtol_l.isra.0
                0x0004ebf4      0x124 c:/program files (x86)/gnu tools arm embedded/7 2018-q2-update/bin/../lib/gcc/arm-none-eabi/7.3.1/../../../../arm-none-eabi/lib/thumb/v7e-m/fpv4-sp/hard\libc.a(lib_a-strtol.o)
 .text.strtol   0x0004ed18       0x2c c:/program files (x86)/gnu tools arm embedded/7 2018-q2-update/bin/../lib/gcc/arm-none-eabi/7.3.1/../../../../arm-none-eabi/lib/thumb/v7e-m/fpv4-sp/hard\libc.a(lib_a-strtol.o)
                0x0004ed18                strtol
 .text.__ascii_wctomb
                0x0004ed44       0x1c c:/program files (x86)/gnu tools arm embedded/7 2018-q2-update/bin/../lib/gcc/arm-none-eabi/7.3.1/../../../../arm-none-eabi/lib/thumb/v7e-m/fpv4-sp/hard\libc.a(lib_a-wctomb_r.o)
                0x0004ed44                __ascii_wctomb
 .text.startup.register_fini
                0x0004ed60       0x14 c:/program files (x86)/gnu tools arm embedded/7 2018-q2-update/bin/../lib/gcc/arm-none-eabi/7.3.1/../../../../arm-none-eabi/lib/thumb/v7e-m/fpv4-sp/hard\libc.a(lib_a-__call_atexit.o)
 .text.__call_exitprocs
                0x0004ed74       0xe8 c:/program files (x86)/gnu tools arm embedded/7 2018-q2-update/bin/../lib/gcc/arm-none-eabi/7.3.1/../../../../arm-none-eabi/lib/thumb/v7e-m/fpv4-sp/hard\libc.a(lib_a-__call_atexit.o)
                0x0004ed74                __call_exitprocs
 .text.atexit   0x0004ee5c        0xc c:/program files (x86)/gnu tools arm embedded/7 2018-q2-update/bin/../lib/gcc/arm-none-eabi/7.3.1/../../../../arm-none-eabi/lib/thumb/v7e-m/fpv4-sp/hard\libc.a(lib_a-atexit.o)
                0x0004ee5c                atexit
 .text.__libc_fini_array
                0x0004ee68       0x34 c:/program files (x86)/gnu tools arm embedded/7 2018-q2-update/bin/../lib/gcc/arm-none-eabi/7.3.1/../../../../arm-none-eabi/lib/thumb/v7e-m/fpv4-sp/hard\libc.a(lib_a-fini.o)
                0x0004ee68                __libc_fini_array
 .text.__retarget_lock_acquire_recursive
                0x0004ee9c        0x4 c:/program files (x86)/gnu tools arm embedded/7 2018-q2-update/bin/../lib/gcc/arm-none-eabi/7.3.1/../../../../arm-none-eabi/lib/thumb/v7e-m/fpv4-sp/hard\libc.a(lib_a-lock.o)
                0x0004ee9c                __retarget_lock_acquire_recursive
 .text.__retarget_lock_release_recursive
                0x0004eea0        0x4 c:/program files (x86)/gnu tools arm embedded/7 2018-q2-update/bin/../lib/gcc/arm-none-eabi/7.3.1/../../../../arm-none-eabi/lib/thumb/v7e-m/fpv4-sp/hard\libc.a(lib_a-lock.o)
                0x0004eea0                __retarget_lock_release_recursive
 .text.__register_exitproc
                0x0004eea4       0xc0 c:/program files (x86)/gnu tools arm embedded/7 2018-q2-update/bin/../lib/gcc/arm-none-eabi/7.3.1/../../../../arm-none-eabi/lib/thumb/v7e-m/fpv4-sp/hard\libc.a(lib_a-__atexit.o)
                0x0004eea4                __register_exitproc
 .text._exit    0x0004ef64        0x4 c:/program files (x86)/gnu tools arm embedded/7 2018-q2-update/bin/../lib/gcc/arm-none-eabi/7.3.1/../../../../arm-none-eabi/lib/thumb/v7e-m/fpv4-sp/hard\libnosys.a(_exit.o)
                0x0004ef64                _exit
 .text.sqrtf    0x0004ef68       0xac c:/program files (x86)/gnu tools arm embedded/7 2018-q2-update/bin/../lib/gcc/arm-none-eabi/7.3.1/../../../../arm-none-eabi/lib/thumb/v7e-m/fpv4-sp/hard\libm.a(lib_a-wf_sqrt.o)
                0x0004ef68                sqrtf
 .text.__ieee754_sqrtf
                0x0004f014        0x8 c:/program files (x86)/gnu tools arm embedded/7 2018-q2-update/bin/../lib/gcc/arm-none-eabi/7.3.1/../../../../arm-none-eabi/lib/thumb/v7e-m/fpv4-sp/hard\libm.a(lib_a-ef_sqrt.o)
                0x0004f014                __ieee754_sqrtf
 .text.matherr  0x0004f01c        0x4 c:/program files (x86)/gnu tools arm embedded/7 2018-q2-update/bin/../lib/gcc/arm-none-eabi/7.3.1/../../../../arm-none-eabi/lib/thumb/v7e-m/fpv4-sp/hard\libm.a(lib_a-s_matherr.o)
                0x0004f01c                matherr
 .text          0x0004f020      0x378 c:/program files (x86)/gnu tools arm embedded/7 2018-q2-update/bin/../lib/gcc/arm-none-eabi/7.3.1/thumb/v7e-m/fpv4-sp/hard\libgcc.a(_arm_addsubdf3.o)
                0x0004f020                __aeabi_drsub
                0x0004f028                __aeabi_dsub
                0x0004f028                __subdf3
                0x0004f02c                __aeabi_dadd
                0x0004f02c                __adddf3
                0x0004f2a4                __floatunsidf
                0x0004f2a4                __aeabi_ui2d
                0x0004f2c4                __floatsidf
                0x0004f2c4                __aeabi_i2d
                0x0004f2e8                __aeabi_f2d
                0x0004f2e8                __extendsfdf2
                0x0004f32c                __floatundidf
                0x0004f32c                __aeabi_ul2d
                0x0004f33c                __floatdidf
                0x0004f33c                __aeabi_l2d
 .text          0x0004f398      0x424 c:/program files (x86)/gnu tools arm embedded/7 2018-q2-update/bin/../lib/gcc/arm-none-eabi/7.3.1/thumb/v7e-m/fpv4-sp/hard\libgcc.a(_arm_muldivdf3.o)
                0x0004f398                __aeabi_dmul
                0x0004f398                __muldf3
                0x0004f5ec                __divdf3
                0x0004f5ec                __aeabi_ddiv
 .text          0x0004f7bc       0xa0 c:/program files (x86)/gnu tools arm embedded/7 2018-q2-update/bin/../lib/gcc/arm-none-eabi/7.3.1/thumb/v7e-m/fpv4-sp/hard\libgcc.a(_arm_truncdfsf2.o)
                0x0004f7bc                __truncdfsf2
                0x0004f7bc                __aeabi_d2f
 .text.__errno  0x0004f85c        0xc c:/program files (x86)/gnu tools arm embedded/7 2018-q2-update/bin/../lib/gcc/arm-none-eabi/7.3.1/../../../../arm-none-eabi/lib/thumb/v7e-m/fpv4-sp/hard\libg.a(lib_a-errno.o)
                0x0004f85c                __errno
 .text          0x0004f868       0x30 c:/program files (x86)/gnu tools arm embedded/7 2018-q2-update/bin/../lib/gcc/arm-none-eabi/7.3.1/thumb/v7e-m/fpv4-sp/hard\libgcc.a(_aeabi_uldivmod.o)
                0x0004f868                __aeabi_uldivmod
 .text          0x0004f898      0x2cc c:/program files (x86)/gnu tools arm embedded/7 2018-q2-update/bin/../lib/gcc/arm-none-eabi/7.3.1/thumb/v7e-m/fpv4-sp/hard\libgcc.a(_udivmoddi4.o)
                0x0004f898                __udivmoddi4
 .text          0x0004fb64        0x4 c:/program files (x86)/gnu tools arm embedded/7 2018-q2-update/bin/../lib/gcc/arm-none-eabi/7.3.1/thumb/v7e-m/fpv4-sp/hard\libgcc.a(_dvmd_tls.o)
                0x0004fb64                __aeabi_idiv0
                0x0004fb64                __aeabi_ldiv0
 *(.init)
 .init          0x0004fb68        0x4 c:/program files (x86)/gnu tools arm embedded/7 2018-q2-update/bin/../lib/gcc/arm-none-eabi/7.3.1/thumb/v7e-m/fpv4-sp/hard/crti.o
                0x0004fb68                _init
 .init          0x0004fb6c        0x8 c:/program files (x86)/gnu tools arm embedded/7 2018-q2-update/bin/../lib/gcc/arm-none-eabi/7.3.1/thumb/v7e-m/fpv4-sp/hard/crtn.o
 *(.fini)
 .fini          0x0004fb74        0x4 c:/program files (x86)/gnu tools arm embedded/7 2018-q2-update/bin/../lib/gcc/arm-none-eabi/7.3.1/thumb/v7e-m/fpv4-sp/hard/crti.o
                0x0004fb74                _fini
 .fini          0x0004fb78        0x8 c:/program files (x86)/gnu tools arm embedded/7 2018-q2-update/bin/../lib/gcc/arm-none-eabi/7.3.1/thumb/v7e-m/fpv4-sp/hard/crtn.o
 *crtbegin.o(.ctors)
 *crtbegin?.o(.ctors)
 *(EXCLUDE_FILE(*crtend.o *crtend?.o) .ctors)
 *(SORT_BY_NAME(.ctors.*))
 *(.ctors)
 *crtbegin.o(.dtors)
 *crtbegin?.o(.dtors)
 *(EXCLUDE_FILE(*crtend.o *crtend?.o) .dtors)
 *(SORT_BY_NAME(.dtors.*))
 *(.dtors)
 *(.rodata*)
 .rodata        0x0004fb80      0x6dc C:\Users\a8cheung\AppData\Local\Temp\ccPGYFVX.ltrans0.ltrans.o
 .rodata.str1.4
                0x0005025c     0x2c35 C:\Users\a8cheung\AppData\Local\Temp\ccPGYFVX.ltrans0.ltrans.o
                               0x2c69 (size before relaxing)
 *fill*         0x00052e91        0x3 
 .rodata        0x00052e94     0x27d4 C:\Users\a8cheung\AppData\Local\Temp\ccPGYFVX.ltrans1.ltrans.o
                0x00052ea0                SMALL_DIV_TABLE
                0x000531a0                m_coms_report_pool.lto_priv.381
                0x000531bc                m_coms_data_desc_pool.lto_priv.382
                0x000532dc                twi_mngr_queue.lto_priv.307
                0x000532f0                twi_mngr.lto_priv.295
                0x00053300                g_twi_bus_config
                0x00053330                cmd.9375.lto_priv.278
                0x00053348                fft_bitrev60.lto_priv.448
                0x000533c0                fft_bitrev120.lto_priv.447
                0x000534b0                fft_bitrev240.lto_priv.446
                0x00053690                fft_twiddles48000_960.lto_priv.445
                0x00053e10                fft_bitrev480.lto_priv.444
                0x000541d0                cache_caps50.lto_priv.437
                0x00054278                cache_bits50.lto_priv.436
                0x00054400                cache_index50.lto_priv.435
                0x000544d4                mdct_twiddles960.lto_priv.434
                0x000552e4                fft_state48000_960_3.lto_priv.433
                0x00055320                fft_state48000_960_2.lto_priv.432
                0x0005535c                fft_state48000_960_1.lto_priv.431
                0x00055398                fft_state48000_960_0.lto_priv.430
                0x000553d4                window120.lto_priv.429
                0x000554c4                logN400.lto_priv.428
                0x000554f0                band_allocation.lto_priv.427
                0x000555d8                eband5ms.lto_priv.426
                0x00055604                mode48000_960_120.lto_priv.367
 .rodata.str1.4
                0x00055668      0x813 C:\Users\a8cheung\AppData\Local\Temp\ccPGYFVX.ltrans1.ltrans.o
                                0x9ab (size before relaxing)
 *fill*         0x00055e7b        0x1 
 .rodata        0x00055e7c      0x32c C:\Users\a8cheung\AppData\Local\Temp\ccPGYFVX.ltrans2.ltrans.o
                0x00055e7c                m_module_name.lto_priv.627
                0x000560f0                mempool.lto_priv.564
                0x00056120                s_rng_monitor_request_pool.lto_priv.558
 .rodata.str1.4
                0x000561a8      0xd76 C:\Users\a8cheung\AppData\Local\Temp\ccPGYFVX.ltrans2.ltrans.o
                                0xe76 (size before relaxing)
 *fill*         0x00056f1e        0x2 
 .rodata        0x00056f20      0x520 C:\Users\a8cheung\AppData\Local\Temp\ccPGYFVX.ltrans3.ltrans.o
                0x000571d0                s_event_pool.lto_priv.543
                0x000572d0                m_audio_frame_pool.lto_priv.532
                0x000572ec                m_audio_buffer_pool.lto_priv.540
                0x0005731c                m_led_to_pin_map.lto_priv.579
 .rodata.language.10928
                0x00057440        0x2 C:\Users\a8cheung\AppData\Local\Temp\ccPGYFVX.ltrans3.ltrans.o
 *fill*         0x00057442        0x2 
 .rodata.service_changed_pending.9877
                0x00057444        0x4 C:\Users\a8cheung\AppData\Local\Temp\ccPGYFVX.ltrans3.ltrans.o
 .rodata.service_changed_pending.9933
                0x00057448        0x4 C:\Users\a8cheung\AppData\Local\Temp\ccPGYFVX.ltrans3.ltrans.o
 .rodata.str1.4
                0x0005744c      0xd6c C:\Users\a8cheung\AppData\Local\Temp\ccPGYFVX.ltrans3.ltrans.o
                                0xec8 (size before relaxing)
 .rodata        0x000581b8     0x1680 C:\Users\a8cheung\AppData\Local\Temp\ccPGYFVX.ltrans4.ltrans.o
                0x00058414                tf_select_table
                0x00059814                m_colors.lto_priv.289
 .rodata.str1.4
                0x00059838      0x54c C:\Users\a8cheung\AppData\Local\Temp\ccPGYFVX.ltrans4.ltrans.o
                                0x73c (size before relaxing)
 .rodata.curve_secp192r1
                0x00059d84       0xb0 ../../../../../../external/micro-ecc/nrf52hf_armgcc/armgcc/micro_ecc_lib_nrf52.a(uECC.c.o)
 .rodata.curve_secp256r1
                0x00059e34       0xb0 ../../../../../../external/micro-ecc/nrf52hf_armgcc/armgcc/micro_ecc_lib_nrf52.a(uECC.c.o)
 .rodata.curve_secp160r1
                0x00059ee4       0xb0 ../../../../../../external/micro-ecc/nrf52hf_armgcc/armgcc/micro_ecc_lib_nrf52.a(uECC.c.o)
 .rodata.curve_secp224r1
                0x00059f94       0xb0 ../../../../../../external/micro-ecc/nrf52hf_armgcc/armgcc/micro_ecc_lib_nrf52.a(uECC.c.o)
 .rodata.statemachine
                0x0005a044       0x2a ../../../../../../components/nfc/t2t_lib/nfc_t2t_lib_gcc.a(nfc_t2t_lib.c.o)
 *fill*         0x0005a06e        0x2 
 .rodata.nfclibDefaultId
                0x0005a070        0xa ../../../../../../components/nfc/t2t_lib/nfc_t2t_lib_gcc.a(nfc_t2t_lib.c.o)
 *fill*         0x0005a07a        0x2 
 .rodata._global_impure_ptr
                0x0005a07c        0x4 c:/program files (x86)/gnu tools arm embedded/7 2018-q2-update/bin/../lib/gcc/arm-none-eabi/7.3.1/../../../../arm-none-eabi/lib/thumb/v7e-m/fpv4-sp/hard\libc.a(lib_a-impure.o)
                0x0005a07c                _global_impure_ptr
 .rodata._setlocale_r.str1.4
                0x0005a080        0x6 c:/program files (x86)/gnu tools arm embedded/7 2018-q2-update/bin/../lib/gcc/arm-none-eabi/7.3.1/../../../../arm-none-eabi/lib/thumb/v7e-m/fpv4-sp/hard\libc.a(lib_a-locale.o)
                                  0xd (size before relaxing)
 .rodata.str1.4
                0x0005a086        0x6 c:/program files (x86)/gnu tools arm embedded/7 2018-q2-update/bin/../lib/gcc/arm-none-eabi/7.3.1/../../../../arm-none-eabi/lib/thumb/v7e-m/fpv4-sp/hard\libc.a(lib_a-locale.o)
                                  0x2 (size before relaxing)
 *fill*         0x0005a086        0x2 
 .rodata._ctype_
                0x0005a088      0x101 c:/program files (x86)/gnu tools arm embedded/7 2018-q2-update/bin/../lib/gcc/arm-none-eabi/7.3.1/../../../../arm-none-eabi/lib/thumb/v7e-m/fpv4-sp/hard\libc.a(lib_a-ctype_.o)
                0x0005a088                _ctype_
 *fill*         0x0005a189        0x3 
 .rodata.sqrtf.str1.4
                0x0005a18c        0x6 c:/program files (x86)/gnu tools arm embedded/7 2018-q2-update/bin/../lib/gcc/arm-none-eabi/7.3.1/../../../../arm-none-eabi/lib/thumb/v7e-m/fpv4-sp/hard\libm.a(lib_a-wf_sqrt.o)
 *(.eh_frame*)
 *fill*         0x0005a192        0x2 
 .eh_frame      0x0005a194        0x0 c:/program files (x86)/gnu tools arm embedded/7 2018-q2-update/bin/../lib/gcc/arm-none-eabi/7.3.1/thumb/v7e-m/fpv4-sp/hard/crtbegin.o
 .eh_frame      0x0005a194        0x4 c:/program files (x86)/gnu tools arm embedded/7 2018-q2-update/bin/../lib/gcc/arm-none-eabi/7.3.1/thumb/v7e-m/fpv4-sp/hard/crtend.o

.glue_7         0x0005a198        0x0
 .glue_7        0x0005a198        0x0 linker stubs

.glue_7t        0x0005a198        0x0
 .glue_7t       0x0005a198        0x0 linker stubs

.vfp11_veneer   0x0005a198        0x0
 .vfp11_veneer  0x0005a198        0x0 linker stubs

.v4_bx          0x0005a198        0x0
 .v4_bx         0x0005a198        0x0 linker stubs

.iplt           0x0005a198        0x0
 .iplt          0x0005a198        0x0 c:/program files (x86)/gnu tools arm embedded/7 2018-q2-update/bin/../lib/gcc/arm-none-eabi/7.3.1/thumb/v7e-m/fpv4-sp/hard/crtbegin.o

.mem_section_dummy_rom

.combo_member_keys
                0x0005a198        0x0
                0x0005a198                PROVIDE (__start_combo_member_keys = .)
 *(.combo_member_keys)
                0x0005a198                PROVIDE (__stop_combo_member_keys = .)

.combo_descriptions
                0x0005a198        0x0
                0x0005a198                PROVIDE (__start_combo_descriptions = .)
 *(.combo_descriptions)
                0x0005a198                PROVIDE (__stop_combo_descriptions = .)

.cli_command    0x0005a198       0x58
                0x0005a198                PROVIDE (__start_cli_command = .)
 *(.cli_command)
 .cli_command   0x0005a198       0x58 C:\Users\a8cheung\AppData\Local\Temp\ccPGYFVX.ltrans0.ltrans.o
                0x0005a198                nrf_cli_audio_const
                0x0005a1a0                nrf_cli_ble_const
                0x0005a1a8                nrf_cli_log_const
                0x0005a1b0                nrf_cli_mpu_const
                0x0005a1b8                nrf_cli_clear_const
                0x0005a1c0                nrf_cli_colors_const
                0x0005a1c8                nrf_cli_echo_const
                0x0005a1d0                nrf_cli_history_const
                0x0005a1d8                nrf_cli_resize_const
                0x0005a1e0                nrf_cli_cli_stats_const
                0x0005a1e8                nrf_cli_task_manager_const
                0x0005a1f0                PROVIDE (__stop_cli_command = .)

.log_const_data
                0x0005a1f0      0x1b0
                0x0005a1f0                PROVIDE (__start_log_const_data = .)
 *(SORT_BY_NAME(.log_const_data*))
 .log_const_data_app
                0x0005a1f0        0x8 C:\Users\a8cheung\AppData\Local\Temp\ccPGYFVX.ltrans0.ltrans.o
                0x0005a1f0                m_nrf_log_app_logs_data_const
 .log_const_data_app_error
                0x0005a1f8        0x8 C:\Users\a8cheung\AppData\Local\Temp\ccPGYFVX.ltrans0.ltrans.o
                0x0005a1f8                m_nrf_log_app_error_logs_data_const
 .log_const_data_balloc
                0x0005a200        0x8 C:\Users\a8cheung\AppData\Local\Temp\ccPGYFVX.ltrans0.ltrans.o
                0x0005a200                m_nrf_log_balloc_logs_data_const
 .log_const_data_ble_gatt
                0x0005a208        0x8 C:\Users\a8cheung\AppData\Local\Temp\ccPGYFVX.ltrans0.ltrans.o
                0x0005a208                m_nrf_log_ble_gatt_logs_data_const
 .log_const_data_cli_ble
                0x0005a210        0x8 C:\Users\a8cheung\AppData\Local\Temp\ccPGYFVX.ltrans0.ltrans.o
                0x0005a210                m_nrf_log_cli_ble_logs_data_const
 .log_const_data_clock
                0x0005a218        0x8 C:\Users\a8cheung\AppData\Local\Temp\ccPGYFVX.ltrans0.ltrans.o
                0x0005a218                m_nrf_log_clock_logs_data_const
 .log_const_data_drv_acc
                0x0005a220        0x8 C:\Users\a8cheung\AppData\Local\Temp\ccPGYFVX.ltrans0.ltrans.o
                0x0005a220                m_nrf_log_drv_acc_logs_data_const
 .log_const_data_drv_audio_codec
                0x0005a228        0x8 C:\Users\a8cheung\AppData\Local\Temp\ccPGYFVX.ltrans0.ltrans.o
                0x0005a228                m_nrf_log_drv_audio_codec_logs_data_const
 .log_const_data_drv_audio_pdm
                0x0005a230        0x8 C:\Users\a8cheung\AppData\Local\Temp\ccPGYFVX.ltrans0.ltrans.o
                0x0005a230                m_nrf_log_drv_audio_pdm_logs_data_const
 .log_const_data_drv_ir_sirc
                0x0005a238        0x8 C:\Users\a8cheung\AppData\Local\Temp\ccPGYFVX.ltrans0.ltrans.o
                0x0005a238                m_nrf_log_drv_ir_sirc_logs_data_const
 .log_const_data_drv_keyboard
                0x0005a240        0x8 C:\Users\a8cheung\AppData\Local\Temp\ccPGYFVX.ltrans0.ltrans.o
                0x0005a240                m_nrf_log_drv_keyboard_logs_data_const
 .log_const_data_drv_leds
                0x0005a248        0x8 C:\Users\a8cheung\AppData\Local\Temp\ccPGYFVX.ltrans0.ltrans.o
                0x0005a248                m_nrf_log_drv_leds_logs_data_const
 .log_const_data_drv_touchpad
                0x0005a250        0x8 C:\Users\a8cheung\AppData\Local\Temp\ccPGYFVX.ltrans0.ltrans.o
                0x0005a250                m_nrf_log_drv_touchpad_logs_data_const
 .log_const_data_event_bus
                0x0005a258        0x8 C:\Users\a8cheung\AppData\Local\Temp\ccPGYFVX.ltrans0.ltrans.o
                0x0005a258                m_nrf_log_event_bus_logs_data_const
 .log_const_data_gpiote
                0x0005a260        0x8 C:\Users\a8cheung\AppData\Local\Temp\ccPGYFVX.ltrans0.ltrans.o
                0x0005a260                m_nrf_log_gpiote_logs_data_const
 .log_const_data_hal_nfc
                0x0005a268        0x8 C:\Users\a8cheung\AppData\Local\Temp\ccPGYFVX.ltrans0.ltrans.o
                0x0005a268                m_nrf_log_hal_nfc_logs_data_const
 .log_const_data_hardfault
                0x0005a270        0x8 C:\Users\a8cheung\AppData\Local\Temp\ccPGYFVX.ltrans0.ltrans.o
                0x0005a270                m_nrf_log_hardfault_logs_data_const
 .log_const_data_key_combo_util
                0x0005a278        0x8 C:\Users\a8cheung\AppData\Local\Temp\ccPGYFVX.ltrans0.ltrans.o
                0x0005a278                m_nrf_log_key_combo_util_logs_data_const
 .log_const_data_m_acc
                0x0005a280        0x8 C:\Users\a8cheung\AppData\Local\Temp\ccPGYFVX.ltrans0.ltrans.o
                0x0005a280                m_nrf_log_m_acc_logs_data_const
 .log_const_data_m_audio
                0x0005a288        0x8 C:\Users\a8cheung\AppData\Local\Temp\ccPGYFVX.ltrans0.ltrans.o
                0x0005a288                m_nrf_log_m_audio_logs_data_const
 .log_const_data_m_audio_frame
                0x0005a290        0x8 C:\Users\a8cheung\AppData\Local\Temp\ccPGYFVX.ltrans0.ltrans.o
                0x0005a290                m_nrf_log_m_audio_frame_logs_data_const
 .log_const_data_m_audio_gauges
                0x0005a298        0x8 C:\Users\a8cheung\AppData\Local\Temp\ccPGYFVX.ltrans0.ltrans.o
                0x0005a298                m_nrf_log_m_audio_gauges_logs_data_const
 .log_const_data_m_batt_meas
                0x0005a2a0        0x8 C:\Users\a8cheung\AppData\Local\Temp\ccPGYFVX.ltrans0.ltrans.o
                0x0005a2a0                m_nrf_log_m_batt_meas_logs_data_const
 .log_const_data_m_coms
                0x0005a2a8        0x8 C:\Users\a8cheung\AppData\Local\Temp\ccPGYFVX.ltrans0.ltrans.o
                0x0005a2a8                m_nrf_log_m_coms_logs_data_const
 .log_const_data_m_coms_ble
                0x0005a2b0        0x8 C:\Users\a8cheung\AppData\Local\Temp\ccPGYFVX.ltrans0.ltrans.o
                0x0005a2b0                m_nrf_log_m_coms_ble_logs_data_const
 .log_const_data_m_coms_ble_addr
                0x0005a2b8        0x8 C:\Users\a8cheung\AppData\Local\Temp\ccPGYFVX.ltrans0.ltrans.o
                0x0005a2b8                m_nrf_log_m_coms_ble_addr_logs_data_const
 .log_const_data_m_coms_ble_adv
                0x0005a2c0        0x8 C:\Users\a8cheung\AppData\Local\Temp\ccPGYFVX.ltrans0.ltrans.o
                0x0005a2c0                m_nrf_log_m_coms_ble_adv_logs_data_const
 .log_const_data_m_coms_ble_dfu
                0x0005a2c8        0x8 C:\Users\a8cheung\AppData\Local\Temp\ccPGYFVX.ltrans0.ltrans.o
                0x0005a2c8                m_nrf_log_m_coms_ble_dfu_logs_data_const
 .log_const_data_m_coms_ble_hid
                0x0005a2d0        0x8 C:\Users\a8cheung\AppData\Local\Temp\ccPGYFVX.ltrans0.ltrans.o
                0x0005a2d0                m_nrf_log_m_coms_ble_hid_logs_data_const
 .log_const_data_m_coms_ble_lesc
                0x0005a2d8        0x8 C:\Users\a8cheung\AppData\Local\Temp\ccPGYFVX.ltrans0.ltrans.o
                0x0005a2d8                m_nrf_log_m_coms_ble_lesc_logs_data_const
 .log_const_data_m_ir_rx
                0x0005a2e0        0x8 C:\Users\a8cheung\AppData\Local\Temp\ccPGYFVX.ltrans0.ltrans.o
                0x0005a2e0                m_nrf_log_m_ir_rx_logs_data_const
 .log_const_data_m_keyboard
                0x0005a2e8        0x8 C:\Users\a8cheung\AppData\Local\Temp\ccPGYFVX.ltrans0.ltrans.o
                0x0005a2e8                m_nrf_log_m_keyboard_logs_data_const
 .log_const_data_m_leds
                0x0005a2f0        0x8 C:\Users\a8cheung\AppData\Local\Temp\ccPGYFVX.ltrans0.ltrans.o
                0x0005a2f0                m_nrf_log_m_leds_logs_data_const
 .log_const_data_m_nfc
                0x0005a2f8        0x8 C:\Users\a8cheung\AppData\Local\Temp\ccPGYFVX.ltrans0.ltrans.o
                0x0005a2f8                m_nrf_log_m_nfc_logs_data_const
 .log_const_data_m_protocol_hid
                0x0005a300        0x8 C:\Users\a8cheung\AppData\Local\Temp\ccPGYFVX.ltrans0.ltrans.o
                0x0005a300                m_nrf_log_m_protocol_hid_logs_data_const
 .log_const_data_m_protocol_hid_state
                0x0005a308        0x8 C:\Users\a8cheung\AppData\Local\Temp\ccPGYFVX.ltrans0.ltrans.o
                0x0005a308                m_nrf_log_m_protocol_hid_state_logs_data_const
 .log_const_data_m_protocol_ir
                0x0005a310        0x8 C:\Users\a8cheung\AppData\Local\Temp\ccPGYFVX.ltrans0.ltrans.o
                0x0005a310                m_nrf_log_m_protocol_ir_logs_data_const
 .log_const_data_m_system_state
                0x0005a318        0x8 C:\Users\a8cheung\AppData\Local\Temp\ccPGYFVX.ltrans0.ltrans.o
                0x0005a318                m_nrf_log_m_system_state_logs_data_const
 .log_const_data_m_touchpad
                0x0005a320        0x8 C:\Users\a8cheung\AppData\Local\Temp\ccPGYFVX.ltrans0.ltrans.o
                0x0005a320                m_nrf_log_m_touchpad_logs_data_const
 .log_const_data_mem_mngr
                0x0005a328        0x8 C:\Users\a8cheung\AppData\Local\Temp\ccPGYFVX.ltrans0.ltrans.o
                0x0005a328                m_nrf_log_mem_mngr_logs_data_const
 .log_const_data_nrf_mpu
                0x0005a330        0x8 C:\Users\a8cheung\AppData\Local\Temp\ccPGYFVX.ltrans0.ltrans.o
                0x0005a330                m_nrf_log_nrf_mpu_logs_data_const
 .log_const_data_nrf_sdh
                0x0005a338        0x8 C:\Users\a8cheung\AppData\Local\Temp\ccPGYFVX.ltrans0.ltrans.o
                0x0005a338                m_nrf_log_nrf_sdh_logs_data_const
 .log_const_data_nrf_sdh_ble
                0x0005a340        0x8 C:\Users\a8cheung\AppData\Local\Temp\ccPGYFVX.ltrans0.ltrans.o
                0x0005a340                m_nrf_log_nrf_sdh_ble_logs_data_const
 .log_const_data_nrf_sdh_soc
                0x0005a348        0x8 C:\Users\a8cheung\AppData\Local\Temp\ccPGYFVX.ltrans0.ltrans.o
                0x0005a348                m_nrf_log_nrf_sdh_soc_logs_data_const
 .log_const_data_pdm
                0x0005a350        0x8 C:\Users\a8cheung\AppData\Local\Temp\ccPGYFVX.ltrans0.ltrans.o
                0x0005a350                m_nrf_log_pdm_logs_data_const
 .log_const_data_pwm
                0x0005a358        0x8 C:\Users\a8cheung\AppData\Local\Temp\ccPGYFVX.ltrans0.ltrans.o
                0x0005a358                m_nrf_log_pwm_logs_data_const
 .log_const_data_pwr_mgmt
                0x0005a360        0x8 C:\Users\a8cheung\AppData\Local\Temp\ccPGYFVX.ltrans0.ltrans.o
                0x0005a360                m_nrf_log_pwr_mgmt_logs_data_const
 .log_const_data_rng
                0x0005a368        0x8 C:\Users\a8cheung\AppData\Local\Temp\ccPGYFVX.ltrans0.ltrans.o
                0x0005a368                m_nrf_log_rng_logs_data_const
 .log_const_data_rng_monitor
                0x0005a370        0x8 C:\Users\a8cheung\AppData\Local\Temp\ccPGYFVX.ltrans0.ltrans.o
                0x0005a370                m_nrf_log_rng_monitor_logs_data_const
 .log_const_data_saadc
                0x0005a378        0x8 C:\Users\a8cheung\AppData\Local\Temp\ccPGYFVX.ltrans0.ltrans.o
                0x0005a378                m_nrf_log_saadc_logs_data_const
 .log_const_data_stack_guard
                0x0005a380        0x8 C:\Users\a8cheung\AppData\Local\Temp\ccPGYFVX.ltrans0.ltrans.o
                0x0005a380                m_nrf_log_stack_guard_logs_data_const
 .log_const_data_task_manager
                0x0005a388        0x8 C:\Users\a8cheung\AppData\Local\Temp\ccPGYFVX.ltrans0.ltrans.o
                0x0005a388                m_nrf_log_task_manager_logs_data_const
 .log_const_data_twi
                0x0005a390        0x8 C:\Users\a8cheung\AppData\Local\Temp\ccPGYFVX.ltrans0.ltrans.o
                0x0005a390                m_nrf_log_twi_logs_data_const
 .log_const_data_wdt
                0x0005a398        0x8 C:\Users\a8cheung\AppData\Local\Temp\ccPGYFVX.ltrans0.ltrans.o
                0x0005a398                m_nrf_log_wdt_logs_data_const
                0x0005a3a0                PROVIDE (__stop_log_const_data = .)

.pwr_mgmt_data  0x0005a3a0       0x44
                0x0005a3a0                PROVIDE (__start_pwr_mgmt_data = .)
 *(SORT_BY_NAME(.pwr_mgmt_data*))
 .pwr_mgmt_data0
                0x0005a3a0        0x4 C:\Users\a8cheung\AppData\Local\Temp\ccPGYFVX.ltrans0.ltrans.o
 .pwr_mgmt_data0
                0x0005a3a4        0x4 C:\Users\a8cheung\AppData\Local\Temp\ccPGYFVX.ltrans3.ltrans.o
 .pwr_mgmt_data1
                0x0005a3a8        0xc C:\Users\a8cheung\AppData\Local\Temp\ccPGYFVX.ltrans0.ltrans.o
 .pwr_mgmt_data1
                0x0005a3b4        0xc C:\Users\a8cheung\AppData\Local\Temp\ccPGYFVX.ltrans3.ltrans.o
 .pwr_mgmt_data2
                0x0005a3c0        0x4 C:\Users\a8cheung\AppData\Local\Temp\ccPGYFVX.ltrans0.ltrans.o
 .pwr_mgmt_data2
                0x0005a3c4        0x4 C:\Users\a8cheung\AppData\Local\Temp\ccPGYFVX.ltrans3.ltrans.o
 .pwr_mgmt_data3
                0x0005a3c8       0x10 C:\Users\a8cheung\AppData\Local\Temp\ccPGYFVX.ltrans0.ltrans.o
 .pwr_mgmt_data3
                0x0005a3d8        0x4 C:\Users\a8cheung\AppData\Local\Temp\ccPGYFVX.ltrans2.ltrans.o
 .pwr_mgmt_data3
                0x0005a3dc        0x4 C:\Users\a8cheung\AppData\Local\Temp\ccPGYFVX.ltrans3.ltrans.o
 .pwr_mgmt_data4
                0x0005a3e0        0x4 C:\Users\a8cheung\AppData\Local\Temp\ccPGYFVX.ltrans3.ltrans.o
                0x0005a3e4                PROVIDE (__stop_pwr_mgmt_data = .)

.sdh_stack_observers
                0x0005a3e4       0x10
                0x0005a3e4                PROVIDE (__start_sdh_stack_observers = .)
 *(SORT_BY_NAME(.sdh_stack_observers*))
 .sdh_stack_observers0
                0x0005a3e4       0x10 C:\Users\a8cheung\AppData\Local\Temp\ccPGYFVX.ltrans2.ltrans.o
                0x0005a3f4                PROVIDE (__stop_sdh_stack_observers = .)

.sdh_req_observers
                0x0005a3f4        0x8
                0x0005a3f4                PROVIDE (__start_sdh_req_observers = .)
 *(SORT_BY_NAME(.sdh_req_observers*))
 .sdh_req_observers0
                0x0005a3f4        0x8 C:\Users\a8cheung\AppData\Local\Temp\ccPGYFVX.ltrans1.ltrans.o
                0x0005a3f4                m_req_obs
                0x0005a3fc                PROVIDE (__stop_sdh_req_observers = .)

.sdh_state_observers
                0x0005a3fc       0x18
                0x0005a3fc                PROVIDE (__start_sdh_state_observers = .)
 *(SORT_BY_NAME(.sdh_state_observers*))
 .sdh_state_observers0
                0x0005a3fc       0x10 C:\Users\a8cheung\AppData\Local\Temp\ccPGYFVX.ltrans0.ltrans.o
 .sdh_state_observers0
                0x0005a40c        0x8 C:\Users\a8cheung\AppData\Local\Temp\ccPGYFVX.ltrans1.ltrans.o
                0x0005a414                PROVIDE (__stop_sdh_state_observers = .)

.svc_data       0x0005a414        0x0
                [!provide]                PROVIDE (__start_svc_data = .)
 *(.svc_data)
                [!provide]                PROVIDE (__stop_svc_data = .)

.sdh_ble_observers
                0x0005a414       0x60
                0x0005a414                PROVIDE (__start_sdh_ble_observers = .)
 *(SORT_BY_NAME(.sdh_ble_observers*))
 .sdh_ble_observers0
                0x0005a414       0x20 C:\Users\a8cheung\AppData\Local\Temp\ccPGYFVX.ltrans3.ltrans.o
 .sdh_ble_observers1
                0x0005a434       0x18 C:\Users\a8cheung\AppData\Local\Temp\ccPGYFVX.ltrans0.ltrans.o
 .sdh_ble_observers1
                0x0005a44c        0x8 C:\Users\a8cheung\AppData\Local\Temp\ccPGYFVX.ltrans2.ltrans.o
 .sdh_ble_observers1
                0x0005a454       0x10 C:\Users\a8cheung\AppData\Local\Temp\ccPGYFVX.ltrans3.ltrans.o
 .sdh_ble_observers1
                0x0005a464        0x8 C:\Users\a8cheung\AppData\Local\Temp\ccPGYFVX.ltrans4.ltrans.o
 .sdh_ble_observers2
                0x0005a46c        0x8 C:\Users\a8cheung\AppData\Local\Temp\ccPGYFVX.ltrans0.ltrans.o
                0x0005a474                PROVIDE (__stop_sdh_ble_observers = .)

.sdh_soc_observers
                0x0005a474       0x20
                0x0005a474                PROVIDE (__start_sdh_soc_observers = .)
 *(SORT_BY_NAME(.sdh_soc_observers*))
 .sdh_soc_observers0
                0x0005a474        0x8 C:\Users\a8cheung\AppData\Local\Temp\ccPGYFVX.ltrans0.ltrans.o
 .sdh_soc_observers0
                0x0005a47c        0x8 C:\Users\a8cheung\AppData\Local\Temp\ccPGYFVX.ltrans1.ltrans.o
 .sdh_soc_observers1
                0x0005a484       0x10 C:\Users\a8cheung\AppData\Local\Temp\ccPGYFVX.ltrans0.ltrans.o
                0x0005a494                PROVIDE (__stop_sdh_soc_observers = .)

.ARM.extab
 *(.ARM.extab* .gnu.linkonce.armextab.*)
                0x0005a494                __exidx_start = .

.ARM.exidx      0x0005a494        0x8
 *(.ARM.exidx* .gnu.linkonce.armexidx.*)
 .ARM.exidx     0x0005a494        0x8 c:/program files (x86)/gnu tools arm embedded/7 2018-q2-update/bin/../lib/gcc/arm-none-eabi/7.3.1/../../../../arm-none-eabi/lib/thumb/v7e-m/fpv4-sp/hard/crt0.o
 .ARM.exidx     0x0005a49c        0x0 _build/PCA63519-SR3_nRF52832_Shield/stack_profiler_gcc.s.o.o
                                 0x10 (size before relaxing)
 .ARM.exidx     0x0005a49c        0x0 _build/PCA63519-SR3_nRF52832_Shield/celt_pitch_xcorr_arm_gcc.s.o.o
                                 0x10 (size before relaxing)
 .ARM.exidx     0x0005a49c        0x0 c:/program files (x86)/gnu tools arm embedded/7 2018-q2-update/bin/../lib/gcc/arm-none-eabi/7.3.1/thumb/v7e-m/fpv4-sp/hard\libgcc.a(_udivmoddi4.o)
                                  0x8 (size before relaxing)
                0x0005a49c                __exidx_end = .
                0x0005a49c                __etext = .

.rel.dyn        0x0005a49c        0x0
 .rel.iplt      0x0005a49c        0x0 c:/program files (x86)/gnu tools arm embedded/7 2018-q2-update/bin/../lib/gcc/arm-none-eabi/7.3.1/thumb/v7e-m/fpv4-sp/hard/crtbegin.o

.data           0x20002178      0x680 load address 0x0005a49c
                0x20002178                __data_start__ = .
 *(vtable)
 *(.data*)
 .data          0x20002178       0x78 C:\Users\a8cheung\AppData\Local\Temp\ccPGYFVX.ltrans0.ltrans.o
 .data          0x200021f0        0xc C:\Users\a8cheung\AppData\Local\Temp\ccPGYFVX.ltrans1.ltrans.o
                0x200021f0                SystemCoreClock
                0x200021f4                m_pwm.lto_priv.371
 .data          0x200021fc        0xb C:\Users\a8cheung\AppData\Local\Temp\ccPGYFVX.ltrans2.ltrans.o
                0x200021fc                m_flag_link_secure_pending_busy.lto_priv.402
                0x200021fd                m_flag_link_secure_null_params.lto_priv.405
                0x200021fe                m_flag_link_secure_force_repairing.lto_priv.404
                0x200021ff                m_flag_link_secure_pending_flash_full.lto_priv.403
                0x20002200                m_flag_sec_proc_new_peer.lto_priv.400
                0x20002201                m_flag_allow_repairing.lto_priv.401
                0x20002202                m_flag_params_reply_pending_flash_full.lto_priv.407
                0x20002203                m_flag_params_reply_pending_busy.lto_priv.406
                0x20002204                m_flag_sec_proc_pairing.lto_priv.398
                0x20002205                m_flag_sec_proc_bonding.lto_priv.399
                0x20002206                m_flag_sec_proc.lto_priv.397
 *fill*         0x20002207        0x1 
 .data          0x20002208       0x3e C:\Users\a8cheung\AppData\Local\Temp\ccPGYFVX.ltrans3.ltrans.o
                0x20002208                m_opus_bitrate.lto_priv.593
                0x2000220c                m_opus_vbr.lto_priv.592
 *fill*         0x20002246        0x2 
 .data._impure_ptr
                0x20002248        0x4 c:/program files (x86)/gnu tools arm embedded/7 2018-q2-update/bin/../lib/gcc/arm-none-eabi/7.3.1/../../../../arm-none-eabi/lib/thumb/v7e-m/fpv4-sp/hard\libc.a(lib_a-impure.o)
                0x20002248                _impure_ptr
 *fill*         0x2000224c        0x4 
 .data.impure_data
                0x20002250      0x428 c:/program files (x86)/gnu tools arm embedded/7 2018-q2-update/bin/../lib/gcc/arm-none-eabi/7.3.1/../../../../arm-none-eabi/lib/thumb/v7e-m/fpv4-sp/hard\libc.a(lib_a-impure.o)
 .data.__global_locale
                0x20002678      0x16c c:/program files (x86)/gnu tools arm embedded/7 2018-q2-update/bin/../lib/gcc/arm-none-eabi/7.3.1/../../../../arm-none-eabi/lib/thumb/v7e-m/fpv4-sp/hard\libc.a(lib_a-locale.o)
                0x20002678                __global_locale
 .data.__atexit_recursive_mutex
                0x200027e4        0x4 c:/program files (x86)/gnu tools arm embedded/7 2018-q2-update/bin/../lib/gcc/arm-none-eabi/7.3.1/../../../../arm-none-eabi/lib/thumb/v7e-m/fpv4-sp/hard\libc.a(lib_a-__call_atexit.o)
                0x200027e4                __atexit_recursive_mutex
 .data.__fdlib_version
                0x200027e8        0x1 c:/program files (x86)/gnu tools arm embedded/7 2018-q2-update/bin/../lib/gcc/arm-none-eabi/7.3.1/../../../../arm-none-eabi/lib/thumb/v7e-m/fpv4-sp/hard\libm.a(lib_a-s_lib_ver.o)
                0x200027e8                __fdlib_version
                0x200027ec                . = ALIGN (0x4)
 *fill*         0x200027e9        0x3 
                0x200027ec                PROVIDE (__preinit_array_start = .)
 *(.preinit_array)
                0x200027ec                PROVIDE (__preinit_array_end = .)
                0x200027ec                . = ALIGN (0x4)
                0x200027ec                PROVIDE (__init_array_start = .)
 *(SORT_BY_NAME(.init_array.*))
 .init_array.00000
                0x200027ec        0x4 c:/program files (x86)/gnu tools arm embedded/7 2018-q2-update/bin/../lib/gcc/arm-none-eabi/7.3.1/../../../../arm-none-eabi/lib/thumb/v7e-m/fpv4-sp/hard\libc.a(lib_a-__call_atexit.o)
 *(.init_array)
 .init_array    0x200027f0        0x4 c:/program files (x86)/gnu tools arm embedded/7 2018-q2-update/bin/../lib/gcc/arm-none-eabi/7.3.1/thumb/v7e-m/fpv4-sp/hard/crtbegin.o
                0x200027f4                PROVIDE (__init_array_end = .)
                0x200027f4                . = ALIGN (0x4)
                0x200027f4                PROVIDE (__fini_array_start = .)
 *(SORT_BY_NAME(.fini_array.*))
 *(.fini_array)
 .fini_array    0x200027f4        0x4 c:/program files (x86)/gnu tools arm embedded/7 2018-q2-update/bin/../lib/gcc/arm-none-eabi/7.3.1/thumb/v7e-m/fpv4-sp/hard/crtbegin.o
                0x200027f8                PROVIDE (__fini_array_end = .)
 *(.jcr*)
                0x200027f8                . = ALIGN (0x4)
                0x200027f8                __data_end__ = .
LOAD c:/program files (x86)/gnu tools arm embedded/7 2018-q2-update/bin/../lib/gcc/arm-none-eabi/7.3.1/thumb/v7e-m/fpv4-sp/hard/crti.o
LOAD c:/program files (x86)/gnu tools arm embedded/7 2018-q2-update/bin/../lib/gcc/arm-none-eabi/7.3.1/thumb/v7e-m/fpv4-sp/hard/crtbegin.o
LOAD c:/program files (x86)/gnu tools arm embedded/7 2018-q2-update/bin/../lib/gcc/arm-none-eabi/7.3.1/../../../../arm-none-eabi/lib/thumb/v7e-m/fpv4-sp/hard/crt0.o
LOAD C:\Users\a8cheung\AppData\Local\Temp\ccPGYFVX.ltrans0.ltrans.o
LOAD C:\Users\a8cheung\AppData\Local\Temp\ccPGYFVX.ltrans1.ltrans.o
LOAD C:\Users\a8cheung\AppData\Local\Temp\ccPGYFVX.ltrans2.ltrans.o
LOAD C:\Users\a8cheung\AppData\Local\Temp\ccPGYFVX.ltrans3.ltrans.o
LOAD C:\Users\a8cheung\AppData\Local\Temp\ccPGYFVX.ltrans4.ltrans.o
LOAD _build/PCA63519-SR3_nRF52832_Shield/JLINK_MONITOR_ISR_SES.s.o.o
LOAD _build/PCA63519-SR3_nRF52832_Shield/gcc_startup_nrf52.S.o
LOAD _build/PCA63519-SR3_nRF52832_Shield/stack_profiler_gcc.s.o.o
LOAD _build/PCA63519-SR3_nRF52832_Shield/celt_pitch_xcorr_arm_gcc.s.o.o
LOAD _build/PCA63519-SR3_nRF52832_Shield/task_manager_core_armgcc.S.o
LOAD ../../../../../../external/nrf_cc310/lib/libcc310_gcc_0.9.0.a
LOAD ../../../Source/Libraries/vocal_anr_gcc.a
LOAD ../../../../../../external/micro-ecc/nrf52hf_armgcc/armgcc/micro_ecc_lib_nrf52.a
LOAD ../../../../../../components/nfc/t2t_lib/nfc_t2t_lib_gcc.a
LOAD c:/program files (x86)/gnu tools arm embedded/7 2018-q2-update/bin/../lib/gcc/arm-none-eabi/7.3.1/../../../../arm-none-eabi/lib/thumb/v7e-m/fpv4-sp/hard\libc.a
LOAD c:/program files (x86)/gnu tools arm embedded/7 2018-q2-update/bin/../lib/gcc/arm-none-eabi/7.3.1/../../../../arm-none-eabi/lib/thumb/v7e-m/fpv4-sp/hard\libnosys.a
LOAD c:/program files (x86)/gnu tools arm embedded/7 2018-q2-update/bin/../lib/gcc/arm-none-eabi/7.3.1/../../../../arm-none-eabi/lib/thumb/v7e-m/fpv4-sp/hard\libm.a
START GROUP
LOAD c:/program files (x86)/gnu tools arm embedded/7 2018-q2-update/bin/../lib/gcc/arm-none-eabi/7.3.1/thumb/v7e-m/fpv4-sp/hard\libgcc.a
LOAD c:/program files (x86)/gnu tools arm embedded/7 2018-q2-update/bin/../lib/gcc/arm-none-eabi/7.3.1/../../../../arm-none-eabi/lib/thumb/v7e-m/fpv4-sp/hard\libg.a
LOAD c:/program files (x86)/gnu tools arm embedded/7 2018-q2-update/bin/../lib/gcc/arm-none-eabi/7.3.1/../../../../arm-none-eabi/lib/thumb/v7e-m/fpv4-sp/hard\libc.a
END GROUP
LOAD c:/program files (x86)/gnu tools arm embedded/7 2018-q2-update/bin/../lib/gcc/arm-none-eabi/7.3.1/thumb/v7e-m/fpv4-sp/hard/crtend.o
LOAD c:/program files (x86)/gnu tools arm embedded/7 2018-q2-update/bin/../lib/gcc/arm-none-eabi/7.3.1/thumb/v7e-m/fpv4-sp/hard/crtn.o
START GROUP
LOAD c:/program files (x86)/gnu tools arm embedded/7 2018-q2-update/bin/../lib/gcc/arm-none-eabi/7.3.1/thumb/v7e-m/fpv4-sp/hard\libgcc.a
LOAD c:/program files (x86)/gnu tools arm embedded/7 2018-q2-update/bin/../lib/gcc/arm-none-eabi/7.3.1/../../../../arm-none-eabi/lib/thumb/v7e-m/fpv4-sp/hard\libc.a
LOAD c:/program files (x86)/gnu tools arm embedded/7 2018-q2-update/bin/../lib/gcc/arm-none-eabi/7.3.1/../../../../arm-none-eabi/lib/thumb/v7e-m/fpv4-sp/hard\libnosys.a
END GROUP

.igot.plt       0x200027f8        0x0 load address 0x0005ab1c
 .igot.plt      0x200027f8        0x0 c:/program files (x86)/gnu tools arm embedded/7 2018-q2-update/bin/../lib/gcc/arm-none-eabi/7.3.1/thumb/v7e-m/fpv4-sp/hard/crtbegin.o
                0x200027f8                . = ALIGN (0x4)

.mem_section_dummy_ram

.cli_sorted_cmd_ptrs
                0x200027f8       0x2c load address 0x0005ab1c
                0x200027f8                PROVIDE (__start_cli_sorted_cmd_ptrs = .)
 *(.cli_sorted_cmd_ptrs)
 .cli_sorted_cmd_ptrs
                0x200027f8       0x2c C:\Users\a8cheung\AppData\Local\Temp\ccPGYFVX.ltrans0.ltrans.o
                0x200027f8                audio_str_ptr
                0x200027fc                ble_str_ptr
                0x20002800                log_str_ptr
                0x20002804                mpu_str_ptr
                0x20002808                clear_str_ptr
                0x2000280c                colors_str_ptr
                0x20002810                echo_str_ptr
                0x20002814                history_str_ptr
                0x20002818                resize_str_ptr
                0x2000281c                cli_stats_str_ptr
                0x20002820                task_manager_str_ptr
                [!provide]                PROVIDE (__stop_cli_sorted_cmd_ptrs = .)

.log_dynamic_data
                0x20002824      0x288 load address 0x0005ab48
                0x20002824                PROVIDE (__start_log_dynamic_data = .)
 *(SORT_BY_NAME(.log_dynamic_data*))
 .log_dynamic_data_app
                0x20002824        0xc C:\Users\a8cheung\AppData\Local\Temp\ccPGYFVX.ltrans0.ltrans.o
                0x20002824                m_nrf_log_app_logs_data_dynamic
 .log_dynamic_data_app_error
                0x20002830        0xc C:\Users\a8cheung\AppData\Local\Temp\ccPGYFVX.ltrans2.ltrans.o
                0x20002830                m_nrf_log_app_error_logs_data_dynamic
 .log_dynamic_data_balloc
                0x2000283c        0xc C:\Users\a8cheung\AppData\Local\Temp\ccPGYFVX.ltrans4.ltrans.o
                0x2000283c                m_nrf_log_balloc_logs_data_dynamic
 .log_dynamic_data_ble_gatt
                0x20002848        0xc C:\Users\a8cheung\AppData\Local\Temp\ccPGYFVX.ltrans3.ltrans.o
                0x20002848                m_nrf_log_ble_gatt_logs_data_dynamic
 .log_dynamic_data_cli_ble
                0x20002854        0xc C:\Users\a8cheung\AppData\Local\Temp\ccPGYFVX.ltrans0.ltrans.o
                0x20002854                m_nrf_log_cli_ble_logs_data_dynamic
 .log_dynamic_data_clock
                0x20002860        0xc C:\Users\a8cheung\AppData\Local\Temp\ccPGYFVX.ltrans0.ltrans.o
                0x20002860                m_nrf_log_clock_logs_data_dynamic
 .log_dynamic_data_drv_acc
                0x2000286c        0xc C:\Users\a8cheung\AppData\Local\Temp\ccPGYFVX.ltrans0.ltrans.o
                0x2000286c                m_nrf_log_drv_acc_logs_data_dynamic
 .log_dynamic_data_drv_audio_codec
                0x20002878        0xc C:\Users\a8cheung\AppData\Local\Temp\ccPGYFVX.ltrans0.ltrans.o
                0x20002878                m_nrf_log_drv_audio_codec_logs_data_dynamic
 .log_dynamic_data_drv_audio_pdm
                0x20002884        0xc C:\Users\a8cheung\AppData\Local\Temp\ccPGYFVX.ltrans0.ltrans.o
                0x20002884                m_nrf_log_drv_audio_pdm_logs_data_dynamic
 .log_dynamic_data_drv_ir_sirc
                0x20002890        0xc C:\Users\a8cheung\AppData\Local\Temp\ccPGYFVX.ltrans0.ltrans.o
                0x20002890                m_nrf_log_drv_ir_sirc_logs_data_dynamic
 .log_dynamic_data_drv_keyboard
                0x2000289c        0xc C:\Users\a8cheung\AppData\Local\Temp\ccPGYFVX.ltrans0.ltrans.o
                0x2000289c                m_nrf_log_drv_keyboard_logs_data_dynamic
 .log_dynamic_data_drv_leds
                0x200028a8        0xc C:\Users\a8cheung\AppData\Local\Temp\ccPGYFVX.ltrans0.ltrans.o
                0x200028a8                m_nrf_log_drv_leds_logs_data_dynamic
 .log_dynamic_data_drv_touchpad
                0x200028b4        0xc C:\Users\a8cheung\AppData\Local\Temp\ccPGYFVX.ltrans0.ltrans.o
                0x200028b4                m_nrf_log_drv_touchpad_logs_data_dynamic
 .log_dynamic_data_event_bus
                0x200028c0        0xc C:\Users\a8cheung\AppData\Local\Temp\ccPGYFVX.ltrans0.ltrans.o
                0x200028c0                m_nrf_log_event_bus_logs_data_dynamic
 .log_dynamic_data_gpiote
                0x200028cc        0xc C:\Users\a8cheung\AppData\Local\Temp\ccPGYFVX.ltrans0.ltrans.o
                0x200028cc                m_nrf_log_gpiote_logs_data_dynamic
 .log_dynamic_data_hal_nfc
                0x200028d8        0xc C:\Users\a8cheung\AppData\Local\Temp\ccPGYFVX.ltrans0.ltrans.o
                0x200028d8                m_nrf_log_hal_nfc_logs_data_dynamic
 .log_dynamic_data_hardfault
                0x200028e4        0xc C:\Users\a8cheung\AppData\Local\Temp\ccPGYFVX.ltrans0.ltrans.o
                0x200028e4                m_nrf_log_hardfault_logs_data_dynamic
 .log_dynamic_data_key_combo_util
                0x200028f0        0xc C:\Users\a8cheung\AppData\Local\Temp\ccPGYFVX.ltrans2.ltrans.o
                0x200028f0                m_nrf_log_key_combo_util_logs_data_dynamic
 .log_dynamic_data_m_acc
                0x200028fc        0xc C:\Users\a8cheung\AppData\Local\Temp\ccPGYFVX.ltrans0.ltrans.o
                0x200028fc                m_nrf_log_m_acc_logs_data_dynamic
 .log_dynamic_data_m_audio
                0x20002908        0xc C:\Users\a8cheung\AppData\Local\Temp\ccPGYFVX.ltrans3.ltrans.o
                0x20002908                m_nrf_log_m_audio_logs_data_dynamic
 .log_dynamic_data_m_audio_frame
                0x20002914        0xc C:\Users\a8cheung\AppData\Local\Temp\ccPGYFVX.ltrans0.ltrans.o
                0x20002914                m_nrf_log_m_audio_frame_logs_data_dynamic
 .log_dynamic_data_m_audio_gauges
                0x20002920        0xc C:\Users\a8cheung\AppData\Local\Temp\ccPGYFVX.ltrans0.ltrans.o
                0x20002920                m_nrf_log_m_audio_gauges_logs_data_dynamic
 .log_dynamic_data_m_batt_meas
                0x2000292c        0xc C:\Users\a8cheung\AppData\Local\Temp\ccPGYFVX.ltrans0.ltrans.o
                0x2000292c                m_nrf_log_m_batt_meas_logs_data_dynamic
 .log_dynamic_data_m_coms
                0x20002938        0xc C:\Users\a8cheung\AppData\Local\Temp\ccPGYFVX.ltrans0.ltrans.o
                0x20002938                m_nrf_log_m_coms_logs_data_dynamic
 .log_dynamic_data_m_coms_ble
                0x20002944        0xc C:\Users\a8cheung\AppData\Local\Temp\ccPGYFVX.ltrans3.ltrans.o
                0x20002944                m_nrf_log_m_coms_ble_logs_data_dynamic
 .log_dynamic_data_m_coms_ble_addr
                0x20002950        0xc C:\Users\a8cheung\AppData\Local\Temp\ccPGYFVX.ltrans0.ltrans.o
                0x20002950                m_nrf_log_m_coms_ble_addr_logs_data_dynamic
 .log_dynamic_data_m_coms_ble_adv
                0x2000295c        0xc C:\Users\a8cheung\AppData\Local\Temp\ccPGYFVX.ltrans0.ltrans.o
                0x2000295c                m_nrf_log_m_coms_ble_adv_logs_data_dynamic
 .log_dynamic_data_m_coms_ble_dfu
                0x20002968        0xc C:\Users\a8cheung\AppData\Local\Temp\ccPGYFVX.ltrans3.ltrans.o
                0x20002968                m_nrf_log_m_coms_ble_dfu_logs_data_dynamic
 .log_dynamic_data_m_coms_ble_hid
                0x20002974        0xc C:\Users\a8cheung\AppData\Local\Temp\ccPGYFVX.ltrans1.ltrans.o
                0x20002974                m_nrf_log_m_coms_ble_hid_logs_data_dynamic
 .log_dynamic_data_m_coms_ble_lesc
                0x20002980        0xc C:\Users\a8cheung\AppData\Local\Temp\ccPGYFVX.ltrans3.ltrans.o